<?xml version="1.0" encoding="ISO-8859-1" ?>
<link_info>
   <banner>TI ARM Linker PC v20.2.1.LTS</banner>
   <copyright>Copyright (c) 1996-2018 Texas Instruments Incorporated</copyright>
   <link_time>0x6165cbfb</link_time>
   <link_errors>0x0</link_errors>
   <output_file>MIX Controller.out</output_file>
   <entry_point>
      <name>_c_int00_noargs</name>
      <address>0x8569</address>
   </entry_point>
   <input_file_list>
      <input_file id="fl-2">
         <path>.\</path>
         <kind>object</kind>
         <file>main.obj</file>
         <name>main.obj</name>
      </input_file>
      <input_file id="fl-3">
         <path>.\</path>
         <kind>object</kind>
         <file>tm4c123gh6pm_startup_ccs.obj</file>
         <name>tm4c123gh6pm_startup_ccs.obj</name>
      </input_file>
      <input_file id="fl-4">
         <path>.\APP\Sys_Manager\</path>
         <kind>object</kind>
         <file>Sys_Manager.obj</file>
         <name>Sys_Manager.obj</name>
      </input_file>
      <input_file id="fl-5">
         <path>.\APP\schedule\</path>
         <kind>object</kind>
         <file>Schedule.obj</file>
         <name>Schedule.obj</name>
      </input_file>
      <input_file id="fl-6">
         <path>.\HAL\Flow_Sensor\</path>
         <kind>object</kind>
         <file>Flow_Sensor.obj</file>
         <name>Flow_Sensor.obj</name>
      </input_file>
      <input_file id="fl-7">
         <path>.\HAL\ON_OFF_Valves\</path>
         <kind>object</kind>
         <file>ON_OFF_Valves.obj</file>
         <name>ON_OFF_Valves.obj</name>
      </input_file>
      <input_file id="fl-8">
         <path>.\HAL\Oxygen_Sensor\</path>
         <kind>object</kind>
         <file>Oxygen_Sensor.obj</file>
         <name>Oxygen_Sensor.obj</name>
      </input_file>
      <input_file id="fl-9">
         <path>.\HAL\Pressure_Sensor\</path>
         <kind>object</kind>
         <file>Pressure_Sensor.obj</file>
         <name>Pressure_Sensor.obj</name>
      </input_file>
      <input_file id="fl-a">
         <path>.\MCAL\ADC\</path>
         <kind>object</kind>
         <file>ADC_Manager.obj</file>
         <name>ADC_Manager.obj</name>
      </input_file>
      <input_file id="fl-b">
         <path>.\MCAL\I2C\</path>
         <kind>object</kind>
         <file>I2C_Manage.obj</file>
         <name>I2C_Manage.obj</name>
      </input_file>
      <input_file id="fl-c">
         <path>.\MCAL\PWM\</path>
         <kind>object</kind>
         <file>PWM.obj</file>
         <name>PWM.obj</name>
      </input_file>
      <input_file id="fl-d">
         <path>.\MCAL\Pins\</path>
         <kind>object</kind>
         <file>Pins.obj</file>
         <name>Pins.obj</name>
      </input_file>
      <input_file id="fl-e">
         <path>.\MCAL\Timer\</path>
         <kind>object</kind>
         <file>Timer_Manage.obj</file>
         <name>Timer_Manage.obj</name>
      </input_file>
      <input_file id="fl-f">
         <path>.\MCAL\UART\</path>
         <kind>object</kind>
         <file>UART_Manager.obj</file>
         <name>UART_Manager.obj</name>
      </input_file>
      <input_file id="fl-10">
         <path>.\MCAL\driverlib\</path>
         <kind>object</kind>
         <file>adc.obj</file>
         <name>adc.obj</name>
      </input_file>
      <input_file id="fl-11">
         <path>.\MCAL\driverlib\</path>
         <kind>object</kind>
         <file>aes.obj</file>
         <name>aes.obj</name>
      </input_file>
      <input_file id="fl-12">
         <path>.\MCAL\driverlib\</path>
         <kind>object</kind>
         <file>can.obj</file>
         <name>can.obj</name>
      </input_file>
      <input_file id="fl-13">
         <path>.\MCAL\driverlib\</path>
         <kind>object</kind>
         <file>comp.obj</file>
         <name>comp.obj</name>
      </input_file>
      <input_file id="fl-14">
         <path>.\MCAL\driverlib\</path>
         <kind>object</kind>
         <file>cpu.obj</file>
         <name>cpu.obj</name>
      </input_file>
      <input_file id="fl-15">
         <path>.\MCAL\driverlib\</path>
         <kind>object</kind>
         <file>crc.obj</file>
         <name>crc.obj</name>
      </input_file>
      <input_file id="fl-16">
         <path>.\MCAL\driverlib\</path>
         <kind>object</kind>
         <file>des.obj</file>
         <name>des.obj</name>
      </input_file>
      <input_file id="fl-17">
         <path>.\MCAL\driverlib\</path>
         <kind>object</kind>
         <file>eeprom.obj</file>
         <name>eeprom.obj</name>
      </input_file>
      <input_file id="fl-18">
         <path>.\MCAL\driverlib\</path>
         <kind>object</kind>
         <file>emac.obj</file>
         <name>emac.obj</name>
      </input_file>
      <input_file id="fl-19">
         <path>.\MCAL\driverlib\</path>
         <kind>object</kind>
         <file>epi.obj</file>
         <name>epi.obj</name>
      </input_file>
      <input_file id="fl-1a">
         <path>.\MCAL\driverlib\</path>
         <kind>object</kind>
         <file>epi_workaround_ccs.obj</file>
         <name>epi_workaround_ccs.obj</name>
      </input_file>
      <input_file id="fl-1b">
         <path>.\MCAL\driverlib\</path>
         <kind>object</kind>
         <file>flash.obj</file>
         <name>flash.obj</name>
      </input_file>
      <input_file id="fl-1c">
         <path>.\MCAL\driverlib\</path>
         <kind>object</kind>
         <file>fpu.obj</file>
         <name>fpu.obj</name>
      </input_file>
      <input_file id="fl-1d">
         <path>.\MCAL\driverlib\</path>
         <kind>object</kind>
         <file>gpio.obj</file>
         <name>gpio.obj</name>
      </input_file>
      <input_file id="fl-1e">
         <path>.\MCAL\driverlib\</path>
         <kind>object</kind>
         <file>hibernate.obj</file>
         <name>hibernate.obj</name>
      </input_file>
      <input_file id="fl-1f">
         <path>.\MCAL\driverlib\</path>
         <kind>object</kind>
         <file>i2c.obj</file>
         <name>i2c.obj</name>
      </input_file>
      <input_file id="fl-20">
         <path>.\MCAL\driverlib\</path>
         <kind>object</kind>
         <file>interrupt.obj</file>
         <name>interrupt.obj</name>
      </input_file>
      <input_file id="fl-21">
         <path>.\MCAL\driverlib\</path>
         <kind>object</kind>
         <file>lcd.obj</file>
         <name>lcd.obj</name>
      </input_file>
      <input_file id="fl-22">
         <path>.\MCAL\driverlib\</path>
         <kind>object</kind>
         <file>mpu.obj</file>
         <name>mpu.obj</name>
      </input_file>
      <input_file id="fl-23">
         <path>.\MCAL\driverlib\</path>
         <kind>object</kind>
         <file>onewire.obj</file>
         <name>onewire.obj</name>
      </input_file>
      <input_file id="fl-24">
         <path>.\MCAL\driverlib\</path>
         <kind>object</kind>
         <file>pwm.obj</file>
         <name>pwm.obj</name>
      </input_file>
      <input_file id="fl-25">
         <path>.\MCAL\driverlib\</path>
         <kind>object</kind>
         <file>qei.obj</file>
         <name>qei.obj</name>
      </input_file>
      <input_file id="fl-26">
         <path>.\MCAL\driverlib\</path>
         <kind>object</kind>
         <file>shamd5.obj</file>
         <name>shamd5.obj</name>
      </input_file>
      <input_file id="fl-27">
         <path>.\MCAL\driverlib\</path>
         <kind>object</kind>
         <file>ssi.obj</file>
         <name>ssi.obj</name>
      </input_file>
      <input_file id="fl-28">
         <path>.\MCAL\driverlib\</path>
         <kind>object</kind>
         <file>sw_crc.obj</file>
         <name>sw_crc.obj</name>
      </input_file>
      <input_file id="fl-29">
         <path>.\MCAL\driverlib\</path>
         <kind>object</kind>
         <file>sysctl.obj</file>
         <name>sysctl.obj</name>
      </input_file>
      <input_file id="fl-2a">
         <path>.\MCAL\driverlib\</path>
         <kind>object</kind>
         <file>sysexc.obj</file>
         <name>sysexc.obj</name>
      </input_file>
      <input_file id="fl-2b">
         <path>.\MCAL\driverlib\</path>
         <kind>object</kind>
         <file>systick.obj</file>
         <name>systick.obj</name>
      </input_file>
      <input_file id="fl-2c">
         <path>.\MCAL\driverlib\</path>
         <kind>object</kind>
         <file>timer.obj</file>
         <name>timer.obj</name>
      </input_file>
      <input_file id="fl-2d">
         <path>.\MCAL\driverlib\</path>
         <kind>object</kind>
         <file>uart.obj</file>
         <name>uart.obj</name>
      </input_file>
      <input_file id="fl-2e">
         <path>.\MCAL\driverlib\</path>
         <kind>object</kind>
         <file>udma.obj</file>
         <name>udma.obj</name>
      </input_file>
      <input_file id="fl-2f">
         <path>.\MCAL\driverlib\</path>
         <kind>object</kind>
         <file>usb.obj</file>
         <name>usb.obj</name>
      </input_file>
      <input_file id="fl-30">
         <path>.\MCAL\driverlib\</path>
         <kind>object</kind>
         <file>watchdog.obj</file>
         <name>watchdog.obj</name>
      </input_file>
      <input_file id="fl-31">
         <path>.\OS\FreeRTOS\Source\</path>
         <kind>object</kind>
         <file>croutine.obj</file>
         <name>croutine.obj</name>
      </input_file>
      <input_file id="fl-32">
         <path>.\OS\FreeRTOS\Source\</path>
         <kind>object</kind>
         <file>event_groups.obj</file>
         <name>event_groups.obj</name>
      </input_file>
      <input_file id="fl-33">
         <path>.\OS\FreeRTOS\Source\</path>
         <kind>object</kind>
         <file>list.obj</file>
         <name>list.obj</name>
      </input_file>
      <input_file id="fl-34">
         <path>.\OS\FreeRTOS\Source\</path>
         <kind>object</kind>
         <file>queue.obj</file>
         <name>queue.obj</name>
      </input_file>
      <input_file id="fl-35">
         <path>.\OS\FreeRTOS\Source\</path>
         <kind>object</kind>
         <file>tasks.obj</file>
         <name>tasks.obj</name>
      </input_file>
      <input_file id="fl-36">
         <path>.\OS\FreeRTOS\Source\</path>
         <kind>object</kind>
         <file>timers.obj</file>
         <name>timers.obj</name>
      </input_file>
      <input_file id="fl-37">
         <path>.\OS\FreeRTOS\Source\portable\CCS\ARM_CM4F\</path>
         <kind>object</kind>
         <file>port.obj</file>
         <name>port.obj</name>
      </input_file>
      <input_file id="fl-38">
         <path>.\OS\FreeRTOS\Source\portable\CCS\ARM_CM4F\</path>
         <kind>object</kind>
         <file>portasm.obj</file>
         <name>portasm.obj</name>
      </input_file>
      <input_file id="fl-39">
         <path>.\OS\FreeRTOS\Source\portable\MemMang\</path>
         <kind>object</kind>
         <file>heap_2.obj</file>
         <name>heap_2.obj</name>
      </input_file>
      <input_file id="fl-3a">
         <path>.\OS\</path>
         <kind>object</kind>
         <file>startup_ccs.obj</file>
         <name>startup_ccs.obj</name>
      </input_file>
      <input_file id="fl-3e">
         <kind>object</kind>
         <file>&lt;internal&gt;</file>
         <name>&lt;internal&gt;</name>
      </input_file>
      <input_file id="fl-f4">
         <path>C:\ti\ccs1011\ccs\tools\compiler\ti-cgt-arm_20.2.1.LTS\lib\</path>
         <kind>archive</kind>
         <file>rtsv7M4_T_le_v4SPD16_eabi.lib</file>
         <name>sprintf.c.obj</name>
      </input_file>
      <input_file id="fl-f5">
         <path>C:\ti\ccs1011\ccs\tools\compiler\ti-cgt-arm_20.2.1.LTS\lib\</path>
         <kind>archive</kind>
         <file>rtsv7M4_T_le_v4SPD16_eabi.lib</file>
         <name>memset_t2.asm.obj</name>
      </input_file>
      <input_file id="fl-f6">
         <path>C:\ti\ccs1011\ccs\tools\compiler\ti-cgt-arm_20.2.1.LTS\lib\</path>
         <kind>archive</kind>
         <file>rtsv7M4_T_le_v4SPD16_eabi.lib</file>
         <name>memcpy_t2.asm.obj</name>
      </input_file>
      <input_file id="fl-f7">
         <path>C:\ti\ccs1011\ccs\tools\compiler\ti-cgt-arm_20.2.1.LTS\lib\</path>
         <kind>archive</kind>
         <file>rtsv7M4_T_le_v4SPD16_eabi.lib</file>
         <name>copy_zero_init.c.obj</name>
      </input_file>
      <input_file id="fl-f8">
         <path>C:\ti\ccs1011\ccs\tools\compiler\ti-cgt-arm_20.2.1.LTS\lib\</path>
         <kind>archive</kind>
         <file>rtsv7M4_T_le_v4SPD16_eabi.lib</file>
         <name>copy_decompress_none.c.obj</name>
      </input_file>
      <input_file id="fl-f9">
         <path>C:\ti\ccs1011\ccs\tools\compiler\ti-cgt-arm_20.2.1.LTS\lib\</path>
         <kind>archive</kind>
         <file>rtsv7M4_T_le_v4SPD16_eabi.lib</file>
         <name>copy_decompress_lzss.c.obj</name>
      </input_file>
      <input_file id="fl-fa">
         <path>C:\ti\ccs1011\ccs\tools\compiler\ti-cgt-arm_20.2.1.LTS\lib\</path>
         <kind>archive</kind>
         <file>rtsv7M4_T_le_v4SPD16_eabi.lib</file>
         <name>boot_cortex_m.c.obj</name>
      </input_file>
      <input_file id="fl-fb">
         <path>C:\ti\ccs1011\ccs\tools\compiler\ti-cgt-arm_20.2.1.LTS\lib\</path>
         <kind>archive</kind>
         <file>rtsv7M4_T_le_v4SPD16_eabi.lib</file>
         <name>_printfi.c.obj</name>
      </input_file>
      <input_file id="fl-fc">
         <path>C:\ti\ccs1011\ccs\tools\compiler\ti-cgt-arm_20.2.1.LTS\lib\</path>
         <kind>archive</kind>
         <file>rtsv7M4_T_le_v4SPD16_eabi.lib</file>
         <name>fd_add_t2.asm.obj</name>
      </input_file>
      <input_file id="fl-fd">
         <path>C:\ti\ccs1011\ccs\tools\compiler\ti-cgt-arm_20.2.1.LTS\lib\</path>
         <kind>archive</kind>
         <file>rtsv7M4_T_le_v4SPD16_eabi.lib</file>
         <name>fd_cmp_t2.asm.obj</name>
      </input_file>
      <input_file id="fl-fe">
         <path>C:\ti\ccs1011\ccs\tools\compiler\ti-cgt-arm_20.2.1.LTS\lib\</path>
         <kind>archive</kind>
         <file>rtsv7M4_T_le_v4SPD16_eabi.lib</file>
         <name>fd_div_t2.asm.obj</name>
      </input_file>
      <input_file id="fl-ff">
         <path>C:\ti\ccs1011\ccs\tools\compiler\ti-cgt-arm_20.2.1.LTS\lib\</path>
         <kind>archive</kind>
         <file>rtsv7M4_T_le_v4SPD16_eabi.lib</file>
         <name>fd_mul_t2.asm.obj</name>
      </input_file>
      <input_file id="fl-100">
         <path>C:\ti\ccs1011\ccs\tools\compiler\ti-cgt-arm_20.2.1.LTS\lib\</path>
         <kind>archive</kind>
         <file>rtsv7M4_T_le_v4SPD16_eabi.lib</file>
         <name>fd_toi_t2.asm.obj</name>
      </input_file>
      <input_file id="fl-101">
         <path>C:\ti\ccs1011\ccs\tools\compiler\ti-cgt-arm_20.2.1.LTS\lib\</path>
         <kind>archive</kind>
         <file>rtsv7M4_T_le_v4SPD16_eabi.lib</file>
         <name>i_tofd_t2.asm.obj</name>
      </input_file>
      <input_file id="fl-102">
         <path>C:\ti\ccs1011\ccs\tools\compiler\ti-cgt-arm_20.2.1.LTS\lib\</path>
         <kind>archive</kind>
         <file>rtsv7M4_T_le_v4SPD16_eabi.lib</file>
         <name>ull_div_t2.asm.obj</name>
      </input_file>
      <input_file id="fl-103">
         <path>C:\ti\ccs1011\ccs\tools\compiler\ti-cgt-arm_20.2.1.LTS\lib\</path>
         <kind>archive</kind>
         <file>rtsv7M4_T_le_v4SPD16_eabi.lib</file>
         <name>autoinit.c.obj</name>
      </input_file>
      <input_file id="fl-104">
         <path>C:\ti\ccs1011\ccs\tools\compiler\ti-cgt-arm_20.2.1.LTS\lib\</path>
         <kind>archive</kind>
         <file>rtsv7M4_T_le_v4SPD16_eabi.lib</file>
         <name>pre_init.c.obj</name>
      </input_file>
      <input_file id="fl-105">
         <path>C:\ti\ccs1011\ccs\tools\compiler\ti-cgt-arm_20.2.1.LTS\lib\</path>
         <kind>archive</kind>
         <file>rtsv7M4_T_le_v4SPD16_eabi.lib</file>
         <name>cpy_tbl.c.obj</name>
      </input_file>
      <input_file id="fl-106">
         <path>C:\ti\ccs1011\ccs\tools\compiler\ti-cgt-arm_20.2.1.LTS\lib\</path>
         <kind>archive</kind>
         <file>rtsv7M4_T_le_v4SPD16_eabi.lib</file>
         <name>exit.c.obj</name>
      </input_file>
      <input_file id="fl-107">
         <path>C:\ti\ccs1011\ccs\tools\compiler\ti-cgt-arm_20.2.1.LTS\lib\</path>
         <kind>archive</kind>
         <file>rtsv7M4_T_le_v4SPD16_eabi.lib</file>
         <name>_lock.c.obj</name>
      </input_file>
      <input_file id="fl-108">
         <path>C:\ti\ccs1011\ccs\tools\compiler\ti-cgt-arm_20.2.1.LTS\lib\</path>
         <kind>archive</kind>
         <file>rtsv7M4_T_le_v4SPD16_eabi.lib</file>
         <name>_ltoa.c.obj</name>
      </input_file>
      <input_file id="fl-109">
         <path>C:\ti\ccs1011\ccs\tools\compiler\ti-cgt-arm_20.2.1.LTS\lib\</path>
         <kind>archive</kind>
         <file>rtsv7M4_T_le_v4SPD16_eabi.lib</file>
         <name>args_main.c.obj</name>
      </input_file>
      <input_file id="fl-10a">
         <path>C:\ti\ccs1011\ccs\tools\compiler\ti-cgt-arm_20.2.1.LTS\lib\</path>
         <kind>archive</kind>
         <file>rtsv7M4_T_le_v4SPD16_eabi.lib</file>
         <name>atoi.c.obj</name>
      </input_file>
      <input_file id="fl-10b">
         <path>C:\ti\ccs1011\ccs\tools\compiler\ti-cgt-arm_20.2.1.LTS\lib\</path>
         <kind>archive</kind>
         <file>rtsv7M4_T_le_v4SPD16_eabi.lib</file>
         <name>ctype.c.obj</name>
      </input_file>
      <input_file id="fl-10c">
         <path>C:\ti\ccs1011\ccs\tools\compiler\ti-cgt-arm_20.2.1.LTS\lib\</path>
         <kind>archive</kind>
         <file>rtsv7M4_T_le_v4SPD16_eabi.lib</file>
         <name>memccpy.c.obj</name>
      </input_file>
      <input_file id="fl-10d">
         <path>C:\ti\ccs1011\ccs\tools\compiler\ti-cgt-arm_20.2.1.LTS\lib\</path>
         <kind>archive</kind>
         <file>rtsv7M4_T_le_v4SPD16_eabi.lib</file>
         <name>strchr.c.obj</name>
      </input_file>
      <input_file id="fl-10e">
         <path>C:\ti\ccs1011\ccs\tools\compiler\ti-cgt-arm_20.2.1.LTS\lib\</path>
         <kind>archive</kind>
         <file>rtsv7M4_T_le_v4SPD16_eabi.lib</file>
         <name>strlen.c.obj</name>
      </input_file>
      <input_file id="fl-10f">
         <path>C:\ti\ccs1011\ccs\tools\compiler\ti-cgt-arm_20.2.1.LTS\lib\</path>
         <kind>archive</kind>
         <file>rtsv7M4_T_le_v4SPD16_eabi.lib</file>
         <name>errno.c.obj</name>
      </input_file>
      <input_file id="fl-110">
         <path>C:\ti\ccs1011\ccs\tools\compiler\ti-cgt-arm_20.2.1.LTS\lib\</path>
         <kind>archive</kind>
         <file>rtsv7M4_T_le_v4SPD16_eabi.lib</file>
         <name>s_frexp.c.obj</name>
      </input_file>
      <input_file id="fl-111">
         <path>C:\ti\ccs1011\ccs\tools\compiler\ti-cgt-arm_20.2.1.LTS\lib\</path>
         <kind>archive</kind>
         <file>rtsv7M4_T_le_v4SPD16_eabi.lib</file>
         <name>s_scalbn.c.obj</name>
      </input_file>
      <input_file id="fl-112">
         <path>C:\ti\ccs1011\ccs\tools\compiler\ti-cgt-arm_20.2.1.LTS\lib\</path>
         <kind>archive</kind>
         <file>rtsv7M4_T_le_v4SPD16_eabi.lib</file>
         <name>wcslen.c.obj</name>
      </input_file>
      <input_file id="fl-113">
         <path>C:\ti\ccs1011\ccs\tools\compiler\ti-cgt-arm_20.2.1.LTS\lib\</path>
         <kind>archive</kind>
         <file>rtsv7M4_T_le_v4SPD16_eabi.lib</file>
         <name>div0.asm.obj</name>
      </input_file>
      <input_file id="fl-114">
         <path>C:\ti\ccs1011\ccs\tools\compiler\ti-cgt-arm_20.2.1.LTS\lib\</path>
         <kind>archive</kind>
         <file>rtsv7M4_T_le_v4SPD16_eabi.lib</file>
         <name>s_copysign.c.obj</name>
      </input_file>
   </input_file_list>
   <object_component_list>
      <object_component id="oc-12">
         <name>.intvecs</name>
         <load_address>0x0</load_address>
         <run_address>0x0</run_address>
         <size>0x26c</size>
         <input_file_ref idref="fl-3"/>
      </object_component>
      <object_component id="oc-159">
         <name>.text</name>
         <load_address>0x26c</load_address>
         <run_address>0x26c</run_address>
         <size>0x1768</size>
         <input_file_ref idref="fl-35"/>
      </object_component>
      <object_component id="oc-14b">
         <name>.text</name>
         <load_address>0x19d4</load_address>
         <run_address>0x19d4</run_address>
         <size>0xf80</size>
         <input_file_ref idref="fl-29"/>
      </object_component>
      <object_component id="oc-151">
         <name>.text</name>
         <load_address>0x2954</load_address>
         <run_address>0x2954</run_address>
         <size>0xb94</size>
         <input_file_ref idref="fl-1d"/>
      </object_component>
      <object_component id="oc-194">
         <name>.text:__TI_printfi</name>
         <load_address>0x34e8</load_address>
         <run_address>0x34e8</run_address>
         <size>0xa4e</size>
         <input_file_ref idref="fl-fb"/>
      </object_component>
      <object_component id="oc-43f">
         <name>.text</name>
         <load_address>0x3f36</load_address>
         <run_address>0x3f36</run_address>
         <size>0x2</size>
         <input_file_ref idref="fl-113"/>
      </object_component>
      <object_component id="oc-250">
         <name>.text</name>
         <load_address>0x3f38</load_address>
         <run_address>0x3f38</run_address>
         <size>0x83a</size>
         <input_file_ref idref="fl-10"/>
      </object_component>
      <object_component id="oc-245">
         <name>.text</name>
         <load_address>0x4774</load_address>
         <run_address>0x4774</run_address>
         <size>0x6c8</size>
         <input_file_ref idref="fl-1f"/>
      </object_component>
      <object_component id="oc-237">
         <name>.text</name>
         <load_address>0x4e3c</load_address>
         <run_address>0x4e3c</run_address>
         <size>0x632</size>
         <input_file_ref idref="fl-2c"/>
      </object_component>
      <object_component id="oc-145">
         <name>.text</name>
         <load_address>0x5470</load_address>
         <run_address>0x5470</run_address>
         <size>0x62e</size>
         <input_file_ref idref="fl-2d"/>
      </object_component>
      <object_component id="oc-16b">
         <name>.text</name>
         <load_address>0x5aa0</load_address>
         <run_address>0x5aa0</run_address>
         <size>0x560</size>
         <input_file_ref idref="fl-b"/>
      </object_component>
      <object_component id="oc-1d8">
         <name>.text</name>
         <load_address>0x6000</load_address>
         <run_address>0x6000</run_address>
         <size>0x3c0</size>
         <input_file_ref idref="fl-20"/>
      </object_component>
      <object_component id="oc-295">
         <name>.text:_pconv_a</name>
         <load_address>0x63c0</load_address>
         <run_address>0x63c0</run_address>
         <size>0x270</size>
         <input_file_ref idref="fl-fb"/>
      </object_component>
      <object_component id="oc-d5">
         <name>.text</name>
         <load_address>0x6630</load_address>
         <run_address>0x6630</run_address>
         <size>0x21c</size>
         <input_file_ref idref="fl-6"/>
      </object_component>
      <object_component id="oc-db">
         <name>.text</name>
         <load_address>0x684c</load_address>
         <run_address>0x684c</run_address>
         <size>0x1f0</size>
         <input_file_ref idref="fl-8"/>
      </object_component>
      <object_component id="oc-283">
         <name>.text:_pconv_g</name>
         <load_address>0x6a3c</load_address>
         <run_address>0x6a3c</run_address>
         <size>0x1d0</size>
         <input_file_ref idref="fl-fb"/>
      </object_component>
      <object_component id="oc-224">
         <name>.text</name>
         <load_address>0x6c0c</load_address>
         <run_address>0x6c0c</run_address>
         <size>0x1b8</size>
         <input_file_ref idref="fl-39"/>
      </object_component>
      <object_component id="oc-395">
         <name>.text</name>
         <load_address>0x6dc4</load_address>
         <run_address>0x6dc4</run_address>
         <size>0x1b6</size>
         <input_file_ref idref="fl-fc"/>
      </object_component>
      <object_component id="oc-9b">
         <name>.text</name>
         <load_address>0x6f7c</load_address>
         <run_address>0x6f7c</run_address>
         <size>0x140</size>
         <input_file_ref idref="fl-2"/>
      </object_component>
      <object_component id="oc-28f">
         <name>.text:_pconv_e</name>
         <load_address>0x70bc</load_address>
         <run_address>0x70bc</run_address>
         <size>0x13c</size>
         <input_file_ref idref="fl-fb"/>
      </object_component>
      <object_component id="oc-37b">
         <name>.text</name>
         <load_address>0x71f8</load_address>
         <run_address>0x71f8</run_address>
         <size>0x136</size>
         <input_file_ref idref="fl-fe"/>
      </object_component>
      <object_component id="oc-20c">
         <name>.text</name>
         <load_address>0x732e</load_address>
         <run_address>0x732e</run_address>
         <size>0x12a</size>
         <input_file_ref idref="fl-33"/>
      </object_component>
      <object_component id="oc-206">
         <name>.text</name>
         <load_address>0x7458</load_address>
         <run_address>0x7458</run_address>
         <size>0x128</size>
         <input_file_ref idref="fl-37"/>
      </object_component>
      <object_component id="oc-171">
         <name>.text</name>
         <load_address>0x7580</load_address>
         <run_address>0x7580</run_address>
         <size>0x124</size>
         <input_file_ref idref="fl-a"/>
      </object_component>
      <object_component id="oc-3a7">
         <name>.text:fcvt</name>
         <load_address>0x76a4</load_address>
         <run_address>0x76a4</run_address>
         <size>0x124</size>
         <input_file_ref idref="fl-fb"/>
      </object_component>
      <object_component id="oc-3bb">
         <name>.text:scalbn</name>
         <load_address>0x77c8</load_address>
         <run_address>0x77c8</run_address>
         <size>0x110</size>
         <input_file_ref idref="fl-111"/>
      </object_component>
      <object_component id="oc-e1">
         <name>.text</name>
         <load_address>0x78d8</load_address>
         <run_address>0x78d8</run_address>
         <size>0x108</size>
         <input_file_ref idref="fl-9"/>
      </object_component>
      <object_component id="oc-376">
         <name>.text</name>
         <load_address>0x79e0</load_address>
         <run_address>0x79e0</run_address>
         <size>0xfc</size>
         <input_file_ref idref="fl-ff"/>
      </object_component>
      <object_component id="oc-c9">
         <name>.text</name>
         <load_address>0x7adc</load_address>
         <run_address>0x7adc</run_address>
         <size>0xd8</size>
         <input_file_ref idref="fl-f"/>
      </object_component>
      <object_component id="oc-312">
         <name>.text</name>
         <load_address>0x7bb4</load_address>
         <run_address>0x7bb4</run_address>
         <size>0xd2</size>
         <input_file_ref idref="fl-38"/>
      </object_component>
      <object_component id="oc-278">
         <name>.text:_ltostr</name>
         <load_address>0x7c88</load_address>
         <run_address>0x7c88</run_address>
         <size>0xb1</size>
         <input_file_ref idref="fl-fb"/>
      </object_component>
      <object_component id="oc-165">
         <name>.text</name>
         <load_address>0x7d3c</load_address>
         <run_address>0x7d3c</run_address>
         <size>0xa8</size>
         <input_file_ref idref="fl-d"/>
      </object_component>
      <object_component id="oc-3b">
         <name>.text</name>
         <load_address>0x7de4</load_address>
         <run_address>0x7de4</run_address>
         <size>0x9c</size>
         <input_file_ref idref="fl-f6"/>
      </object_component>
      <object_component id="oc-36f">
         <name>.text</name>
         <load_address>0x7e80</load_address>
         <run_address>0x7e80</run_address>
         <size>0x96</size>
         <input_file_ref idref="fl-102"/>
      </object_component>
      <object_component id="oc-27e">
         <name>.text:__aeabi_cdcmple</name>
         <load_address>0x7f16</load_address>
         <run_address>0x7f16</run_address>
         <size>0x86</size>
         <input_file_ref idref="fl-fd"/>
      </object_component>
      <object_component id="oc-380">
         <name>.text:__aeabi_cdrcmple</name>
         <load_address>0x7f9c</load_address>
         <run_address>0x7f9c</run_address>
         <size>0x86</size>
         <input_file_ref idref="fl-fd"/>
      </object_component>
      <object_component id="oc-cf">
         <name>.text</name>
         <load_address>0x8024</load_address>
         <run_address>0x8024</run_address>
         <size>0x84</size>
         <input_file_ref idref="fl-5"/>
      </object_component>
      <object_component id="oc-15f">
         <name>.text</name>
         <load_address>0x80a8</load_address>
         <run_address>0x80a8</run_address>
         <size>0x7c</size>
         <input_file_ref idref="fl-e"/>
      </object_component>
      <object_component id="oc-8f">
         <name>.text</name>
         <load_address>0x8124</load_address>
         <run_address>0x8124</run_address>
         <size>0x7a</size>
         <input_file_ref idref="fl-f5"/>
      </object_component>
      <object_component id="oc-3a0">
         <name>.text:_mcpy</name>
         <load_address>0x819e</load_address>
         <run_address>0x819e</run_address>
         <size>0x6e</size>
         <input_file_ref idref="fl-fb"/>
      </object_component>
      <object_component id="oc-15">
         <name>.text:decompress:lzss:__TI_decompress_lzss</name>
         <load_address>0x820c</load_address>
         <run_address>0x820c</run_address>
         <size>0x68</size>
         <input_file_ref idref="fl-f9"/>
      </object_component>
      <object_component id="oc-3b5">
         <name>.text:frexp</name>
         <load_address>0x8274</load_address>
         <run_address>0x8274</run_address>
         <size>0x64</size>
         <input_file_ref idref="fl-110"/>
      </object_component>
      <object_component id="oc-289">
         <name>.text:_pconv_f</name>
         <load_address>0x82d8</load_address>
         <run_address>0x82d8</run_address>
         <size>0x56</size>
         <input_file_ref idref="fl-fb"/>
      </object_component>
      <object_component id="oc-38a">
         <name>.text:__TI_ltoa</name>
         <load_address>0x832e</load_address>
         <run_address>0x832e</run_address>
         <size>0x54</size>
         <input_file_ref idref="fl-108"/>
      </object_component>
      <object_component id="oc-39a">
         <name>.text:_ecpy</name>
         <load_address>0x8382</load_address>
         <run_address>0x8382</run_address>
         <size>0x52</size>
         <input_file_ref idref="fl-fb"/>
      </object_component>
      <object_component id="oc-272">
         <name>.text:atoi</name>
         <load_address>0x83d4</load_address>
         <run_address>0x83d4</run_address>
         <size>0x4c</size>
         <input_file_ref idref="fl-10a"/>
      </object_component>
      <object_component id="oc-385">
         <name>.text</name>
         <load_address>0x8420</load_address>
         <run_address>0x8420</run_address>
         <size>0x48</size>
         <input_file_ref idref="fl-100"/>
      </object_component>
      <object_component id="oc-102">
         <name>.text:__TI_auto_init_nobinit_nopinit:__TI_auto_init_nobinit_nopinit</name>
         <load_address>0x8468</load_address>
         <run_address>0x8468</run_address>
         <size>0x44</size>
         <input_file_ref idref="fl-103"/>
      </object_component>
      <object_component id="oc-e7">
         <name>.text:sprintf</name>
         <load_address>0x84ac</load_address>
         <run_address>0x84ac</run_address>
         <size>0x40</size>
         <input_file_ref idref="fl-f4"/>
      </object_component>
      <object_component id="oc-3ad">
         <name>.text:_fcpy</name>
         <load_address>0x84ec</load_address>
         <run_address>0x84ec</run_address>
         <size>0x3e</size>
         <input_file_ref idref="fl-fb"/>
      </object_component>
      <object_component id="oc-1e8">
         <name>.text</name>
         <load_address>0x852a</load_address>
         <run_address>0x852a</run_address>
         <size>0x3e</size>
         <input_file_ref idref="fl-14"/>
      </object_component>
      <object_component id="oc-59">
         <name>.text:_c_int00_noargs:_c_int00_noargs</name>
         <load_address>0x8568</load_address>
         <run_address>0x8568</run_address>
         <size>0x34</size>
         <input_file_ref idref="fl-fa"/>
      </object_component>
      <object_component id="oc-390">
         <name>.text</name>
         <load_address>0x859c</load_address>
         <run_address>0x859c</run_address>
         <size>0x2e</size>
         <input_file_ref idref="fl-101"/>
      </object_component>
      <object_component id="oc-29b">
         <name>.text:memccpy</name>
         <load_address>0x85ca</load_address>
         <run_address>0x85ca</run_address>
         <size>0x1c</size>
         <input_file_ref idref="fl-10c"/>
      </object_component>
      <object_component id="oc-458">
         <name>.text:copysign</name>
         <load_address>0x85e6</load_address>
         <run_address>0x85e6</run_address>
         <size>0x1a</size>
         <input_file_ref idref="fl-114"/>
      </object_component>
      <object_component id="oc-19a">
         <name>.text:_outs</name>
         <load_address>0x8600</load_address>
         <run_address>0x8600</run_address>
         <size>0x18</size>
         <input_file_ref idref="fl-f4"/>
      </object_component>
      <object_component id="oc-3c1">
         <name>.text:strchr</name>
         <load_address>0x8618</load_address>
         <run_address>0x8618</run_address>
         <size>0x16</size>
         <input_file_ref idref="fl-10d"/>
      </object_component>
      <object_component id="oc-26c">
         <name>.text:strlen</name>
         <load_address>0x862e</load_address>
         <run_address>0x862e</run_address>
         <size>0x14</size>
         <input_file_ref idref="fl-10e"/>
      </object_component>
      <object_component id="oc-2a1">
         <name>.text:wcslen</name>
         <load_address>0x8642</load_address>
         <run_address>0x8642</run_address>
         <size>0x12</size>
         <input_file_ref idref="fl-112"/>
      </object_component>
      <object_component id="oc-1b">
         <name>.text:decompress:none:__TI_decompress_none</name>
         <load_address>0x8654</load_address>
         <run_address>0x8654</run_address>
         <size>0xe</size>
         <input_file_ref idref="fl-f8"/>
      </object_component>
      <object_component id="oc-4d">
         <name>.text:decompress:ZI:__TI_zero_init</name>
         <load_address>0x8662</load_address>
         <run_address>0x8662</run_address>
         <size>0xc</size>
         <input_file_ref idref="fl-f7"/>
      </object_component>
      <object_component id="oc-27">
         <name>.text</name>
         <load_address>0x866e</load_address>
         <run_address>0x866e</run_address>
         <size>0xc</size>
         <input_file_ref idref="fl-3"/>
      </object_component>
      <object_component id="oc-1a0">
         <name>.text:_outc</name>
         <load_address>0x867a</load_address>
         <run_address>0x867a</run_address>
         <size>0xa</size>
         <input_file_ref idref="fl-f4"/>
      </object_component>
      <object_component id="oc-2a7">
         <name>.text:__aeabi_errno_addr</name>
         <load_address>0x8684</load_address>
         <run_address>0x8684</run_address>
         <size>0x8</size>
         <input_file_ref idref="fl-10f"/>
      </object_component>
      <object_component id="oc-ed">
         <name>.text:SysCtlDelay</name>
         <load_address>0x868c</load_address>
         <run_address>0x868c</run_address>
         <size>0x6</size>
         <input_file_ref idref="fl-29"/>
      </object_component>
      <object_component id="oc-95">
         <name>.text:_system_pre_init</name>
         <load_address>0x8692</load_address>
         <run_address>0x8692</run_address>
         <size>0x4</size>
         <input_file_ref idref="fl-104"/>
      </object_component>
      <object_component id="oc-f6">
         <name>.text:abort:abort</name>
         <load_address>0x8696</load_address>
         <run_address>0x8696</run_address>
         <size>0x4</size>
         <input_file_ref idref="fl-106"/>
      </object_component>
      <object_component id="oc-1f4">
         <name>.const:g_pppui32XTALtoVCO</name>
         <load_address>0x869c</load_address>
         <run_address>0x869c</run_address>
         <size>0x1b0</size>
         <input_file_ref idref="fl-29"/>
      </object_component>
      <object_component id="oc-36a">
         <name>.const:.string:_ctypes_</name>
         <load_address>0x884c</load_address>
         <run_address>0x884c</run_address>
         <size>0x101</size>
         <input_file_ref idref="fl-10b"/>
      </object_component>
      <object_component id="oc-182">
         <name>.const:.string:$P$T2$3</name>
         <load_address>0x894d</load_address>
         <run_address>0x894d</run_address>
         <size>0x3</size>
         <input_file_ref idref="fl-6"/>
      </object_component>
      <object_component id="oc-1fc">
         <name>.const:g_ppui32GPIOIntMapSnowflake</name>
         <load_address>0x8950</load_address>
         <run_address>0x8950</run_address>
         <size>0xd8</size>
         <input_file_ref idref="fl-1d"/>
      </object_component>
      <object_component id="oc-1f9">
         <name>.const:g_ppui32GPIOIntMapBlizzard</name>
         <load_address>0x8a28</load_address>
         <run_address>0x8a28</run_address>
         <size>0xc0</size>
         <input_file_ref idref="fl-1d"/>
      </object_component>
      <object_component id="oc-2e8">
         <name>.const:g_pui32Regs</name>
         <load_address>0x8ae8</load_address>
         <run_address>0x8ae8</run_address>
         <size>0x9c</size>
         <input_file_ref idref="fl-20"/>
      </object_component>
      <object_component id="oc-1ff">
         <name>.const:g_pui32GPIOBaseAddrs</name>
         <load_address>0x8b84</load_address>
         <run_address>0x8b84</run_address>
         <size>0x90</size>
         <input_file_ref idref="fl-1d"/>
      </object_component>
      <object_component id="oc-1ee">
         <name>.const:g_pui32Xtals</name>
         <load_address>0x8c14</load_address>
         <run_address>0x8c14</run_address>
         <size>0x6c</size>
         <input_file_ref idref="fl-29"/>
      </object_component>
      <object_component id="oc-348">
         <name>.const:g_ppui32TimerIntMap</name>
         <load_address>0x8c80</load_address>
         <run_address>0x8c80</run_address>
         <size>0x60</size>
         <input_file_ref idref="fl-2c"/>
      </object_component>
      <object_component id="oc-358">
         <name>.const:g_ppui32I2CIntMapSnowflake</name>
         <load_address>0x8ce0</load_address>
         <run_address>0x8ce0</run_address>
         <size>0x50</size>
         <input_file_ref idref="fl-1f"/>
      </object_component>
      <object_component id="oc-34b">
         <name>.const:g_ppui32TimerIntMapSnowflake</name>
         <load_address>0x8d30</load_address>
         <run_address>0x8d30</run_address>
         <size>0x40</size>
         <input_file_ref idref="fl-2c"/>
      </object_component>
      <object_component id="oc-1d2">
         <name>.const:g_ppui32UARTIntMap</name>
         <load_address>0x8d70</load_address>
         <run_address>0x8d70</run_address>
         <size>0x40</size>
         <input_file_ref idref="fl-2d"/>
      </object_component>
      <object_component id="oc-1d5">
         <name>.const:g_ppui32UARTIntMapSnowflake</name>
         <load_address>0x8db0</load_address>
         <run_address>0x8db0</run_address>
         <size>0x40</size>
         <input_file_ref idref="fl-2d"/>
      </object_component>
      <object_component id="oc-355">
         <name>.const:g_ppui32I2CIntMap</name>
         <load_address>0x8df0</load_address>
         <run_address>0x8df0</run_address>
         <size>0x30</size>
         <input_file_ref idref="fl-1f"/>
      </object_component>
      <object_component id="oc-1e5">
         <name>.const:g_sXTALtoMEMTIM</name>
         <load_address>0x8e20</load_address>
         <run_address>0x8e20</run_address>
         <size>0x30</size>
         <input_file_ref idref="fl-29"/>
      </object_component>
      <object_component id="oc-2e5">
         <name>.const:g_pui32Priority</name>
         <load_address>0x8e50</load_address>
         <run_address>0x8e50</run_address>
         <size>0x20</size>
         <input_file_ref idref="fl-20"/>
      </object_component>
      <object_component id="oc-2ee">
         <name>.const:g_pui32Dii16Regs</name>
         <load_address>0x8e70</load_address>
         <run_address>0x8e70</run_address>
         <size>0x14</size>
         <input_file_ref idref="fl-20"/>
      </object_component>
      <object_component id="oc-2eb">
         <name>.const:g_pui32EnRegs</name>
         <load_address>0x8e84</load_address>
         <run_address>0x8e84</run_address>
         <size>0x14</size>
         <input_file_ref idref="fl-20"/>
      </object_component>
      <object_component id="oc-2f1">
         <name>.const:g_pui32PendRegs</name>
         <load_address>0x8e98</load_address>
         <run_address>0x8e98</run_address>
         <size>0x14</size>
         <input_file_ref idref="fl-20"/>
      </object_component>
      <object_component id="oc-2f4">
         <name>.const:g_pui32UnpendRegs</name>
         <load_address>0x8eac</load_address>
         <run_address>0x8eac</run_address>
         <size>0x14</size>
         <input_file_ref idref="fl-20"/>
      </object_component>
      <object_component id="oc-1f1">
         <name>.const:g_pui32VCOFrequencies</name>
         <load_address>0x8ec0</load_address>
         <run_address>0x8ec0</run_address>
         <size>0x8</size>
         <input_file_ref idref="fl-29"/>
      </object_component>
      <object_component id="oc-406">
         <name>.const</name>
         <load_address>0x8ec8</load_address>
         <run_address>0x8ec8</run_address>
         <size>0x4</size>
         <input_file_ref idref="fl-37"/>
      </object_component>
      <object_component id="oc-17c">
         <name>.const:.string:$P$T0$1</name>
         <load_address>0x8ecc</load_address>
         <run_address>0x8ecc</run_address>
         <size>0x2</size>
         <input_file_ref idref="fl-6"/>
      </object_component>
      <object_component id="oc-17f">
         <name>.const:.string:$P$T1$2</name>
         <load_address>0x8ece</load_address>
         <run_address>0x8ece</run_address>
         <size>0x2</size>
         <input_file_ref idref="fl-6"/>
      </object_component>
      <object_component id="oc-18c">
         <name>.const:.string:$P$T0$1</name>
         <load_address>0x8ed0</load_address>
         <run_address>0x8ed0</run_address>
         <size>0x1</size>
         <input_file_ref idref="fl-9"/>
      </object_component>
      <object_component id="oc-4c1">
         <name>.cinit..data.load</name>
         <load_address>0x8ed8</load_address>
         <run_address>0x8ed8</run_address>
         <size>0x43</size>
      </object_component>
      <object_component id="oc-4be">
         <name>__TI_handler_table</name>
         <load_address>0x8f1c</load_address>
         <run_address>0x8f1c</run_address>
         <size>0xc</size>
      </object_component>
      <object_component id="oc-4c2">
         <name>.cinit..bss.load</name>
         <load_address>0x8f28</load_address>
         <run_address>0x8f28</run_address>
         <size>0x8</size>
      </object_component>
      <object_component id="oc-4c0">
         <name>.cinit..vtable.load</name>
         <load_address>0x8f30</load_address>
         <run_address>0x8f30</run_address>
         <size>0x8</size>
      </object_component>
      <object_component id="oc-4bf">
         <name>__TI_cinit_table</name>
         <load_address>0x8f38</load_address>
         <run_address>0x8f38</run_address>
         <size>0x18</size>
      </object_component>
      <object_component id="oc-2e2">
         <name>.vtable</name>
         <uninitialized>true</uninitialized>
         <run_address>0x20000000</run_address>
         <size>0x26c</size>
         <input_file_ref idref="fl-20"/>
      </object_component>
      <object_component id="oc-179">
         <name>.data:SensorsI2Cs</name>
         <load_address>0x20007d24</load_address>
         <run_address>0x20007d24</run_address>
         <size>0x2</size>
         <input_file_ref idref="fl-6"/>
      </object_component>
      <object_component id="oc-188">
         <name>.data:arr</name>
         <load_address>0x20007bd8</load_address>
         <run_address>0x20007bd8</run_address>
         <size>0xc8</size>
         <input_file_ref idref="fl-8"/>
      </object_component>
      <object_component id="oc-187">
         <name>.data</name>
         <load_address>0x20007cf0</load_address>
         <run_address>0x20007cf0</run_address>
         <size>0x12</size>
         <input_file_ref idref="fl-8"/>
      </object_component>
      <object_component id="oc-18f">
         <name>.data:SensorSequencer</name>
         <load_address>0x20007d02</load_address>
         <run_address>0x20007d02</run_address>
         <size>0x2</size>
         <input_file_ref idref="fl-9"/>
      </object_component>
      <object_component id="oc-24b">
         <name>.data:I2C_Bases</name>
         <load_address>0x20007d04</load_address>
         <run_address>0x20007d04</run_address>
         <size>0x10</size>
         <input_file_ref idref="fl-b"/>
      </object_component>
      <object_component id="oc-241">
         <name>.data:astrOutputPins</name>
         <load_address>0x20007cd0</load_address>
         <run_address>0x20007cd0</run_address>
         <size>0x20</size>
         <input_file_ref idref="fl-d"/>
      </object_component>
      <object_component id="oc-23d">
         <name>.data</name>
         <load_address>0x20007d26</load_address>
         <run_address>0x20007d26</run_address>
         <size>0x1</size>
         <input_file_ref idref="fl-e"/>
      </object_component>
      <object_component id="oc-212">
         <name>.data</name>
         <load_address>0x20007ca0</load_address>
         <run_address>0x20007ca0</run_address>
         <size>0x30</size>
         <input_file_ref idref="fl-35"/>
      </object_component>
      <object_component id="oc-317">
         <name>.data</name>
         <load_address>0x20007d1c</load_address>
         <run_address>0x20007d1c</run_address>
         <size>0x4</size>
         <input_file_ref idref="fl-37"/>
      </object_component>
      <object_component id="oc-32a">
         <name>.data</name>
         <load_address>0x20007d14</load_address>
         <run_address>0x20007d14</run_address>
         <size>0x8</size>
         <input_file_ref idref="fl-39"/>
      </object_component>
      <object_component id="oc-3d1">
         <name>.data</name>
         <load_address>0x20007d20</load_address>
         <run_address>0x20007d20</run_address>
         <size>0x4</size>
         <input_file_ref idref="fl-10f"/>
      </object_component>
      <object_component id="oc-361">
         <name>.bss:g_pui8OversampleFactor</name>
         <uninitialized>true</uninitialized>
         <run_address>0x200079a4</run_address>
         <size>0x8</size>
         <input_file_ref idref="fl-10"/>
      </object_component>
      <object_component id="oc-215">
         <name>.bss:pxReadyTasksLists</name>
         <uninitialized>true</uninitialized>
         <run_address>0x2000779c</run_address>
         <size>0x140</size>
         <input_file_ref idref="fl-35"/>
      </object_component>
      <object_component id="oc-22a">
         <name>.bss:xDelayedTaskList1</name>
         <uninitialized>true</uninitialized>
         <run_address>0x20007940</run_address>
         <size>0x14</size>
         <input_file_ref idref="fl-35"/>
      </object_component>
      <object_component id="oc-22d">
         <name>.bss:xDelayedTaskList2</name>
         <uninitialized>true</uninitialized>
         <run_address>0x20007954</run_address>
         <size>0x14</size>
         <input_file_ref idref="fl-35"/>
      </object_component>
      <object_component id="oc-221">
         <name>.bss</name>
         <uninitialized>true</uninitialized>
         <run_address>0x200079ac</run_address>
         <size>0x8</size>
         <input_file_ref idref="fl-35"/>
      </object_component>
      <object_component id="oc-21e">
         <name>.bss:xPendingReadyList</name>
         <uninitialized>true</uninitialized>
         <run_address>0x20007968</run_address>
         <size>0x14</size>
         <input_file_ref idref="fl-35"/>
      </object_component>
      <object_component id="oc-218">
         <name>.bss:xTasksWaitingTermination</name>
         <uninitialized>true</uninitialized>
         <run_address>0x20007990</run_address>
         <size>0x14</size>
         <input_file_ref idref="fl-35"/>
      </object_component>
      <object_component id="oc-21b">
         <name>.bss:xSuspendedTaskList</name>
         <uninitialized>true</uninitialized>
         <run_address>0x2000797c</run_address>
         <size>0x14</size>
         <input_file_ref idref="fl-35"/>
      </object_component>
      <object_component id="oc-333">
         <name>.bss:ucHeap</name>
         <uninitialized>true</uninitialized>
         <run_address>0x2000026c</run_address>
         <size>0x7530</size>
         <input_file_ref idref="fl-39"/>
      </object_component>
      <object_component id="oc-32d">
         <name>.bss:xStart</name>
         <uninitialized>true</uninitialized>
         <run_address>0x200079bc</run_address>
         <size>0x8</size>
         <input_file_ref idref="fl-39"/>
      </object_component>
      <object_component id="oc-330">
         <name>.bss:xEnd</name>
         <uninitialized>true</uninitialized>
         <run_address>0x200079b4</run_address>
         <size>0x8</size>
         <input_file_ref idref="fl-39"/>
      </object_component>
      <object_component id="oc-ee">
         <name>.common:Oxygen_Flow</name>
         <uninitialized>true</uninitialized>
         <run_address>0x200079d2</run_address>
         <size>0x2</size>
      </object_component>
      <object_component id="oc-ef">
         <name>.common:Air_Flow</name>
         <uninitialized>true</uninitialized>
         <run_address>0x200079d0</run_address>
         <size>0x2</size>
      </object_component>
      <object_component id="oc-f0">
         <name>.common:Oxygen_Percentage</name>
         <uninitialized>true</uninitialized>
         <run_address>0x200079d4</run_address>
         <size>0x1</size>
      </object_component>
      <object_component id="oc-f1">
         <name>.common:Oxygen_Pressure</name>
         <uninitialized>true</uninitialized>
         <run_address>0x200079c8</run_address>
         <size>0x4</size>
      </object_component>
      <object_component id="oc-f3">
         <name>.common:Tank_Pressure</name>
         <uninitialized>true</uninitialized>
         <run_address>0x200079cc</run_address>
         <size>0x4</size>
      </object_component>
      <object_component id="oc-f2">
         <name>.common:Air_Pressure</name>
         <uninitialized>true</uninitialized>
         <run_address>0x200079c4</run_address>
         <size>0x4</size>
      </object_component>
      <object_component id="oc-f4">
         <name>.common:S</name>
         <uninitialized>true</uninitialized>
         <run_address>0x200078dc</run_address>
         <size>0x64</size>
      </object_component>
      <object_component id="oc-24">
         <name>.stack</name>
         <uninitialized>true</uninitialized>
         <run_address>0x200079d8</run_address>
         <size>0x4</size>
         <input_file_ref idref="fl-fa"/>
      </object_component>
      <object_component id="oc-4c4">
         <name>.stack</name>
         <uninitialized>true</uninitialized>
         <run_address>0x200079d8</run_address>
         <size>0x0</size>
      </object_component>
      <object_component id="oc-b7">
         <name>.debug_info</name>
         <load_address>0x0</load_address>
         <run_address>0x0</run_address>
         <size>0x529</size>
         <input_file_ref idref="fl-2"/>
      </object_component>
      <object_component id="oc-9f">
         <name>.debug_info</name>
         <load_address>0x529</load_address>
         <run_address>0x529</run_address>
         <size>0x26e</size>
         <input_file_ref idref="fl-2"/>
      </object_component>
      <object_component id="oc-140">
         <name>.debug_info</name>
         <load_address>0x797</load_address>
         <run_address>0x797</run_address>
         <size>0x2ef</size>
         <input_file_ref idref="fl-2"/>
      </object_component>
      <object_component id="oc-70">
         <name>.debug_info</name>
         <load_address>0xa86</load_address>
         <run_address>0xa86</run_address>
         <size>0x26b</size>
         <input_file_ref idref="fl-2"/>
      </object_component>
      <object_component id="oc-b2">
         <name>.debug_info</name>
         <load_address>0xcf1</load_address>
         <run_address>0xcf1</run_address>
         <size>0x8b</size>
         <input_file_ref idref="fl-2"/>
      </object_component>
      <object_component id="oc-1cd">
         <name>.debug_info</name>
         <load_address>0xd7c</load_address>
         <run_address>0xd7c</run_address>
         <size>0x2c</size>
         <input_file_ref idref="fl-2"/>
      </object_component>
      <object_component id="oc-ad">
         <name>.debug_info</name>
         <load_address>0xda8</load_address>
         <run_address>0xda8</run_address>
         <size>0x2a4</size>
         <input_file_ref idref="fl-2"/>
      </object_component>
      <object_component id="oc-1df">
         <name>.debug_info</name>
         <load_address>0x104c</load_address>
         <run_address>0x104c</run_address>
         <size>0xef</size>
         <input_file_ref idref="fl-2"/>
      </object_component>
      <object_component id="oc-75">
         <name>.debug_info</name>
         <load_address>0x113b</load_address>
         <run_address>0x113b</run_address>
         <size>0xbb</size>
         <input_file_ref idref="fl-2"/>
      </object_component>
      <object_component id="oc-136">
         <name>.debug_info</name>
         <load_address>0x11f6</load_address>
         <run_address>0x11f6</run_address>
         <size>0x53</size>
         <input_file_ref idref="fl-2"/>
      </object_component>
      <object_component id="oc-1a8">
         <name>.debug_info</name>
         <load_address>0x1249</load_address>
         <run_address>0x1249</run_address>
         <size>0x2c</size>
         <input_file_ref idref="fl-2"/>
      </object_component>
      <object_component id="oc-13b">
         <name>.debug_info</name>
         <load_address>0x1275</load_address>
         <run_address>0x1275</run_address>
         <size>0x14c</size>
         <input_file_ref idref="fl-2"/>
      </object_component>
      <object_component id="oc-2f">
         <name>.debug_info</name>
         <load_address>0x13c1</load_address>
         <run_address>0x13c1</run_address>
         <size>0x2ae</size>
         <input_file_ref idref="fl-3"/>
      </object_component>
      <object_component id="oc-13">
         <name>.debug_info</name>
         <load_address>0x166f</load_address>
         <run_address>0x166f</run_address>
         <size>0xed</size>
         <input_file_ref idref="fl-3"/>
      </object_component>
      <object_component id="oc-2a">
         <name>.debug_info</name>
         <load_address>0x175c</load_address>
         <run_address>0x175c</run_address>
         <size>0x269</size>
         <input_file_ref idref="fl-3"/>
      </object_component>
      <object_component id="oc-36">
         <name>.debug_info</name>
         <load_address>0x19c5</load_address>
         <run_address>0x19c5</run_address>
         <size>0x84</size>
         <input_file_ref idref="fl-3"/>
      </object_component>
      <object_component id="oc-178">
         <name>.debug_info</name>
         <load_address>0x1a49</load_address>
         <run_address>0x1a49</run_address>
         <size>0x467</size>
         <input_file_ref idref="fl-5"/>
      </object_component>
      <object_component id="oc-d1">
         <name>.debug_info</name>
         <load_address>0x1eb0</load_address>
         <run_address>0x1eb0</run_address>
         <size>0x434</size>
         <input_file_ref idref="fl-5"/>
      </object_component>
      <object_component id="oc-186">
         <name>.debug_info</name>
         <load_address>0x22e4</load_address>
         <run_address>0x22e4</run_address>
         <size>0x355</size>
         <input_file_ref idref="fl-6"/>
      </object_component>
      <object_component id="oc-17a">
         <name>.debug_info</name>
         <load_address>0x2639</load_address>
         <run_address>0x2639</run_address>
         <size>0xed</size>
         <input_file_ref idref="fl-6"/>
      </object_component>
      <object_component id="oc-17d">
         <name>.debug_info</name>
         <load_address>0x2726</load_address>
         <run_address>0x2726</run_address>
         <size>0xe5</size>
         <input_file_ref idref="fl-6"/>
      </object_component>
      <object_component id="oc-180">
         <name>.debug_info</name>
         <load_address>0x280b</load_address>
         <run_address>0x280b</run_address>
         <size>0xe5</size>
         <input_file_ref idref="fl-6"/>
      </object_component>
      <object_component id="oc-183">
         <name>.debug_info</name>
         <load_address>0x28f0</load_address>
         <run_address>0x28f0</run_address>
         <size>0xe5</size>
         <input_file_ref idref="fl-6"/>
      </object_component>
      <object_component id="oc-d9">
         <name>.debug_info</name>
         <load_address>0x29d5</load_address>
         <run_address>0x29d5</run_address>
         <size>0x609</size>
         <input_file_ref idref="fl-6"/>
      </object_component>
      <object_component id="oc-265">
         <name>.debug_info</name>
         <load_address>0x2fde</load_address>
         <run_address>0x2fde</run_address>
         <size>0x2c2</size>
         <input_file_ref idref="fl-8"/>
      </object_component>
      <object_component id="oc-189">
         <name>.debug_info</name>
         <load_address>0x32a0</load_address>
         <run_address>0x32a0</run_address>
         <size>0xe1</size>
         <input_file_ref idref="fl-8"/>
      </object_component>
      <object_component id="oc-df">
         <name>.debug_info</name>
         <load_address>0x3381</load_address>
         <run_address>0x3381</run_address>
         <size>0x652</size>
         <input_file_ref idref="fl-8"/>
      </object_component>
      <object_component id="oc-193">
         <name>.debug_info</name>
         <load_address>0x39d3</load_address>
         <run_address>0x39d3</run_address>
         <size>0x352</size>
         <input_file_ref idref="fl-9"/>
      </object_component>
      <object_component id="oc-190">
         <name>.debug_info</name>
         <load_address>0x3d25</load_address>
         <run_address>0x3d25</run_address>
         <size>0xfd</size>
         <input_file_ref idref="fl-9"/>
      </object_component>
      <object_component id="oc-18d">
         <name>.debug_info</name>
         <load_address>0x3e22</load_address>
         <run_address>0x3e22</run_address>
         <size>0xed</size>
         <input_file_ref idref="fl-9"/>
      </object_component>
      <object_component id="oc-e3">
         <name>.debug_info</name>
         <load_address>0x3f0f</load_address>
         <run_address>0x3f0f</run_address>
         <size>0x4e9</size>
         <input_file_ref idref="fl-9"/>
      </object_component>
      <object_component id="oc-41f">
         <name>.debug_info</name>
         <load_address>0x43f8</load_address>
         <run_address>0x43f8</run_address>
         <size>0x606</size>
         <input_file_ref idref="fl-a"/>
      </object_component>
      <object_component id="oc-172">
         <name>.debug_info</name>
         <load_address>0x49fe</load_address>
         <run_address>0x49fe</run_address>
         <size>0x508</size>
         <input_file_ref idref="fl-a"/>
      </object_component>
      <object_component id="oc-338">
         <name>.debug_info</name>
         <load_address>0x4f06</load_address>
         <run_address>0x4f06</run_address>
         <size>0x110</size>
         <input_file_ref idref="fl-a"/>
      </object_component>
      <object_component id="oc-24f">
         <name>.debug_info</name>
         <load_address>0x5016</load_address>
         <run_address>0x5016</run_address>
         <size>0x516</size>
         <input_file_ref idref="fl-b"/>
      </object_component>
      <object_component id="oc-24c">
         <name>.debug_info</name>
         <load_address>0x552c</load_address>
         <run_address>0x552c</run_address>
         <size>0xe2</size>
         <input_file_ref idref="fl-b"/>
      </object_component>
      <object_component id="oc-16c">
         <name>.debug_info</name>
         <load_address>0x560e</load_address>
         <run_address>0x560e</run_address>
         <size>0x108d</size>
         <input_file_ref idref="fl-b"/>
      </object_component>
      <object_component id="oc-354">
         <name>.debug_info</name>
         <load_address>0x669b</load_address>
         <run_address>0x669b</run_address>
         <size>0x351</size>
         <input_file_ref idref="fl-d"/>
      </object_component>
      <object_component id="oc-242">
         <name>.debug_info</name>
         <load_address>0x69ec</load_address>
         <run_address>0x69ec</run_address>
         <size>0xe7</size>
         <input_file_ref idref="fl-d"/>
      </object_component>
      <object_component id="oc-169">
         <name>.debug_info</name>
         <load_address>0x6ad3</load_address>
         <run_address>0x6ad3</run_address>
         <size>0x310</size>
         <input_file_ref idref="fl-d"/>
      </object_component>
      <object_component id="oc-429">
         <name>.debug_info</name>
         <load_address>0x6de3</load_address>
         <run_address>0x6de3</run_address>
         <size>0x5e</size>
         <input_file_ref idref="fl-d"/>
      </object_component>
      <object_component id="oc-23e">
         <name>.debug_info</name>
         <load_address>0x6e41</load_address>
         <run_address>0x6e41</run_address>
         <size>0xe7</size>
         <input_file_ref idref="fl-e"/>
      </object_component>
      <object_component id="oc-163">
         <name>.debug_info</name>
         <load_address>0x6f28</load_address>
         <run_address>0x6f28</run_address>
         <size>0x37a</size>
         <input_file_ref idref="fl-e"/>
      </object_component>
      <object_component id="oc-158">
         <name>.debug_info</name>
         <load_address>0x72a2</load_address>
         <run_address>0x72a2</run_address>
         <size>0x5c3</size>
         <input_file_ref idref="fl-f"/>
      </object_component>
      <object_component id="oc-cc">
         <name>.debug_info</name>
         <load_address>0x7865</load_address>
         <run_address>0x7865</run_address>
         <size>0x4f8</size>
         <input_file_ref idref="fl-f"/>
      </object_component>
      <object_component id="oc-365">
         <name>.debug_info</name>
         <load_address>0x7d5d</load_address>
         <run_address>0x7d5d</run_address>
         <size>0x339</size>
         <input_file_ref idref="fl-10"/>
      </object_component>
      <object_component id="oc-362">
         <name>.debug_info</name>
         <load_address>0x8096</load_address>
         <run_address>0x8096</run_address>
         <size>0xfa</size>
         <input_file_ref idref="fl-10"/>
      </object_component>
      <object_component id="oc-253">
         <name>.debug_info</name>
         <load_address>0x8190</load_address>
         <run_address>0x8190</run_address>
         <size>0x2ce8</size>
         <input_file_ref idref="fl-10"/>
      </object_component>
      <object_component id="oc-1eb">
         <name>.debug_info</name>
         <load_address>0xae78</load_address>
         <run_address>0xae78</run_address>
         <size>0x37b</size>
         <input_file_ref idref="fl-14"/>
      </object_component>
      <object_component id="oc-203">
         <name>.debug_info</name>
         <load_address>0xb1f3</load_address>
         <run_address>0xb1f3</run_address>
         <size>0x363</size>
         <input_file_ref idref="fl-1d"/>
      </object_component>
      <object_component id="oc-1fa">
         <name>.debug_info</name>
         <load_address>0xb556</load_address>
         <run_address>0xb556</run_address>
         <size>0x103</size>
         <input_file_ref idref="fl-1d"/>
      </object_component>
      <object_component id="oc-1fd">
         <name>.debug_info</name>
         <load_address>0xb659</load_address>
         <run_address>0xb659</run_address>
         <size>0x105</size>
         <input_file_ref idref="fl-1d"/>
      </object_component>
      <object_component id="oc-200">
         <name>.debug_info</name>
         <load_address>0xb75e</load_address>
         <run_address>0xb75e</run_address>
         <size>0xf7</size>
         <input_file_ref idref="fl-1d"/>
      </object_component>
      <object_component id="oc-152">
         <name>.debug_info</name>
         <load_address>0xb855</load_address>
         <run_address>0xb855</run_address>
         <size>0x3310</size>
         <input_file_ref idref="fl-1d"/>
      </object_component>
      <object_component id="oc-35c">
         <name>.debug_info</name>
         <load_address>0xeb65</load_address>
         <run_address>0xeb65</run_address>
         <size>0x354</size>
         <input_file_ref idref="fl-1f"/>
      </object_component>
      <object_component id="oc-356">
         <name>.debug_info</name>
         <load_address>0xeeb9</load_address>
         <run_address>0xeeb9</run_address>
         <size>0xf0</size>
         <input_file_ref idref="fl-1f"/>
      </object_component>
      <object_component id="oc-359">
         <name>.debug_info</name>
         <load_address>0xefa9</load_address>
         <run_address>0xefa9</run_address>
         <size>0x102</size>
         <input_file_ref idref="fl-1f"/>
      </object_component>
      <object_component id="oc-247">
         <name>.debug_info</name>
         <load_address>0xf0ab</load_address>
         <run_address>0xf0ab</run_address>
         <size>0x2d82</size>
         <input_file_ref idref="fl-1f"/>
      </object_component>
      <object_component id="oc-2f8">
         <name>.debug_info</name>
         <load_address>0x11e2d</load_address>
         <run_address>0x11e2d</run_address>
         <size>0x340</size>
         <input_file_ref idref="fl-20"/>
      </object_component>
      <object_component id="oc-2e6">
         <name>.debug_info</name>
         <load_address>0x1216d</load_address>
         <run_address>0x1216d</run_address>
         <size>0xf2</size>
         <input_file_ref idref="fl-20"/>
      </object_component>
      <object_component id="oc-2e9">
         <name>.debug_info</name>
         <load_address>0x1225f</load_address>
         <run_address>0x1225f</run_address>
         <size>0xea</size>
         <input_file_ref idref="fl-20"/>
      </object_component>
      <object_component id="oc-2ec">
         <name>.debug_info</name>
         <load_address>0x12349</load_address>
         <run_address>0x12349</run_address>
         <size>0xee</size>
         <input_file_ref idref="fl-20"/>
      </object_component>
      <object_component id="oc-2ef">
         <name>.debug_info</name>
         <load_address>0x12437</load_address>
         <run_address>0x12437</run_address>
         <size>0xf4</size>
         <input_file_ref idref="fl-20"/>
      </object_component>
      <object_component id="oc-2f2">
         <name>.debug_info</name>
         <load_address>0x1252b</load_address>
         <run_address>0x1252b</run_address>
         <size>0xf2</size>
         <input_file_ref idref="fl-20"/>
      </object_component>
      <object_component id="oc-2f5">
         <name>.debug_info</name>
         <load_address>0x1261d</load_address>
         <run_address>0x1261d</run_address>
         <size>0xf6</size>
         <input_file_ref idref="fl-20"/>
      </object_component>
      <object_component id="oc-2e3">
         <name>.debug_info</name>
         <load_address>0x12713</load_address>
         <run_address>0x12713</run_address>
         <size>0xf3</size>
         <input_file_ref idref="fl-20"/>
      </object_component>
      <object_component id="oc-1db">
         <name>.debug_info</name>
         <load_address>0x12806</load_address>
         <run_address>0x12806</run_address>
         <size>0xd9d</size>
         <input_file_ref idref="fl-20"/>
      </object_component>
      <object_component id="oc-1f8">
         <name>.debug_info</name>
         <load_address>0x135a3</load_address>
         <run_address>0x135a3</run_address>
         <size>0x3c5</size>
         <input_file_ref idref="fl-29"/>
      </object_component>
      <object_component id="oc-1ef">
         <name>.debug_info</name>
         <load_address>0x13968</load_address>
         <run_address>0x13968</run_address>
         <size>0xe9</size>
         <input_file_ref idref="fl-29"/>
      </object_component>
      <object_component id="oc-1f5">
         <name>.debug_info</name>
         <load_address>0x13a51</load_address>
         <run_address>0x13a51</run_address>
         <size>0xf5</size>
         <input_file_ref idref="fl-29"/>
      </object_component>
      <object_component id="oc-1e6">
         <name>.debug_info</name>
         <load_address>0x13b46</load_address>
         <run_address>0x13b46</run_address>
         <size>0xef</size>
         <input_file_ref idref="fl-29"/>
      </object_component>
      <object_component id="oc-1f2">
         <name>.debug_info</name>
         <load_address>0x13c35</load_address>
         <run_address>0x13c35</run_address>
         <size>0xfc</size>
         <input_file_ref idref="fl-29"/>
      </object_component>
      <object_component id="oc-14f">
         <name>.debug_info</name>
         <load_address>0x13d31</load_address>
         <run_address>0x13d31</run_address>
         <size>0x2d73</size>
         <input_file_ref idref="fl-29"/>
      </object_component>
      <object_component id="oc-306">
         <name>.debug_info</name>
         <load_address>0x16aa4</load_address>
         <run_address>0x16aa4</run_address>
         <size>0x51</size>
         <input_file_ref idref="fl-29"/>
      </object_component>
      <object_component id="oc-34f">
         <name>.debug_info</name>
         <load_address>0x16af5</load_address>
         <run_address>0x16af5</run_address>
         <size>0x350</size>
         <input_file_ref idref="fl-2c"/>
      </object_component>
      <object_component id="oc-349">
         <name>.debug_info</name>
         <load_address>0x16e45</load_address>
         <run_address>0x16e45</run_address>
         <size>0xf6</size>
         <input_file_ref idref="fl-2c"/>
      </object_component>
      <object_component id="oc-34c">
         <name>.debug_info</name>
         <load_address>0x16f3b</load_address>
         <run_address>0x16f3b</run_address>
         <size>0x108</size>
         <input_file_ref idref="fl-2c"/>
      </object_component>
      <object_component id="oc-239">
         <name>.debug_info</name>
         <load_address>0x17043</load_address>
         <run_address>0x17043</run_address>
         <size>0x2604</size>
         <input_file_ref idref="fl-2c"/>
      </object_component>
      <object_component id="oc-1e4">
         <name>.debug_info</name>
         <load_address>0x19647</load_address>
         <run_address>0x19647</run_address>
         <size>0x345</size>
         <input_file_ref idref="fl-2d"/>
      </object_component>
      <object_component id="oc-1d3">
         <name>.debug_info</name>
         <load_address>0x1998c</load_address>
         <run_address>0x1998c</run_address>
         <size>0xf3</size>
         <input_file_ref idref="fl-2d"/>
      </object_component>
      <object_component id="oc-1d6">
         <name>.debug_info</name>
         <load_address>0x19a7f</load_address>
         <run_address>0x19a7f</run_address>
         <size>0x105</size>
         <input_file_ref idref="fl-2d"/>
      </object_component>
      <object_component id="oc-148">
         <name>.debug_info</name>
         <load_address>0x19b84</load_address>
         <run_address>0x19b84</run_address>
         <size>0x28e5</size>
         <input_file_ref idref="fl-2d"/>
      </object_component>
      <object_component id="oc-420">
         <name>.debug_info</name>
         <load_address>0x1c469</load_address>
         <run_address>0x1c469</run_address>
         <size>0x586</size>
         <input_file_ref idref="fl-32"/>
      </object_component>
      <object_component id="oc-47a">
         <name>.debug_info</name>
         <load_address>0x1c9ef</load_address>
         <run_address>0x1c9ef</run_address>
         <size>0x39</size>
         <input_file_ref idref="fl-32"/>
      </object_component>
      <object_component id="oc-343">
         <name>.debug_info</name>
         <load_address>0x1ca28</load_address>
         <run_address>0x1ca28</run_address>
         <size>0x46</size>
         <input_file_ref idref="fl-32"/>
      </object_component>
      <object_component id="oc-47f">
         <name>.debug_info</name>
         <load_address>0x1ca6e</load_address>
         <run_address>0x1ca6e</run_address>
         <size>0x76</size>
         <input_file_ref idref="fl-32"/>
      </object_component>
      <object_component id="oc-31d">
         <name>.debug_info</name>
         <load_address>0x1cae4</load_address>
         <run_address>0x1cae4</run_address>
         <size>0x2d6</size>
         <input_file_ref idref="fl-33"/>
      </object_component>
      <object_component id="oc-20e">
         <name>.debug_info</name>
         <load_address>0x1cdba</load_address>
         <run_address>0x1cdba</run_address>
         <size>0x517</size>
         <input_file_ref idref="fl-33"/>
      </object_component>
      <object_component id="oc-231">
         <name>.debug_info</name>
         <load_address>0x1d2d1</load_address>
         <run_address>0x1d2d1</run_address>
         <size>0x709</size>
         <input_file_ref idref="fl-35"/>
      </object_component>
      <object_component id="oc-213">
         <name>.debug_info</name>
         <load_address>0x1d9da</load_address>
         <run_address>0x1d9da</run_address>
         <size>0x2fa</size>
         <input_file_ref idref="fl-35"/>
      </object_component>
      <object_component id="oc-216">
         <name>.debug_info</name>
         <load_address>0x1dcd4</load_address>
         <run_address>0x1dcd4</run_address>
         <size>0xf6</size>
         <input_file_ref idref="fl-35"/>
      </object_component>
      <object_component id="oc-22b">
         <name>.debug_info</name>
         <load_address>0x1ddca</load_address>
         <run_address>0x1ddca</run_address>
         <size>0xf6</size>
         <input_file_ref idref="fl-35"/>
      </object_component>
      <object_component id="oc-22e">
         <name>.debug_info</name>
         <load_address>0x1dec0</load_address>
         <run_address>0x1dec0</run_address>
         <size>0xf6</size>
         <input_file_ref idref="fl-35"/>
      </object_component>
      <object_component id="oc-222">
         <name>.debug_info</name>
         <load_address>0x1dfb6</load_address>
         <run_address>0x1dfb6</run_address>
         <size>0x138</size>
         <input_file_ref idref="fl-35"/>
      </object_component>
      <object_component id="oc-21f">
         <name>.debug_info</name>
         <load_address>0x1e0ee</load_address>
         <run_address>0x1e0ee</run_address>
         <size>0xf6</size>
         <input_file_ref idref="fl-35"/>
      </object_component>
      <object_component id="oc-219">
         <name>.debug_info</name>
         <load_address>0x1e1e4</load_address>
         <run_address>0x1e1e4</run_address>
         <size>0x104</size>
         <input_file_ref idref="fl-35"/>
      </object_component>
      <object_component id="oc-21c">
         <name>.debug_info</name>
         <load_address>0x1e2e8</load_address>
         <run_address>0x1e2e8</run_address>
         <size>0xf8</size>
         <input_file_ref idref="fl-35"/>
      </object_component>
      <object_component id="oc-15a">
         <name>.debug_info</name>
         <load_address>0x1e3e0</load_address>
         <run_address>0x1e3e0</run_address>
         <size>0x46d3</size>
         <input_file_ref idref="fl-35"/>
      </object_component>
      <object_component id="oc-232">
         <name>.debug_info</name>
         <load_address>0x22ab3</load_address>
         <run_address>0x22ab3</run_address>
         <size>0x169</size>
         <input_file_ref idref="fl-35"/>
      </object_component>
      <object_component id="oc-31b">
         <name>.debug_info</name>
         <load_address>0x22c1c</load_address>
         <run_address>0x22c1c</run_address>
         <size>0x36b</size>
         <input_file_ref idref="fl-37"/>
      </object_component>
      <object_component id="oc-407">
         <name>.debug_info</name>
         <load_address>0x22f87</load_address>
         <run_address>0x22f87</run_address>
         <size>0x124</size>
         <input_file_ref idref="fl-37"/>
      </object_component>
      <object_component id="oc-318">
         <name>.debug_info</name>
         <load_address>0x230ab</load_address>
         <run_address>0x230ab</run_address>
         <size>0x10b</size>
         <input_file_ref idref="fl-37"/>
      </object_component>
      <object_component id="oc-208">
         <name>.debug_info</name>
         <load_address>0x231b6</load_address>
         <run_address>0x231b6</run_address>
         <size>0x75e</size>
         <input_file_ref idref="fl-37"/>
      </object_component>
      <object_component id="oc-313">
         <name>.debug_info</name>
         <load_address>0x23914</load_address>
         <run_address>0x23914</run_address>
         <size>0x259</size>
         <input_file_ref idref="fl-38"/>
      </object_component>
      <object_component id="oc-337">
         <name>.debug_info</name>
         <load_address>0x23b6d</load_address>
         <run_address>0x23b6d</run_address>
         <size>0x37a</size>
         <input_file_ref idref="fl-39"/>
      </object_component>
      <object_component id="oc-334">
         <name>.debug_info</name>
         <load_address>0x23ee7</load_address>
         <run_address>0x23ee7</run_address>
         <size>0xf2</size>
         <input_file_ref idref="fl-39"/>
      </object_component>
      <object_component id="oc-32e">
         <name>.debug_info</name>
         <load_address>0x23fd9</load_address>
         <run_address>0x23fd9</run_address>
         <size>0xf2</size>
         <input_file_ref idref="fl-39"/>
      </object_component>
      <object_component id="oc-331">
         <name>.debug_info</name>
         <load_address>0x240cb</load_address>
         <run_address>0x240cb</run_address>
         <size>0xee</size>
         <input_file_ref idref="fl-39"/>
      </object_component>
      <object_component id="oc-32b">
         <name>.debug_info</name>
         <load_address>0x241b9</load_address>
         <run_address>0x241b9</run_address>
         <size>0x10c</size>
[...]
         <object_component_ref idref="oc-145"/>
      </symbol>
      <symbol id="sm-7cc">
         <name>UARTCharGet</name>
         <value>0x583b</value>
         <object_component_ref idref="oc-145"/>
      </symbol>
      <symbol id="sm-7cd">
         <name>UARTFIFOLevelSet</name>
         <value>0x54fd</value>
         <object_component_ref idref="oc-145"/>
      </symbol>
      <symbol id="sm-7ce">
         <name>UARTModemControlClear</name>
         <value>0x573d</value>
         <object_component_ref idref="oc-145"/>
      </symbol>
      <symbol id="sm-7cf">
         <name>UARTParityModeGet</name>
         <value>0x54eb</value>
         <object_component_ref idref="oc-145"/>
      </symbol>
      <symbol id="sm-7d0">
         <name>UARTIntRegister</name>
         <value>0x58db</value>
         <object_component_ref idref="oc-145"/>
      </symbol>
      <symbol id="sm-7d1">
         <name>UARTBreakCtl</name>
         <value>0x5893</value>
         <object_component_ref idref="oc-145"/>
      </symbol>
      <symbol id="sm-7d2">
         <name>UART9BitAddrSet</name>
         <value>0x5a1b</value>
         <object_component_ref idref="oc-145"/>
      </symbol>
      <symbol id="sm-7ff">
         <name>uxListRemove</name>
         <value>0x7411</value>
         <object_component_ref idref="oc-20c"/>
      </symbol>
      <symbol id="sm-800">
         <name>vListInsert</name>
         <value>0x73ab</value>
         <object_component_ref idref="oc-20c"/>
      </symbol>
      <symbol id="sm-801">
         <name>vListInitialiseItem</name>
         <value>0x735f</value>
         <object_component_ref idref="oc-20c"/>
      </symbol>
      <symbol id="sm-802">
         <name>vListInsertEnd</name>
         <value>0x736f</value>
         <object_component_ref idref="oc-20c"/>
      </symbol>
      <symbol id="sm-803">
         <name>vListInitialise</name>
         <value>0x732f</value>
         <object_component_ref idref="oc-20c"/>
      </symbol>
      <symbol id="sm-9c5">
         <name>vTaskDelay</name>
         <value>0x4c7</value>
         <object_component_ref idref="oc-159"/>
      </symbol>
      <symbol id="sm-9c6">
         <name>vTaskSuspendAll</name>
         <value>0x935</value>
         <object_component_ref idref="oc-159"/>
      </symbol>
      <symbol id="sm-9c7">
         <name>vTaskPriorityInherit</name>
         <value>0x13a9</value>
         <object_component_ref idref="oc-159"/>
      </symbol>
      <symbol id="sm-9c8">
         <name>vTaskPlaceOnEventList</name>
         <value>0xcf9</value>
         <object_component_ref idref="oc-159"/>
      </symbol>
      <symbol id="sm-9c9">
         <name>vTaskSetTaskNumber</name>
         <value>0xf8d</value>
         <object_component_ref idref="oc-159"/>
      </symbol>
      <symbol id="sm-9ca">
         <name>uxTaskPriorityGetFromISR</name>
         <value>0x551</value>
         <object_component_ref idref="oc-159"/>
      </symbol>
      <symbol id="sm-9cb">
         <name>ulTaskNotifyTake</name>
         <value>0x1539</value>
         <object_component_ref idref="oc-159"/>
      </symbol>
      <symbol id="sm-9cc">
         <name>xTaskCheckForTimeOut</name>
         <value>0xee1</value>
         <object_component_ref idref="oc-159"/>
      </symbol>
      <symbol id="sm-9cd">
         <name>xTaskRemoveFromUnorderedEventList</name>
         <value>0xe51</value>
         <object_component_ref idref="oc-159"/>
      </symbol>
      <symbol id="sm-9ce">
         <name>vTaskPrioritySet</name>
         <value>0x5a9</value>
         <object_component_ref idref="oc-159"/>
      </symbol>
      <symbol id="sm-9cf">
         <name>xTaskPriorityDisinherit</name>
         <value>0x1463</value>
         <object_component_ref idref="oc-159"/>
      </symbol>
      <symbol id="sm-9d0">
         <name>vTaskStartScheduler</name>
         <value>0x8c1</value>
         <object_component_ref idref="oc-159"/>
      </symbol>
      <symbol id="sm-9d1">
         <name>xTaskNotifyStateClear</name>
         <value>0x1983</value>
         <object_component_ref idref="oc-159"/>
      </symbol>
      <symbol id="sm-9d2">
         <name>pvTaskIncrementMutexHeldCount</name>
         <value>0x1521</value>
         <object_component_ref idref="oc-159"/>
      </symbol>
      <symbol id="sm-9d3">
         <name>uxTaskGetStackHighWaterMark</name>
         <value>0x12fd</value>
         <object_component_ref idref="oc-159"/>
      </symbol>
      <symbol id="sm-9d4">
         <name>xTaskGenericNotify</name>
         <value>0x16e3</value>
         <object_component_ref idref="oc-159"/>
      </symbol>
      <symbol id="sm-9d5">
         <name>vTaskDelayUntil</name>
         <value>0x41f</value>
         <object_component_ref idref="oc-159"/>
      </symbol>
      <symbol id="sm-9d6">
         <name>uxTaskGetTaskNumber</name>
         <value>0xf6d</value>
         <object_component_ref idref="oc-159"/>
      </symbol>
      <symbol id="sm-9d7">
         <name>vTaskEndScheduler</name>
         <value>0x919</value>
         <object_component_ref idref="oc-159"/>
      </symbol>
      <symbol id="sm-9d8">
         <name>xTaskNotifyWait</name>
         <value>0x15fd</value>
         <object_component_ref idref="oc-159"/>
      </symbol>
      <symbol id="sm-9d9">
         <name>vTaskMissedYield</name>
         <value>0xf5b</value>
         <object_component_ref idref="oc-159"/>
      </symbol>
      <symbol id="sm-9da">
         <name>uxTaskGetNumberOfTasks</name>
         <value>0xa49</value>
         <object_component_ref idref="oc-159"/>
      </symbol>
      <symbol id="sm-9db">
         <name>xTaskGenericNotifyFromISR</name>
         <value>0x17d5</value>
         <object_component_ref idref="oc-159"/>
      </symbol>
      <symbol id="sm-9dc">
         <name>uxTaskPriorityGet</name>
         <value>0x523</value>
         <object_component_ref idref="oc-159"/>
      </symbol>
      <symbol id="sm-9dd">
         <name>xTaskResumeAll</name>
         <value>0x94d</value>
         <object_component_ref idref="oc-159"/>
      </symbol>
      <symbol id="sm-9de">
         <name>xTaskGetTickCount</name>
         <value>0xa21</value>
         <object_component_ref idref="oc-159"/>
      </symbol>
      <symbol id="sm-9df">
         <name>xTaskGenericCreate</name>
         <value>0x26d</value>
         <object_component_ref idref="oc-159"/>
      </symbol>
      <symbol id="sm-9e0">
         <name>uxTaskGetSystemState</name>
         <value>0xa55</value>
         <object_component_ref idref="oc-159"/>
      </symbol>
      <symbol id="sm-9e1">
         <name>vTaskDelete</name>
         <value>0x383</value>
         <object_component_ref idref="oc-159"/>
      </symbol>
      <symbol id="sm-9e2">
         <name>pxCurrentTCB</name>
         <value>0x20007ca0</value>
         <object_component_ref idref="oc-212"/>
      </symbol>
      <symbol id="sm-9e3">
         <name>vTaskNotifyGiveFromISR</name>
         <value>0x18dd</value>
         <object_component_ref idref="oc-159"/>
      </symbol>
      <symbol id="sm-9e4">
         <name>vTaskSuspend</name>
         <value>0x6bd</value>
         <object_component_ref idref="oc-159"/>
      </symbol>
      <symbol id="sm-9e5">
         <name>xTaskGetTickCountFromISR</name>
         <value>0xa31</value>
         <object_component_ref idref="oc-159"/>
      </symbol>
      <symbol id="sm-9e6">
         <name>vTaskResume</name>
         <value>0x7af</value>
         <object_component_ref idref="oc-159"/>
      </symbol>
      <symbol id="sm-9e7">
         <name>vTaskSetTimeOutState</name>
         <value>0xec3</value>
         <object_component_ref idref="oc-159"/>
      </symbol>
      <symbol id="sm-9e8">
         <name>xTaskIncrementTick</name>
         <value>0xb29</value>
         <object_component_ref idref="oc-159"/>
      </symbol>
      <symbol id="sm-9e9">
         <name>vTaskSwitchContext</name>
         <value>0xc4d</value>
         <object_component_ref idref="oc-159"/>
      </symbol>
      <symbol id="sm-9ea">
         <name>uxTaskResetEventItemValue</name>
         <value>0x14ff</value>
         <object_component_ref idref="oc-159"/>
      </symbol>
      <symbol id="sm-9eb">
         <name>xTaskResumeFromISR</name>
         <value>0x831</value>
         <object_component_ref idref="oc-159"/>
      </symbol>
      <symbol id="sm-9ec">
         <name>xTaskGetCurrentTaskHandle</name>
         <value>0x138b</value>
         <object_component_ref idref="oc-159"/>
      </symbol>
      <symbol id="sm-9ed">
         <name>vTaskPlaceOnUnorderedEventList</name>
         <value>0xd61</value>
         <object_component_ref idref="oc-159"/>
      </symbol>
      <symbol id="sm-9ee">
         <name>xTaskRemoveFromEventList</name>
         <value>0xdd5</value>
         <object_component_ref idref="oc-159"/>
      </symbol>
      <symbol id="sm-a1d">
         <name>ulMaxSyscallInterruptPriority</name>
         <value>0x8ec8</value>
         <object_component_ref idref="oc-406"/>
      </symbol>
      <symbol id="sm-a1e">
         <name>vPortSetupTimerInterrupt</name>
         <value>0x7553</value>
         <object_component_ref idref="oc-206"/>
      </symbol>
      <symbol id="sm-a1f">
         <name>vPortEndScheduler</name>
         <value>0x74f5</value>
         <object_component_ref idref="oc-206"/>
      </symbol>
      <symbol id="sm-a20">
         <name>xPortSysTickHandler</name>
         <value>0x752d</value>
         <object_component_ref idref="oc-206"/>
      </symbol>
      <symbol id="sm-a21">
         <name>pxPortInitialiseStack</name>
         <value>0x7459</value>
         <object_component_ref idref="oc-206"/>
      </symbol>
      <symbol id="sm-a22">
         <name>vPortExitCritical</name>
         <value>0x7517</value>
         <object_component_ref idref="oc-206"/>
      </symbol>
      <symbol id="sm-a23">
         <name>xPortStartScheduler</name>
         <value>0x74bf</value>
         <object_component_ref idref="oc-206"/>
      </symbol>
      <symbol id="sm-a24">
         <name>vPortEnterCritical</name>
         <value>0x74f7</value>
         <object_component_ref idref="oc-206"/>
      </symbol>
      <symbol id="sm-a33">
         <name>vPortStartFirstTask</name>
         <value>0x7c5d</value>
         <object_component_ref idref="oc-312"/>
      </symbol>
      <symbol id="sm-a34">
         <name>ulPortGetIPSR</name>
         <value>0x7bc5</value>
         <object_component_ref idref="oc-312"/>
      </symbol>
      <symbol id="sm-a35">
         <name>vPortEnableVFP</name>
         <value>0x7c79</value>
         <object_component_ref idref="oc-312"/>
      </symbol>
      <symbol id="sm-a36">
         <name>xPortPendSVHandler</name>
         <value>0x7bdd</value>
         <object_component_ref idref="oc-312"/>
      </symbol>
      <symbol id="sm-a37">
         <name>vPortSVCHandler</name>
         <value>0x7c3d</value>
         <object_component_ref idref="oc-312"/>
      </symbol>
      <symbol id="sm-a7e">
         <name>vPortInitialiseBlocks</name>
         <value>0x6d69</value>
         <object_component_ref idref="oc-224"/>
      </symbol>
      <symbol id="sm-a7f">
         <name>xPortGetFreeHeapSize</name>
         <value>0x6d63</value>
         <object_component_ref idref="oc-224"/>
      </symbol>
      <symbol id="sm-a80">
         <name>pvPortMalloc</name>
         <value>0x6c0d</value>
         <object_component_ref idref="oc-224"/>
      </symbol>
      <symbol id="sm-a81">
         <name>vPortFree</name>
         <value>0x6d05</value>
         <object_component_ref idref="oc-224"/>
      </symbol>
      <symbol id="sm-aa9">
         <name>sprintf</name>
         <value>0x84ad</value>
         <object_component_ref idref="oc-e7"/>
      </symbol>
      <symbol id="sm-ab8">
         <name>__aeabi_memset</name>
         <value>0x8127</value>
         <object_component_ref idref="oc-8f"/>
      </symbol>
      <symbol id="sm-ab9">
         <name>memset</name>
         <value>0x812d</value>
         <object_component_ref idref="oc-8f"/>
      </symbol>
      <symbol id="sm-aba">
         <name>__aeabi_memset8</name>
         <value>0x8127</value>
         <object_component_ref idref="oc-8f"/>
      </symbol>
      <symbol id="sm-abb">
         <name>__aeabi_memset4</name>
         <value>0x8127</value>
         <object_component_ref idref="oc-8f"/>
      </symbol>
      <symbol id="sm-abc">
         <name>__aeabi_memclr8</name>
         <value>0x8125</value>
         <object_component_ref idref="oc-8f"/>
      </symbol>
      <symbol id="sm-abd">
         <name>__aeabi_memclr4</name>
         <value>0x8125</value>
         <object_component_ref idref="oc-8f"/>
      </symbol>
      <symbol id="sm-abe">
         <name>__aeabi_memclr</name>
         <value>0x8125</value>
         <object_component_ref idref="oc-8f"/>
      </symbol>
      <symbol id="sm-ad9">
         <name>memcpy</name>
         <value>0x7de5</value>
         <object_component_ref idref="oc-3b"/>
      </symbol>
      <symbol id="sm-ada">
         <name>__aeabi_memcpy</name>
         <value>0x7de5</value>
         <object_component_ref idref="oc-3b"/>
      </symbol>
      <symbol id="sm-adb">
         <name>__aeabi_memcpy8</name>
         <value>0x7de5</value>
         <object_component_ref idref="oc-3b"/>
      </symbol>
      <symbol id="sm-adc">
         <name>__aeabi_memcpy4</name>
         <value>0x7de5</value>
         <object_component_ref idref="oc-3b"/>
      </symbol>
      <symbol id="sm-af3">
         <name>__TI_zero_init</name>
         <value>0x8663</value>
         <object_component_ref idref="oc-4d"/>
      </symbol>
      <symbol id="sm-b0a">
         <name>__TI_decompress_none</name>
         <value>0x8655</value>
         <object_component_ref idref="oc-1b"/>
      </symbol>
      <symbol id="sm-b2d">
         <name>__TI_decompress_lzss</name>
         <value>0x820d</value>
         <object_component_ref idref="oc-15"/>
      </symbol>
      <symbol id="sm-b40">
         <name>__stack</name>
         <value>0x200079d8</value>
         <object_component_ref idref="oc-24"/>
      </symbol>
      <symbol id="sm-b41">
         <name>_c_int00_noargs</name>
         <value>0x8569</value>
         <object_component_ref idref="oc-59"/>
      </symbol>
      <symbol id="sm-ca6">
         <name>__TI_printfi</name>
         <value>0x34e9</value>
         <object_component_ref idref="oc-194"/>
      </symbol>
      <symbol id="sm-cbd">
         <name>__aeabi_dsub</name>
         <value>0x6dc5</value>
         <object_component_ref idref="oc-395"/>
      </symbol>
      <symbol id="sm-cbe">
         <name>__aeabi_dadd</name>
         <value>0x6dcf</value>
         <object_component_ref idref="oc-395"/>
      </symbol>
      <symbol id="sm-ce0">
         <name>__aeabi_cdcmpeq</name>
         <value>0x7f17</value>
         <object_component_ref idref="oc-27e"/>
      </symbol>
      <symbol id="sm-ce1">
         <name>__aeabi_cdcmple</name>
         <value>0x7f17</value>
         <object_component_ref idref="oc-27e"/>
      </symbol>
      <symbol id="sm-ce2">
         <name>__aeabi_cdrcmple</name>
         <value>0x7f9d</value>
         <object_component_ref idref="oc-380"/>
      </symbol>
      <symbol id="sm-cf6">
         <name>__aeabi_ddiv</name>
         <value>0x71f9</value>
         <object_component_ref idref="oc-37b"/>
      </symbol>
      <symbol id="sm-d01">
         <name>__aeabi_dmul</name>
         <value>0x79e1</value>
         <object_component_ref idref="oc-376"/>
      </symbol>
      <symbol id="sm-d0b">
         <name>__aeabi_d2iz</name>
         <value>0x8421</value>
         <object_component_ref idref="oc-385"/>
      </symbol>
      <symbol id="sm-d15">
         <name>__aeabi_i2d</name>
         <value>0x859d</value>
         <object_component_ref idref="oc-390"/>
      </symbol>
      <symbol id="sm-d22">
         <name>__aeabi_uldivmod</name>
         <value>0x7e81</value>
         <object_component_ref idref="oc-36f"/>
      </symbol>
      <symbol id="sm-d4a">
         <name>__TI_auto_init_nobinit_nopinit</name>
         <value>0x8469</value>
         <object_component_ref idref="oc-102"/>
      </symbol>
      <symbol id="sm-d54">
         <name>_system_pre_init</name>
         <value>0x8693</value>
         <object_component_ref idref="oc-95"/>
      </symbol>
      <symbol id="sm-d60">
         <name>C$$EXIT</name>
         <value>0x8697</value>
         <object_component_ref idref="oc-f6"/>
      </symbol>
      <symbol id="sm-d61">
         <name>abort</name>
         <value>0x8697</value>
         <object_component_ref idref="oc-f6"/>
      </symbol>
      <symbol id="sm-d71">
         <name>__TI_ltoa</name>
         <value>0x832f</value>
         <object_component_ref idref="oc-38a"/>
      </symbol>
      <symbol id="sm-d88">
         <name>atoi</name>
         <value>0x83d5</value>
         <object_component_ref idref="oc-272"/>
      </symbol>
      <symbol id="sm-d93">
         <name>_ctypes_</name>
         <value>0x884c</value>
         <object_component_ref idref="oc-36a"/>
      </symbol>
      <symbol id="sm-da3">
         <name>memccpy</name>
         <value>0x85cb</value>
         <object_component_ref idref="oc-29b"/>
      </symbol>
      <symbol id="sm-db3">
         <name>strchr</name>
         <value>0x8619</value>
         <object_component_ref idref="oc-3c1"/>
      </symbol>
      <symbol id="sm-dc1">
         <name>strlen</name>
         <value>0x862f</value>
         <object_component_ref idref="oc-26c"/>
      </symbol>
      <symbol id="sm-dd7">
         <name>__aeabi_errno_addr</name>
         <value>0x8685</value>
         <object_component_ref idref="oc-2a7"/>
      </symbol>
      <symbol id="sm-dd8">
         <name>errno</name>
         <value>0x20007d20</value>
         <object_component_ref idref="oc-3d1"/>
      </symbol>
      <symbol id="sm-df8">
         <name>frexpl</name>
         <value>0x8275</value>
         <object_component_ref idref="oc-3b5"/>
      </symbol>
      <symbol id="sm-df9">
         <name>frexp</name>
         <value>0x8275</value>
         <object_component_ref idref="oc-3b5"/>
      </symbol>
      <symbol id="sm-e16">
         <name>scalbn</name>
         <value>0x77c9</value>
         <object_component_ref idref="oc-3bb"/>
      </symbol>
      <symbol id="sm-e17">
         <name>scalbnl</name>
         <value>0x77c9</value>
         <object_component_ref idref="oc-3bb"/>
      </symbol>
      <symbol id="sm-e18">
         <name>ldexpl</name>
         <value>0x77c9</value>
         <object_component_ref idref="oc-3bb"/>
      </symbol>
      <symbol id="sm-e19">
         <name>ldexp</name>
         <value>0x77c9</value>
         <object_component_ref idref="oc-3bb"/>
      </symbol>
      <symbol id="sm-e32">
         <name>wcslen</name>
         <value>0x8643</value>
         <object_component_ref idref="oc-2a1"/>
      </symbol>
      <symbol id="sm-e3c">
         <name>__aeabi_idiv0</name>
         <value>0x3f37</value>
         <object_component_ref idref="oc-43f"/>
      </symbol>
      <symbol id="sm-e3d">
         <name>__aeabi_ldiv0</name>
         <value>0x3f37</value>
         <object_component_ref idref="oc-43f"/>
      </symbol>
      <symbol id="sm-e47">
         <name>copysign</name>
         <value>0x85e7</value>
         <object_component_ref idref="oc-458"/>
      </symbol>
      <symbol id="sm-e48">
         <name>copysignl</name>
         <value>0x85e7</value>
         <object_component_ref idref="oc-458"/>
      </symbol>
      <symbol id="sm-e49">
         <name>__TI_static_base__</name>
         <value>0x0</value>
      </symbol>
      <symbol id="sm-e4c">
         <name>__mpu_init</name>
         <value>0x0</value>
      </symbol>
      <symbol id="sm-e4d">
         <name>_system_post_cinit</name>
         <value>0x0</value>
      </symbol>
   </symbol_table>
   <title>Link successful</title>
</link_info>
