******************************************************************************
                  TI ARM Linker PC v20.2.0                     
******************************************************************************
>> Linked Sat Oct 16 13:34:26 2021

OUTPUT FILE NAME:   <MIX Controller.out>
ENTRY POINT SYMBOL: "_c_int00_noargs"  address: 00008605


MEMORY CONFIGURATION

         name            origin    length      used     unused   attr    fill
----------------------  --------  ---------  --------  --------  ----  --------
  FLASH                 00000000   00040000  00008fe4  0003701c  R  X
  SRAM                  20000000   00008000  00007d24  000002dc  RW X


SEGMENT ALLOCATION MAP

run origin  load origin   length   init length attrs members
----------  ----------- ---------- ----------- ----- -------
00000000    00000000    00008fe8   00008fe8    r-x
  00000000    00000000    0000026c   0000026c    r-- .intvecs
  0000026c    0000026c    000084ca   000084ca    r-x .text
  00008738    00008738    00000836   00000836    r-- .const
  00008f70    00008f70    00000078   00000078    r-- .cinit
20000000    20000000    00007d27   00000000    rw-
  20000000    20000000    0000026c   00000000    rw- .vtable
  2000026c    2000026c    00007769   00000000    rw- .bss
  200079d8    200079d8    00000200   00000000    rw- .stack
  20007bd8    20007bd8    0000014f   00000000    rw- .data


SECTION ALLOCATION MAP

 output                                  attributes/
section   page    origin      length       input sections
--------  ----  ----------  ----------   ----------------
.intvecs   0    00000000    0000026c     
                  00000000    0000026c     tm4c123gh6pm_startup_ccs.obj (.intvecs)

.text      0    0000026c    000084ca     
                  0000026c    00001768     tasks.obj (.text)
                  000019d4    00000f80     sysctl.obj (.text)
                  00002954    00000b94     gpio.obj (.text)
                  000034e8    00000a4e     rtsv7M4_T_le_v4SPD16_eabi.lib : _printfi.c.obj (.text:__TI_printfi)
                  00003f36    00000002                                   : div0.asm.obj (.text)
                  00003f38    0000083a     adc.obj (.text)
                  00004772    00000002     --HOLE-- [fill = 0]
                  00004774    000006c8     i2c.obj (.text)
                  00004e3c    00000632     timer.obj (.text)
                  0000546e    00000002     --HOLE-- [fill = 0]
                  00005470    0000062e     uart.obj (.text)
                  00005a9e    00000002     --HOLE-- [fill = 0]
                  00005aa0    00000560     I2C_Manage.obj (.text)
                  00006000    000003c0     interrupt.obj (.text)
                  000063c0    00000270     rtsv7M4_T_le_v4SPD16_eabi.lib : _printfi.c.obj (.text:_pconv_a)
                  00006630    0000021c     Flow_Sensor.obj (.text)
                  0000684c    000001f0     Oxygen_Sensor.obj (.text)
                  00006a3c    000001d0     rtsv7M4_T_le_v4SPD16_eabi.lib : _printfi.c.obj (.text:_pconv_g)
                  00006c0c    000001b8     heap_2.obj (.text)
                  00006dc4    000001b6     rtsv7M4_T_le_v4SPD16_eabi.lib : fd_add_t2.asm.obj (.text)
                  00006f7a    00000002     --HOLE-- [fill = 0]
                  00006f7c    000001a4     Pressure_Sensor.obj (.text)
                  00007120    00000140     main.obj (.text)
                  00007260    0000013c     rtsv7M4_T_le_v4SPD16_eabi.lib : _printfi.c.obj (.text:_pconv_e)
                  0000739c    00000136                                   : fd_div_t2.asm.obj (.text)
                  000074d2    0000012a     list.obj (.text)
                  000075fc    00000128     port.obj (.text)
                  00007724    00000124     ADC_Manager.obj (.text)
                  00007848    00000124     rtsv7M4_T_le_v4SPD16_eabi.lib : _printfi.c.obj (.text:fcvt)
                  0000796c    00000110                                   : s_scalbn.c.obj (.text:scalbn)
                  00007a7c    000000fc                                   : fd_mul_t2.asm.obj (.text)
                  00007b78    000000d8     UART_Manager.obj (.text)
                  00007c50    000000d2     portasm.obj (.text)
                  00007d22    00000002     --HOLE-- [fill = 0]
                  00007d24    000000b1     rtsv7M4_T_le_v4SPD16_eabi.lib : _printfi.c.obj (.text:_ltostr)
                  00007dd5    00000003     --HOLE-- [fill = 0]
                  00007dd8    000000a8     Pins.obj (.text)
                  00007e80    0000009c     rtsv7M4_T_le_v4SPD16_eabi.lib : memcpy_t2.asm.obj (.text)
                  00007f1c    00000096                                   : ull_div_t2.asm.obj (.text)
                  00007fb2    00000086                                   : fd_cmp_t2.asm.obj (.text:__aeabi_cdcmple)
                  00008038    00000086                                   : fd_cmp_t2.asm.obj (.text:__aeabi_cdrcmple)
                  000080be    00000002     --HOLE-- [fill = 0]
                  000080c0    00000084     Schedule.obj (.text)
                  00008144    0000007c     Timer_Manage.obj (.text)
                  000081c0    0000007a     rtsv7M4_T_le_v4SPD16_eabi.lib : memset_t2.asm.obj (.text)
                  0000823a    0000006e                                   : _printfi.c.obj (.text:_mcpy)
                  000082a8    00000068                                   : copy_decompress_lzss.c.obj (.text:decompress:lzss:__TI_decompress_lzss)
                  00008310    00000064                                   : s_frexp.c.obj (.text:frexp)
                  00008374    00000056                                   : _printfi.c.obj (.text:_pconv_f)
                  000083ca    00000054                                   : _ltoa.c.obj (.text:__TI_ltoa)
                  0000841e    00000052                                   : _printfi.c.obj (.text:_ecpy)
                  00008470    0000004c                                   : atoi.c.obj (.text:atoi)
                  000084bc    00000048                                   : fd_toi_t2.asm.obj (.text)
                  00008504    00000044                                   : autoinit.c.obj (.text:__TI_auto_init_nobinit_nopinit:__TI_auto_init_nobinit_nopinit)
                  00008548    00000040                                   : sprintf.c.obj (.text:sprintf)
                  00008588    0000003e                                   : _printfi.c.obj (.text:_fcpy)
                  000085c6    0000003e     cpu.obj (.text)
                  00008604    00000034     rtsv7M4_T_le_v4SPD16_eabi.lib : boot_cortex_m.c.obj (.text:_c_int00_noargs:_c_int00_noargs)
                  00008638    0000002e                                   : i_tofd_t2.asm.obj (.text)
                  00008666    0000001c                                   : memccpy.c.obj (.text:memccpy)
                  00008682    0000001a                                   : s_copysign.c.obj (.text:copysign)
                  0000869c    00000018                                   : sprintf.c.obj (.text:_outs)
                  000086b4    00000016                                   : strchr.c.obj (.text:strchr)
                  000086ca    00000014                                   : strlen.c.obj (.text:strlen)
                  000086de    00000012                                   : wcslen.c.obj (.text:wcslen)
                  000086f0    0000000e                                   : copy_decompress_none.c.obj (.text:decompress:none:__TI_decompress_none)
                  000086fe    0000000c                                   : copy_zero_init.c.obj (.text:decompress:ZI:__TI_zero_init)
                  0000870a    0000000c     tm4c123gh6pm_startup_ccs.obj (.text)
                  00008716    0000000a     rtsv7M4_T_le_v4SPD16_eabi.lib : sprintf.c.obj (.text:_outc)
                  00008720    00000008                                   : errno.c.obj (.text:__aeabi_errno_addr)
                  00008728    00000006     sysctl.obj (.text:SysCtlDelay)
                  0000872e    00000004     rtsv7M4_T_le_v4SPD16_eabi.lib : pre_init.c.obj (.text:_system_pre_init)
                  00008732    00000004                                   : exit.c.obj (.text:abort:abort)

.const     0    00008738    00000836     
                  00008738    000001b0     sysctl.obj (.const:g_pppui32XTALtoVCO)
                  000088e8    00000101     rtsv7M4_T_le_v4SPD16_eabi.lib : ctype.c.obj (.const:.string:_ctypes_)
                  000089e9    00000003     Flow_Sensor.obj (.const:.string:$P$T2$3)
                  000089ec    000000d8     gpio.obj (.const:g_ppui32GPIOIntMapSnowflake)
                  00008ac4    000000c0     gpio.obj (.const:g_ppui32GPIOIntMapBlizzard)
                  00008b84    0000009c     interrupt.obj (.const:g_pui32Regs)
                  00008c20    00000090     gpio.obj (.const:g_pui32GPIOBaseAddrs)
                  00008cb0    0000006c     sysctl.obj (.const:g_pui32Xtals)
                  00008d1c    00000060     timer.obj (.const:g_ppui32TimerIntMap)
                  00008d7c    00000050     i2c.obj (.const:g_ppui32I2CIntMapSnowflake)
                  00008dcc    00000040     timer.obj (.const:g_ppui32TimerIntMapSnowflake)
                  00008e0c    00000040     uart.obj (.const:g_ppui32UARTIntMap)
                  00008e4c    00000040     uart.obj (.const:g_ppui32UARTIntMapSnowflake)
                  00008e8c    00000030     i2c.obj (.const:g_ppui32I2CIntMap)
                  00008ebc    00000030     sysctl.obj (.const:g_sXTALtoMEMTIM)
                  00008eec    00000020     interrupt.obj (.const:g_pui32Priority)
                  00008f0c    00000014     interrupt.obj (.const:g_pui32Dii16Regs)
                  00008f20    00000014     interrupt.obj (.const:g_pui32EnRegs)
                  00008f34    00000014     interrupt.obj (.const:g_pui32PendRegs)
                  00008f48    00000014     interrupt.obj (.const:g_pui32UnpendRegs)
                  00008f5c    00000008     sysctl.obj (.const:g_pui32VCOFrequencies)
                  00008f64    00000004     port.obj (.const)
                  00008f68    00000002     Flow_Sensor.obj (.const:.string:$P$T0$1)
                  00008f6a    00000002     Flow_Sensor.obj (.const:.string:$P$T1$2)
                  00008f6c    00000001     Pressure_Sensor.obj (.const:.string:$P$T0$1)
                  00008f6d    00000001     Pressure_Sensor.obj (.const:.string:$P$T1$2)

.cinit     0    00008f70    00000078     
                  00008f70    00000043     (.cinit..data.load) [load image, compression = lzss]
                  00008fb3    00000001     --HOLE-- [fill = 0]
                  00008fb4    0000000c     (__TI_handler_table)
                  00008fc0    00000008     (.cinit..bss.load) [load image, compression = zero_init]
                  00008fc8    00000008     (.cinit..vtable.load) [load image, compression = zero_init]
                  00008fd0    00000018     (__TI_cinit_table)

.init_array 
*          0    00000000    00000000     UNINITIALIZED

.vtable    0    20000000    0000026c     UNINITIALIZED
                  20000000    0000026c     interrupt.obj (.vtable)

.bss       0    2000026c    00007769     UNINITIALIZED
                  2000026c    00007530     heap_2.obj (.bss:ucHeap)
                  2000779c    00000140     tasks.obj (.bss:pxReadyTasksLists)
                  200078dc    00000064     (.common:S)
                  20007940    00000014     tasks.obj (.bss:xDelayedTaskList1)
                  20007954    00000014     tasks.obj (.bss:xDelayedTaskList2)
                  20007968    00000014     tasks.obj (.bss:xPendingReadyList)
                  2000797c    00000014     tasks.obj (.bss:xSuspendedTaskList)
                  20007990    00000014     tasks.obj (.bss:xTasksWaitingTermination)
                  200079a4    00000008     adc.obj (.bss:g_pui8OversampleFactor)
                  200079ac    00000008     tasks.obj (.bss)
                  200079b4    00000008     heap_2.obj (.bss:xEnd)
                  200079bc    00000008     heap_2.obj (.bss:xStart)
                  200079c4    00000004     (.common:Air_Pressure)
                  200079c8    00000004     (.common:Oxygen_Pressure)
                  200079cc    00000004     (.common:Tank_Pressure)
                  200079d0    00000002     (.common:Air_Flow)
                  200079d2    00000002     (.common:Oxygen_Flow)
                  200079d4    00000001     (.common:Oxygen_Percentage)

.data      0    20007bd8    0000014f     UNINITIALIZED
                  20007bd8    000000c8     Oxygen_Sensor.obj (.data:arr)
                  20007ca0    00000030     tasks.obj (.data)
                  20007cd0    00000020     Pins.obj (.data:astrOutputPins)
                  20007cf0    00000012     Oxygen_Sensor.obj (.data)
                  20007d02    00000002     Pressure_Sensor.obj (.data:SensorSequencer)
                  20007d04    00000010     I2C_Manage.obj (.data:I2C_Bases)
                  20007d14    00000008     heap_2.obj (.data)
                  20007d1c    00000004     port.obj (.data)
                  20007d20    00000004     rtsv7M4_T_le_v4SPD16_eabi.lib : errno.c.obj (.data)
                  20007d24    00000002     Flow_Sensor.obj (.data:SensorsI2Cs)
                  20007d26    00000001     Timer_Manage.obj (.data)

.stack     0    200079d8    00000200     UNINITIALIZED
                  200079d8    00000004     rtsv7M4_T_le_v4SPD16_eabi.lib : boot_cortex_m.c.obj (.stack)
                  200079dc    000001fc     --HOLE--

__llvm_prf_cnts 
*          0    20000000    00000000     UNINITIALIZED

MODULE SUMMARY

       Module                         code    ro data   rw data
       ------                         ----    -------   -------
    .\
       tm4c123gh6pm_startup_ccs.obj   12      620       0      
       main.obj                       320     0         117    
    +--+------------------------------+-------+---------+---------+
       Total:                         332     620       117    
                                                               
    .\APP\schedule\
       Schedule.obj                   132     0         0      
    +--+------------------------------+-------+---------+---------+
       Total:                         132     0         0      
                                                               
    .\HAL\Flow_Sensor\
       Flow_Sensor.obj                540     7         2      
    +--+------------------------------+-------+---------+---------+
       Total:                         540     7         2      
                                                               
    .\HAL\Oxygen_Sensor\
       Oxygen_Sensor.obj              496     0         218    
    +--+------------------------------+-------+---------+---------+
       Total:                         496     0         218    
                                                               
    .\HAL\Pressure_Sensor\
       Pressure_Sensor.obj            420     2         2      
    +--+------------------------------+-------+---------+---------+
       Total:                         420     2         2      
                                                               
    .\MCAL\ADC\
       ADC_Manager.obj                292     0         0      
    +--+------------------------------+-------+---------+---------+
       Total:                         292     0         0      
                                                               
    .\MCAL\I2C\
       I2C_Manage.obj                 1376    0         16     
    +--+------------------------------+-------+---------+---------+
       Total:                         1376    0         16     
                                                               
    .\MCAL\Pins\
       Pins.obj                       168     0         32     
    +--+------------------------------+-------+---------+---------+
       Total:                         168     0         32     
                                                               
    .\MCAL\Timer\
       Timer_Manage.obj               124     0         1      
    +--+------------------------------+-------+---------+---------+
       Total:                         124     0         1      
                                                               
    .\MCAL\UART\
       UART_Manager.obj               216     0         0      
    +--+------------------------------+-------+---------+---------+
       Total:                         216     0         0      
                                                               
    .\MCAL\driverlib\
       sysctl.obj                     3974    596       0      
       gpio.obj                       2964    552       0      
       adc.obj                        2106    0         8      
       i2c.obj                        1736    128       0      
       interrupt.obj                  960     268       620    
       timer.obj                      1586    160       0      
       uart.obj                       1582    128       0      
       cpu.obj                        62      0         0      
    +--+------------------------------+-------+---------+---------+
       Total:                         14970   1832      628    
                                                               
    .\OS\FreeRTOS\Source\
       tasks.obj                      5992    0         476    
       list.obj                       298     0         0      
    +--+------------------------------+-------+---------+---------+
       Total:                         6290    0         476    
                                                               
    .\OS\FreeRTOS\Source\portable\CCS\ARM_CM4F\
       port.obj                       296     4         4      
       portasm.obj                    210     0         0      
    +--+------------------------------+-------+---------+---------+
       Total:                         506     4         4      
                                                               
    .\OS\FreeRTOS\Source\portable\MemMang\
       heap_2.obj                     440     0         30024  
    +--+------------------------------+-------+---------+---------+
       Total:                         440     0         30024  
                                                               
    C:\ti\ccs1000\ccs\tools\compiler\ti-cgt-arm_20.2.0.LTS\lib\rtsv7M4_T_le_v4SPD16_eabi.lib
       _printfi.c.obj                 4851    0         0      
       fd_add_t2.asm.obj              438     0         0      
       fd_div_t2.asm.obj              310     0         0      
       s_scalbn.c.obj                 272     0         0      
       fd_cmp_t2.asm.obj              268     0         0      
       ctype.c.obj                    0       257       0      
       fd_mul_t2.asm.obj              252     0         0      
       memcpy_t2.asm.obj              156     0         0      
       ull_div_t2.asm.obj             150     0         0      
       memset_t2.asm.obj              122     0         0      
       copy_decompress_lzss.c.obj     104     0         0      
       s_frexp.c.obj                  100     0         0      
       sprintf.c.obj                  98      0         0      
       _ltoa.c.obj                    84      0         0      
       atoi.c.obj                     76      0         0      
       fd_toi_t2.asm.obj              72      0         0      
       autoinit.c.obj                 68      0         0      
       boot_cortex_m.c.obj            52      0         0      
       i_tofd_t2.asm.obj              46      0         0      
       memccpy.c.obj                  28      0         0      
       s_copysign.c.obj               26      0         0      
       strchr.c.obj                   22      0         0      
       strlen.c.obj                   20      0         0      
       wcslen.c.obj                   18      0         0      
       copy_decompress_none.c.obj     14      0         0      
       copy_zero_init.c.obj           12      0         0      
       errno.c.obj                    8       0         4      
       exit.c.obj                     4       0         0      
       pre_init.c.obj                 4       0         0      
       div0.asm.obj                   2       0         0      
    +--+------------------------------+-------+---------+---------+
       Total:                         7677    257       4      
                                                               
       Stack:                         0       0         512    
       Linker Generated:              0       119       0      
    +--+------------------------------+-------+---------+---------+
       Grand Total:                   33979   2841      32036  


LINKER GENERATED COPY TABLES

__TI_cinit_table @ 00008fd0 records: 3, size/record: 8, table size: 24
	.data: load addr=00008f70, load size=00000043 bytes, run addr=20007bd8, run size=0000014f bytes, compression=lzss
	.bss: load addr=00008fc0, load size=00000008 bytes, run addr=2000026c, run size=00007769 bytes, compression=zero_init
	.vtable: load addr=00008fc8, load size=00000008 bytes, run addr=20000000, run size=0000026c bytes, compression=zero_init


LINKER GENERATED HANDLER TABLE

__TI_handler_table @ 00008fb4 records: 3, size/record: 4, table size: 12
	index: 0, handler: __TI_zero_init
	index: 1, handler: __TI_decompress_lzss
	index: 2, handler: __TI_decompress_none


GLOBAL SYMBOLS: SORTED ALPHABETICALLY BY Name 

address   name                              
-------   ----                              
000046e9  ADCBusy                           
00004731  ADCClockConfigGet                 
00004707  ADCClockConfigSet                 
00004503  ADCComparatorConfigure            
000045dd  ADCComparatorIntClear             
00004589  ADCComparatorIntDisable           
000045a7  ADCComparatorIntEnable            
000045c9  ADCComparatorIntStatus            
0000451f  ADCComparatorRegionSet            
00004543  ADCComparatorReset                
000044d1  ADCHardwareOversampleConfigure    
00004073  ADCIntClear                       
00004651  ADCIntClearEx                     
00003fd9  ADCIntDisable                     
000045ef  ADCIntDisableEx                   
00003ff5  ADCIntEnable                      
00004607  ADCIntEnableEx                    
00003f93  ADCIntRegister                    
0000401b  ADCIntStatus                      
0000461f  ADCIntStatusEx                    
00003fbb  ADCIntUnregister                  
000046a3  ADCPhaseDelayGet                  
00004691  ADCPhaseDelaySet                  
000042e5  ADCProcessorTrigger               
0000467f  ADCReferenceGet                   
00004663  ADCReferenceSet                   
000040bd  ADCSequenceConfigure              
000046cd  ADCSequenceDMADisable             
000046b1  ADCSequenceDMAEnable              
000042a3  ADCSequenceDataGet                
000040a3  ADCSequenceDisable                
00004089  ADCSequenceEnable                 
00004247  ADCSequenceOverflow               
0000425f  ADCSequenceOverflowClear          
00004159  ADCSequenceStepConfigure          
00004275  ADCSequenceUnderflow              
0000428d  ADCSequenceUnderflowClear         
00004309  ADCSoftwareOversampleConfigure    
0000443d  ADCSoftwareOversampleDataGet      
0000435b  ADCSoftwareOversampleStepConfigure
000077f9  ADC_SampleChannel                 
200079d0  Air_Flow                          
200079c4  Air_Pressure                      
00008733  C$$EXIT                           
000085fb  CPUbasepriGet                     
000085ed  CPUbasepriSet                     
000085c7  CPUcpsid                          
000085dd  CPUcpsie                          
000085d3  CPUprimask                        
000085e9  CPUwfi                            
000034c1  GPIOADCTriggerDisable             
000034a3  GPIOADCTriggerEnable              
00003485  GPIODMATriggerDisable             
00003467  GPIODMATriggerEnable              
00002a0f  GPIODirModeGet                    
000029b3  GPIODirModeSet                    
00002f77  GPIOIntClear                      
00002f3b  GPIOIntDisable                    
00002f21  GPIOIntEnable                     
00002f8b  GPIOIntRegister                   
00002fc3  GPIOIntRegisterPin                
00002f55  GPIOIntStatus                     
00002aff  GPIOIntTypeGet                    
00002a5b  GPIOIntTypeSet                    
00002fa9  GPIOIntUnregister                 
00002ff1  GPIOIntUnregisterPin              
00002dcf  GPIOPadConfigGet                  
00002b95  GPIOPadConfigSet                  
00003409  GPIOPinConfigure                  
00003015  GPIOPinRead                       
0000304d  GPIOPinTypeADC                    
00003071  GPIOPinTypeCAN                    
00003095  GPIOPinTypeComparator             
000030b9  GPIOPinTypeComparatorOutput       
000030dd  GPIOPinTypeDIVSCLK                
00003101  GPIOPinTypeEPI                    
00003125  GPIOPinTypeEthernetLED            
00003149  GPIOPinTypeEthernetMII            
0000316d  GPIOPinTypeGPIOInput              
00003191  GPIOPinTypeGPIOOutput             
000031b5  GPIOPinTypeGPIOOutputOD           
000031d9  GPIOPinTypeHibernateRTCCLK        
000031fd  GPIOPinTypeI2C                    
00003221  GPIOPinTypeI2CSCL                 
00003245  GPIOPinTypeLCD                    
00003269  GPIOPinTypeOneWire                
0000328d  GPIOPinTypePWM                    
000032b1  GPIOPinTypeQEI                    
000032d5  GPIOPinTypeSSI                    
000032f9  GPIOPinTypeTimer                  
0000331d  GPIOPinTypeTrace                  
00003341  GPIOPinTypeUART                   
00003365  GPIOPinTypeUSBAnalog              
00003389  GPIOPinTypeUSBDigital             
000033ad  GPIOPinTypeWakeHigh               
000033d3  GPIOPinTypeWakeLow                
000033f9  GPIOPinWakeStatus                 
0000302d  GPIOPinWrite                      
00004d3b  I2CFIFODataGet                    
00004d55  I2CFIFODataGetNonBlocking         
00004cf1  I2CFIFODataPut                    
00004d13  I2CFIFODataPutNonBlocking         
00004ce1  I2CFIFOStatus                     
000048e1  I2CIntRegister                    
000048ff  I2CIntUnregister                  
00004e17  I2CLoopbackEnable                 
00004d91  I2CMasterBurstCountGet            
00004d7b  I2CMasterBurstLengthSet           
00004b39  I2CMasterBusBusy                  
00004b21  I2CMasterBusy                     
00004b51  I2CMasterControl                  
00004ba5  I2CMasterDataGet                  
00004b8f  I2CMasterDataPut                  
000048ad  I2CMasterDisable                  
00004879  I2CMasterEnable                   
00004b63  I2CMasterErr                      
00004d9f  I2CMasterGlitchFilterConfigSet    
000047d3  I2CMasterInitExpClk               
00004a99  I2CMasterIntClear                 
00004ab9  I2CMasterIntClearEx               
00004973  I2CMasterIntDisable               
00004983  I2CMasterIntDisableEx             
00004919  I2CMasterIntEnable                
00004929  I2CMasterIntEnableEx              
000049cd  I2CMasterIntStatus                
00004a07  I2CMasterIntStatusEx              
00004b13  I2CMasterLineStateGet             
00004af1  I2CMasterSlaveAddrSet             
00004bb3  I2CMasterTimeoutSet               
00005e99  I2CReadBytes                      
00005c0f  I2CReceiveBytes                   
00005b87  I2CReceiveOneByte                 
00004ca1  I2CRxFIFOConfigSet                
00004cc9  I2CRxFIFOFlush                    
00005d9d  I2CSendString                     
00004bc5  I2CSlaveACKOverride               
00004bf7  I2CSlaveACKValueSet               
0000483b  I2CSlaveAddressSet                
00004c51  I2CSlaveDataGet                   
00004c39  I2CSlaveDataPut                   
000048c3  I2CSlaveDisable                   
0000488f  I2CSlaveEnable                    
00004e05  I2CSlaveFIFODisable               
00004ded  I2CSlaveFIFOEnable                
00004821  I2CSlaveInit                      
00004acb  I2CSlaveIntClear                  
00004add  I2CSlaveIntClearEx                
0000499b  I2CSlaveIntDisable                
000049b3  I2CSlaveIntDisableEx              
00004941  I2CSlaveIntEnable                 
00004959  I2CSlaveIntEnableEx               
00004a39  I2CSlaveIntStatus                 
00004a77  I2CSlaveIntStatusEx               
00004c29  I2CSlaveStatus                    
00004c61  I2CTxFIFOConfigSet                
00004c89  I2CTxFIFOFlush                    
20007d04  I2C_Bases                         
00007b79  ISR_UART1IntHandler               
00005aa1  InitI2C                           
000061c1  IntDisable                        
0000614f  IntEnable                         
00006233  IntIsEnabled                      
00006013  IntMasterDisable                  
00006003  IntMasterEnable                   
00006329  IntPendClear                      
000062b9  IntPendSet                        
0000612b  IntPriorityGet                    
000060a3  IntPriorityGroupingGet            
00006089  IntPriorityGroupingSet            
00006383  IntPriorityMaskGet                
00006377  IntPriorityMaskSet                
000060db  IntPrioritySet                    
00006023  IntRegister                       
0000638b  IntTrigger                        
00006075  IntUnregister                     
200079d2  Oxygen_Flow                       
200079d4  Oxygen_Percentage                 
200079c8  Oxygen_Pressure                   
00007dd9  PIN_vidInit                       
00007e4b  PIN_vidSetPin                     
000069dd  ReadOxygenSensor                  
0000870b  ResetISR                          
200078dc  S                                 
000080e3  ScheduleTaskInit                  
00002911  SysCtlAltClkConfig                
00002039  SysCtlClockFreqSet                
00002501  SysCtlClockGet                    
000028f5  SysCtlClockOutConfig              
00002331  SysCtlClockSet                    
00001f3d  SysCtlDeepSleep                   
000026c5  SysCtlDeepSleepClockConfigSet     
000026a7  SysCtlDeepSleepClockSet           
00001f1d  SysCtlDeepSleepPowerSet           
00008729  SysCtlDelay                       
00001acb  SysCtlFlashSectorSizeGet          
00001a9f  SysCtlFlashSizeGet                
0000279b  SysCtlGPIOAHBDisable              
0000277f  SysCtlGPIOAHBEnable               
00001eb1  SysCtlIntClear                    
00001e99  SysCtlIntDisable                  
00001e85  SysCtlIntEnable                   
00001e5d  SysCtlIntRegister                 
00001ec1  SysCtlIntStatus                   
00001e75  SysCtlIntUnregister               
00001f03  SysCtlLDODeepSleepGet             
00001ef3  SysCtlLDODeepSleepSet             
00001eed  SysCtlLDOSleepGet                 
00001edd  SysCtlLDOSleepSet                 
00001f73  SysCtlMOSCConfigSet               
000028d9  SysCtlNMIClear                    
000028c5  SysCtlNMIStatus                   
00001f89  SysCtlPIOSCCalibrate              
00002769  SysCtlPWMClockGet                 
0000274f  SysCtlPWMClockSet                 
00001e09  SysCtlPeripheralClockGating       
00001dc1  SysCtlPeripheralDeepSleepDisable  
00001d71  SysCtlPeripheralDeepSleepEnable   
00001cad  SysCtlPeripheralDisable           
00001c71  SysCtlPeripheralEnable            
00001bad  SysCtlPeripheralPowerOff          
00001b71  SysCtlPeripheralPowerOn           
00001af1  SysCtlPeripheralPresent           
00001b31  SysCtlPeripheralReady             
00001be9  SysCtlPeripheralReset             
00001d35  SysCtlPeripheralSleepDisable      
00001cf1  SysCtlPeripheralSleepEnable       
00001f2d  SysCtlReset                       
00001fe9  SysCtlResetBehaviorGet            
00001fd9  SysCtlResetBehaviorSet            
00001f5f  SysCtlResetCauseClear             
00001f59  SysCtlResetCauseGet               
00001a95  SysCtlSRAMSizeGet                 
00001f35  SysCtlSleep                       
00001f09  SysCtlSleepPowerSet               
000027c3  SysCtlUSBPLLDisable               
000027b7  SysCtlUSBPLLEnable                
00002809  SysCtlVCOGet                      
000027f1  SysCtlVoltageEventClear           
000027d5  SysCtlVoltageEventConfig          
000027e5  SysCtlVoltageEventStatus          
0000819f  TIM_bGetTimerFlag                 
000081a5  TIM_vidClearTimerFlag             
200079cc  Tank_Pressure                     
000053ed  TimerADCEventGet                  
000053db  TimerADCEventSet                  
00005105  TimerClockSourceGet               
000050e7  TimerClockSourceSet               
00004eeb  TimerConfigure                    
00004ffb  TimerControlEvent                 
00004f57  TimerControlLevel                 
00005025  TimerControlStall                 
00004f8d  TimerControlTrigger               
0000505b  TimerControlWaitOnTrigger         
0000540d  TimerDMAEventGet                  
000053fb  TimerDMAEventSet                  
00004ecd  TimerDisable                      
00004eaf  TimerEnable                       
000053b7  TimerIntClear                     
00005381  TimerIntDisable                   
00005369  TimerIntEnable                    
00005323  TimerIntRegister                  
00005399  TimerIntStatus                    
0000534b  TimerIntUnregister                
000051db  TimerLoadGet                      
00005211  TimerLoadGet64                    
000051b1  TimerLoadSet                      
000051f7  TimerLoadSet64                    
000052bb  TimerMatchGet                     
000052f1  TimerMatchGet64                   
00005291  TimerMatchSet                     
000052d7  TimerMatchSet64                   
0000514b  TimerPrescaleGet                  
00005191  TimerPrescaleMatchGet             
00005167  TimerPrescaleMatchSet             
00005121  TimerPrescaleSet                  
000050d1  TimerRTCDisable                   
000050bb  TimerRTCEnable                    
000053c9  TimerSynchronize                  
0000541b  TimerUpdateMode                   
00005243  TimerValueGet                     
0000525f  TimerValueGet64                   
00008157  TimervidInit                      
00005a41  UART9BitAddrSend                  
00005a1b  UART9BitAddrSet                   
00005a05  UART9BitDisable                   
000059ef  UART9BitEnable                    
00005893  UARTBreakCtl                      
000058bd  UARTBusy                          
0000583b  UARTCharGet                       
0000581f  UARTCharGetNonBlocking            
00005875  UARTCharPut                       
00005851  UARTCharPutNonBlocking            
000057e3  UARTCharsAvail                    
000059df  UARTClockSourceGet                
000059cb  UARTClockSourceSet                
000055b3  UARTConfigGetExpClk               
0000553d  UARTConfigSetExpClk               
00005991  UARTDMADisable                    
00005979  UARTDMAEnable                     
00005623  UARTDisable                       
000056a7  UARTDisableSIR                    
000055ff  UARTEnable                        
00005679  UARTEnableSIR                     
00005663  UARTFIFODisable                   
0000564d  UARTFIFOEnable                    
00005515  UARTFIFOLevelGet                  
000054fd  UARTFIFOLevelSet                  
000057a3  UARTFlowControlGet                
00005787  UARTFlowControlSet                
00005967  UARTIntClear                      
00005931  UARTIntDisable                    
00005919  UARTIntEnable                     
000058db  UARTIntRegister                   
00005949  UARTIntStatus                     
000058f9  UARTIntUnregister                 
00005a89  UARTLoopbackEnable                
0000573d  UARTModemControlClear             
00005761  UARTModemControlGet               
00005705  UARTModemControlSet               
00005773  UARTModemStatusGet                
000054eb  UARTParityModeGet                 
000054cf  UARTParityModeSet                 
000059bb  UARTRxErrorClear                  
000059a9  UARTRxErrorGet                    
000056ef  UARTSmartCardDisable              
000056bd  UARTSmartCardEnable               
00005801  UARTSpaceAvail                    
000057d1  UARTTxIntModeGet                  
000057b5  UARTTxIntModeSet                  
00007b9f  UART_vidInit                      
00007c03  UART_vidReceive                   
00007c2b  UART_vidSend                      
20007bd8  __STACK_END                       
00000200  __STACK_SIZE                      
20007bd8  __STACK_TOP                       
00008fd0  __TI_CINIT_Base                   
00008fe8  __TI_CINIT_Limit                  
00008fb4  __TI_Handler_Table_Base           
00008fc0  __TI_Handler_Table_Limit          
00008505  __TI_auto_init_nobinit_nopinit    
000082a9  __TI_decompress_lzss              
000086f1  __TI_decompress_none              
000083cb  __TI_ltoa                         
ffffffff  __TI_pprof_out_hndl               
000034e9  __TI_printfi                      
ffffffff  __TI_prof_data_size               
ffffffff  __TI_prof_data_start              
00000000  __TI_static_base__                
000086ff  __TI_zero_init                    
00007fb3  __aeabi_cdcmpeq                   
00007fb3  __aeabi_cdcmple                   
00008039  __aeabi_cdrcmple                  
000084bd  __aeabi_d2iz                      
00006dcf  __aeabi_dadd                      
0000739d  __aeabi_ddiv                      
00007a7d  __aeabi_dmul                      
00006dc5  __aeabi_dsub                      
00008721  __aeabi_errno_addr                
00008639  __aeabi_i2d                       
00003f37  __aeabi_idiv0                     
00003f37  __aeabi_ldiv0                     
000081c1  __aeabi_memclr                    
000081c1  __aeabi_memclr4                   
000081c1  __aeabi_memclr8                   
00007e81  __aeabi_memcpy                    
00007e81  __aeabi_memcpy4                   
00007e81  __aeabi_memcpy8                   
000081c3  __aeabi_memset                    
000081c3  __aeabi_memset4                   
000081c3  __aeabi_memset8                   
00007f1d  __aeabi_uldivmod                  
ffffffff  __binit__                         
ffffffff  __c_args__                        
UNDEFED   __mpu_init                        
200079d8  __stack                           
20000000  __start___llvm_prf_cnts           
20000000  __stop___llvm_prf_cnts            
00008605  _c_int00_noargs                   
000088e8  _ctypes_                          
UNDEFED   _system_post_cinit                
0000872f  _system_pre_init                  
00008733  abort                             
20007cd0  astrOutputPins                    
00008471  atoi                              
00008113  bDriverInit                       
ffffffff  binit                             
00008683  copysign                          
00008683  copysignl                         
20007d20  errno                             
00008311  frexp                             
00008311  frexpl                            
20000000  g_pfnRAMVectors                   
00000000  g_pfnVectors                      
00007725  initADC                           
0000796d  ldexp                             
0000796d  ldexpl                            
0000713d  main                              
00008667  memccpy                           
00007e81  memcpy                            
000081c9  memset                            
00006c0d  pvPortMalloc                      
00001521  pvTaskIncrementMutexHeldCount     
20007ca0  pxCurrentTCB                      
000075fd  pxPortInitialiseStack             
000066e1  s16ReadFlow                       
0000796d  scalbn                            
0000796d  scalbnl                           
00008549  sprintf                           
000086b5  strchr                            
000086cb  strlen                            
00006f7d  u32ReadPressure                   
0000677d  u32ReadSensorID                   
00007079  u32ReadTemp                       
00008f64  ulMaxSyscallInterruptPriority     
00007c61  ulPortGetIPSR                     
00001539  ulTaskNotifyTake                  
000075b5  uxListRemove                      
00000a49  uxTaskGetNumberOfTasks            
000012fd  uxTaskGetStackHighWaterMark       
00000a55  uxTaskGetSystemState              
00000f6d  uxTaskGetTaskNumber               
00000523  uxTaskPriorityGet                 
00000551  uxTaskPriorityGetFromISR          
000014ff  uxTaskResetEventItemValue         
000080c1  vApplicationStackOverflowHook     
000074d3  vListInitialise                   
00007503  vListInitialiseItem               
0000754f  vListInsert                       
00007513  vListInsertEnd                    
00007d15  vPortEnableVFP                    
00007699  vPortEndScheduler                 
0000769b  vPortEnterCritical                
000076bb  vPortExitCritical                 
00006d05  vPortFree                         
00006d69  vPortInitialiseBlocks             
00007cd9  vPortSVCHandler                   
000076f7  vPortSetupTimerInterrupt          
00007cf9  vPortStartFirstTask               
000004c7  vTaskDelay                        
0000041f  vTaskDelayUntil                   
00000383  vTaskDelete                       
00000919  vTaskEndScheduler                 
00000f5b  vTaskMissedYield                  
000018dd  vTaskNotifyGiveFromISR            
00000cf9  vTaskPlaceOnEventList             
00000d61  vTaskPlaceOnUnorderedEventList    
000013a9  vTaskPriorityInherit              
000005a9  vTaskPrioritySet                  
000007af  vTaskResume                       
00000f8d  vTaskSetTaskNumber                
00000ec3  vTaskSetTimeOutState              
000008c1  vTaskStartScheduler               
000006bd  vTaskSuspend                      
00000935  vTaskSuspendAll                   
00000c4d  vTaskSwitchContext                
0000680d  vidSensorReset                    
000086df  wcslen                            
00006d63  xPortGetFreeHeapSize              
00007c79  xPortPendSVHandler                
00007663  xPortStartScheduler               
000076d1  xPortSysTickHandler               
00000ee1  xTaskCheckForTimeOut              
0000026d  xTaskGenericCreate                
000016e3  xTaskGenericNotify                
000017d5  xTaskGenericNotifyFromISR         
0000138b  xTaskGetCurrentTaskHandle         
00000a21  xTaskGetTickCount                 
00000a31  xTaskGetTickCountFromISR          
00000b29  xTaskIncrementTick                
00001983  xTaskNotifyStateClear             
000015fd  xTaskNotifyWait                   
00001463  xTaskPriorityDisinherit           
00000dd5  xTaskRemoveFromEventList          
00000e51  xTaskRemoveFromUnorderedEventList 
0000094d  xTaskResumeAll                    
00000831  xTaskResumeFromISR                


GLOBAL SYMBOLS: SORTED BY Symbol Address 

address   name                              
-------   ----                              
00000000  __TI_static_base__                
00000000  g_pfnVectors                      
00000200  __STACK_SIZE                      
0000026d  xTaskGenericCreate                
00000383  vTaskDelete                       
0000041f  vTaskDelayUntil                   
000004c7  vTaskDelay                        
00000523  uxTaskPriorityGet                 
00000551  uxTaskPriorityGetFromISR          
000005a9  vTaskPrioritySet                  
000006bd  vTaskSuspend                      
000007af  vTaskResume                       
00000831  xTaskResumeFromISR                
000008c1  vTaskStartScheduler               
00000919  vTaskEndScheduler                 
00000935  vTaskSuspendAll                   
0000094d  xTaskResumeAll                    
00000a21  xTaskGetTickCount                 
00000a31  xTaskGetTickCountFromISR          
00000a49  uxTaskGetNumberOfTasks            
00000a55  uxTaskGetSystemState              
00000b29  xTaskIncrementTick                
00000c4d  vTaskSwitchContext                
00000cf9  vTaskPlaceOnEventList             
00000d61  vTaskPlaceOnUnorderedEventList    
00000dd5  xTaskRemoveFromEventList          
00000e51  xTaskRemoveFromUnorderedEventList 
00000ec3  vTaskSetTimeOutState              
00000ee1  xTaskCheckForTimeOut              
00000f5b  vTaskMissedYield                  
00000f6d  uxTaskGetTaskNumber               
00000f8d  vTaskSetTaskNumber                
000012fd  uxTaskGetStackHighWaterMark       
0000138b  xTaskGetCurrentTaskHandle         
000013a9  vTaskPriorityInherit              
00001463  xTaskPriorityDisinherit           
000014ff  uxTaskResetEventItemValue         
00001521  pvTaskIncrementMutexHeldCount     
00001539  ulTaskNotifyTake                  
000015fd  xTaskNotifyWait                   
000016e3  xTaskGenericNotify                
000017d5  xTaskGenericNotifyFromISR         
000018dd  vTaskNotifyGiveFromISR            
00001983  xTaskNotifyStateClear             
00001a95  SysCtlSRAMSizeGet                 
00001a9f  SysCtlFlashSizeGet                
00001acb  SysCtlFlashSectorSizeGet          
00001af1  SysCtlPeripheralPresent           
00001b31  SysCtlPeripheralReady             
00001b71  SysCtlPeripheralPowerOn           
00001bad  SysCtlPeripheralPowerOff          
00001be9  SysCtlPeripheralReset             
00001c71  SysCtlPeripheralEnable            
00001cad  SysCtlPeripheralDisable           
00001cf1  SysCtlPeripheralSleepEnable       
00001d35  SysCtlPeripheralSleepDisable      
00001d71  SysCtlPeripheralDeepSleepEnable   
00001dc1  SysCtlPeripheralDeepSleepDisable  
00001e09  SysCtlPeripheralClockGating       
00001e5d  SysCtlIntRegister                 
00001e75  SysCtlIntUnregister               
00001e85  SysCtlIntEnable                   
00001e99  SysCtlIntDisable                  
00001eb1  SysCtlIntClear                    
00001ec1  SysCtlIntStatus                   
00001edd  SysCtlLDOSleepSet                 
00001eed  SysCtlLDOSleepGet                 
00001ef3  SysCtlLDODeepSleepSet             
00001f03  SysCtlLDODeepSleepGet             
00001f09  SysCtlSleepPowerSet               
00001f1d  SysCtlDeepSleepPowerSet           
00001f2d  SysCtlReset                       
00001f35  SysCtlSleep                       
00001f3d  SysCtlDeepSleep                   
00001f59  SysCtlResetCauseGet               
00001f5f  SysCtlResetCauseClear             
00001f73  SysCtlMOSCConfigSet               
00001f89  SysCtlPIOSCCalibrate              
00001fd9  SysCtlResetBehaviorSet            
00001fe9  SysCtlResetBehaviorGet            
00002039  SysCtlClockFreqSet                
00002331  SysCtlClockSet                    
00002501  SysCtlClockGet                    
000026a7  SysCtlDeepSleepClockSet           
000026c5  SysCtlDeepSleepClockConfigSet     
0000274f  SysCtlPWMClockSet                 
00002769  SysCtlPWMClockGet                 
0000277f  SysCtlGPIOAHBEnable               
0000279b  SysCtlGPIOAHBDisable              
000027b7  SysCtlUSBPLLEnable                
000027c3  SysCtlUSBPLLDisable               
000027d5  SysCtlVoltageEventConfig          
000027e5  SysCtlVoltageEventStatus          
000027f1  SysCtlVoltageEventClear           
00002809  SysCtlVCOGet                      
000028c5  SysCtlNMIStatus                   
000028d9  SysCtlNMIClear                    
000028f5  SysCtlClockOutConfig              
00002911  SysCtlAltClkConfig                
000029b3  GPIODirModeSet                    
00002a0f  GPIODirModeGet                    
00002a5b  GPIOIntTypeSet                    
00002aff  GPIOIntTypeGet                    
00002b95  GPIOPadConfigSet                  
00002dcf  GPIOPadConfigGet                  
00002f21  GPIOIntEnable                     
00002f3b  GPIOIntDisable                    
00002f55  GPIOIntStatus                     
00002f77  GPIOIntClear                      
00002f8b  GPIOIntRegister                   
00002fa9  GPIOIntUnregister                 
00002fc3  GPIOIntRegisterPin                
00002ff1  GPIOIntUnregisterPin              
00003015  GPIOPinRead                       
0000302d  GPIOPinWrite                      
0000304d  GPIOPinTypeADC                    
00003071  GPIOPinTypeCAN                    
00003095  GPIOPinTypeComparator             
000030b9  GPIOPinTypeComparatorOutput       
000030dd  GPIOPinTypeDIVSCLK                
00003101  GPIOPinTypeEPI                    
00003125  GPIOPinTypeEthernetLED            
00003149  GPIOPinTypeEthernetMII            
0000316d  GPIOPinTypeGPIOInput              
00003191  GPIOPinTypeGPIOOutput             
000031b5  GPIOPinTypeGPIOOutputOD           
000031d9  GPIOPinTypeHibernateRTCCLK        
000031fd  GPIOPinTypeI2C                    
00003221  GPIOPinTypeI2CSCL                 
00003245  GPIOPinTypeLCD                    
00003269  GPIOPinTypeOneWire                
0000328d  GPIOPinTypePWM                    
000032b1  GPIOPinTypeQEI                    
000032d5  GPIOPinTypeSSI                    
000032f9  GPIOPinTypeTimer                  
0000331d  GPIOPinTypeTrace                  
00003341  GPIOPinTypeUART                   
00003365  GPIOPinTypeUSBAnalog              
00003389  GPIOPinTypeUSBDigital             
000033ad  GPIOPinTypeWakeHigh               
000033d3  GPIOPinTypeWakeLow                
000033f9  GPIOPinWakeStatus                 
00003409  GPIOPinConfigure                  
00003467  GPIODMATriggerEnable              
00003485  GPIODMATriggerDisable             
000034a3  GPIOADCTriggerEnable              
000034c1  GPIOADCTriggerDisable             
000034e9  __TI_printfi                      
00003f37  __aeabi_idiv0                     
00003f37  __aeabi_ldiv0                     
00003f93  ADCIntRegister                    
00003fbb  ADCIntUnregister                  
00003fd9  ADCIntDisable                     
00003ff5  ADCIntEnable                      
0000401b  ADCIntStatus                      
00004073  ADCIntClear                       
00004089  ADCSequenceEnable                 
000040a3  ADCSequenceDisable                
000040bd  ADCSequenceConfigure              
00004159  ADCSequenceStepConfigure          
00004247  ADCSequenceOverflow               
0000425f  ADCSequenceOverflowClear          
00004275  ADCSequenceUnderflow              
0000428d  ADCSequenceUnderflowClear         
000042a3  ADCSequenceDataGet                
000042e5  ADCProcessorTrigger               
00004309  ADCSoftwareOversampleConfigure    
0000435b  ADCSoftwareOversampleStepConfigure
0000443d  ADCSoftwareOversampleDataGet      
000044d1  ADCHardwareOversampleConfigure    
00004503  ADCComparatorConfigure            
0000451f  ADCComparatorRegionSet            
00004543  ADCComparatorReset                
00004589  ADCComparatorIntDisable           
000045a7  ADCComparatorIntEnable            
000045c9  ADCComparatorIntStatus            
000045dd  ADCComparatorIntClear             
000045ef  ADCIntDisableEx                   
00004607  ADCIntEnableEx                    
0000461f  ADCIntStatusEx                    
00004651  ADCIntClearEx                     
00004663  ADCReferenceSet                   
0000467f  ADCReferenceGet                   
00004691  ADCPhaseDelaySet                  
000046a3  ADCPhaseDelayGet                  
000046b1  ADCSequenceDMAEnable              
000046cd  ADCSequenceDMADisable             
000046e9  ADCBusy                           
00004707  ADCClockConfigSet                 
00004731  ADCClockConfigGet                 
000047d3  I2CMasterInitExpClk               
00004821  I2CSlaveInit                      
0000483b  I2CSlaveAddressSet                
00004879  I2CMasterEnable                   
0000488f  I2CSlaveEnable                    
000048ad  I2CMasterDisable                  
000048c3  I2CSlaveDisable                   
000048e1  I2CIntRegister                    
000048ff  I2CIntUnregister                  
00004919  I2CMasterIntEnable                
00004929  I2CMasterIntEnableEx              
00004941  I2CSlaveIntEnable                 
00004959  I2CSlaveIntEnableEx               
00004973  I2CMasterIntDisable               
00004983  I2CMasterIntDisableEx             
0000499b  I2CSlaveIntDisable                
000049b3  I2CSlaveIntDisableEx              
000049cd  I2CMasterIntStatus                
00004a07  I2CMasterIntStatusEx              
00004a39  I2CSlaveIntStatus                 
00004a77  I2CSlaveIntStatusEx               
00004a99  I2CMasterIntClear                 
00004ab9  I2CMasterIntClearEx               
00004acb  I2CSlaveIntClear                  
00004add  I2CSlaveIntClearEx                
00004af1  I2CMasterSlaveAddrSet             
00004b13  I2CMasterLineStateGet             
00004b21  I2CMasterBusy                     
00004b39  I2CMasterBusBusy                  
00004b51  I2CMasterControl                  
00004b63  I2CMasterErr                      
00004b8f  I2CMasterDataPut                  
00004ba5  I2CMasterDataGet                  
00004bb3  I2CMasterTimeoutSet               
00004bc5  I2CSlaveACKOverride               
00004bf7  I2CSlaveACKValueSet               
00004c29  I2CSlaveStatus                    
00004c39  I2CSlaveDataPut                   
00004c51  I2CSlaveDataGet                   
00004c61  I2CTxFIFOConfigSet                
00004c89  I2CTxFIFOFlush                    
00004ca1  I2CRxFIFOConfigSet                
00004cc9  I2CRxFIFOFlush                    
00004ce1  I2CFIFOStatus                     
00004cf1  I2CFIFODataPut                    
00004d13  I2CFIFODataPutNonBlocking         
00004d3b  I2CFIFODataGet                    
00004d55  I2CFIFODataGetNonBlocking         
00004d7b  I2CMasterBurstLengthSet           
00004d91  I2CMasterBurstCountGet            
00004d9f  I2CMasterGlitchFilterConfigSet    
00004ded  I2CSlaveFIFOEnable                
00004e05  I2CSlaveFIFODisable               
00004e17  I2CLoopbackEnable                 
00004eaf  TimerEnable                       
00004ecd  TimerDisable                      
00004eeb  TimerConfigure                    
00004f57  TimerControlLevel                 
00004f8d  TimerControlTrigger               
00004ffb  TimerControlEvent                 
00005025  TimerControlStall                 
0000505b  TimerControlWaitOnTrigger         
000050bb  TimerRTCEnable                    
000050d1  TimerRTCDisable                   
000050e7  TimerClockSourceSet               
00005105  TimerClockSourceGet               
00005121  TimerPrescaleSet                  
0000514b  TimerPrescaleGet                  
00005167  TimerPrescaleMatchSet             
00005191  TimerPrescaleMatchGet             
000051b1  TimerLoadSet                      
000051db  TimerLoadGet                      
000051f7  TimerLoadSet64                    
00005211  TimerLoadGet64                    
00005243  TimerValueGet                     
0000525f  TimerValueGet64                   
00005291  TimerMatchSet                     
000052bb  TimerMatchGet                     
000052d7  TimerMatchSet64                   
000052f1  TimerMatchGet64                   
00005323  TimerIntRegister                  
0000534b  TimerIntUnregister                
00005369  TimerIntEnable                    
00005381  TimerIntDisable                   
00005399  TimerIntStatus                    
000053b7  TimerIntClear                     
000053c9  TimerSynchronize                  
000053db  TimerADCEventSet                  
000053ed  TimerADCEventGet                  
000053fb  TimerDMAEventSet                  
0000540d  TimerDMAEventGet                  
0000541b  TimerUpdateMode                   
000054cf  UARTParityModeSet                 
000054eb  UARTParityModeGet                 
000054fd  UARTFIFOLevelSet                  
00005515  UARTFIFOLevelGet                  
0000553d  UARTConfigSetExpClk               
000055b3  UARTConfigGetExpClk               
000055ff  UARTEnable                        
00005623  UARTDisable                       
0000564d  UARTFIFOEnable                    
00005663  UARTFIFODisable                   
00005679  UARTEnableSIR                     
000056a7  UARTDisableSIR                    
000056bd  UARTSmartCardEnable               
000056ef  UARTSmartCardDisable              
00005705  UARTModemControlSet               
0000573d  UARTModemControlClear             
00005761  UARTModemControlGet               
00005773  UARTModemStatusGet                
00005787  UARTFlowControlSet                
000057a3  UARTFlowControlGet                
000057b5  UARTTxIntModeSet                  
000057d1  UARTTxIntModeGet                  
000057e3  UARTCharsAvail                    
00005801  UARTSpaceAvail                    
0000581f  UARTCharGetNonBlocking            
0000583b  UARTCharGet                       
00005851  UARTCharPutNonBlocking            
00005875  UARTCharPut                       
00005893  UARTBreakCtl                      
000058bd  UARTBusy                          
000058db  UARTIntRegister                   
000058f9  UARTIntUnregister                 
00005919  UARTIntEnable                     
00005931  UARTIntDisable                    
00005949  UARTIntStatus                     
00005967  UARTIntClear                      
00005979  UARTDMAEnable                     
00005991  UARTDMADisable                    
000059a9  UARTRxErrorGet                    
000059bb  UARTRxErrorClear                  
000059cb  UARTClockSourceSet                
000059df  UARTClockSourceGet                
000059ef  UART9BitEnable                    
00005a05  UART9BitDisable                   
00005a1b  UART9BitAddrSet                   
00005a41  UART9BitAddrSend                  
00005a89  UARTLoopbackEnable                
00005aa1  InitI2C                           
00005b87  I2CReceiveOneByte                 
00005c0f  I2CReceiveBytes                   
00005d9d  I2CSendString                     
00005e99  I2CReadBytes                      
00006003  IntMasterEnable                   
00006013  IntMasterDisable                  
00006023  IntRegister                       
00006075  IntUnregister                     
00006089  IntPriorityGroupingSet            
000060a3  IntPriorityGroupingGet            
000060db  IntPrioritySet                    
0000612b  IntPriorityGet                    
0000614f  IntEnable                         
000061c1  IntDisable                        
00006233  IntIsEnabled                      
000062b9  IntPendSet                        
00006329  IntPendClear                      
00006377  IntPriorityMaskSet                
00006383  IntPriorityMaskGet                
0000638b  IntTrigger                        
000066e1  s16ReadFlow                       
0000677d  u32ReadSensorID                   
0000680d  vidSensorReset                    
000069dd  ReadOxygenSensor                  
00006c0d  pvPortMalloc                      
00006d05  vPortFree                         
00006d63  xPortGetFreeHeapSize              
00006d69  vPortInitialiseBlocks             
00006dc5  __aeabi_dsub                      
00006dcf  __aeabi_dadd                      
00006f7d  u32ReadPressure                   
00007079  u32ReadTemp                       
0000713d  main                              
0000739d  __aeabi_ddiv                      
000074d3  vListInitialise                   
00007503  vListInitialiseItem               
00007513  vListInsertEnd                    
0000754f  vListInsert                       
000075b5  uxListRemove                      
000075fd  pxPortInitialiseStack             
00007663  xPortStartScheduler               
00007699  vPortEndScheduler                 
0000769b  vPortEnterCritical                
000076bb  vPortExitCritical                 
000076d1  xPortSysTickHandler               
000076f7  vPortSetupTimerInterrupt          
00007725  initADC                           
000077f9  ADC_SampleChannel                 
0000796d  ldexp                             
0000796d  ldexpl                            
0000796d  scalbn                            
0000796d  scalbnl                           
00007a7d  __aeabi_dmul                      
00007b79  ISR_UART1IntHandler               
00007b9f  UART_vidInit                      
00007c03  UART_vidReceive                   
00007c2b  UART_vidSend                      
00007c61  ulPortGetIPSR                     
00007c79  xPortPendSVHandler                
00007cd9  vPortSVCHandler                   
00007cf9  vPortStartFirstTask               
00007d15  vPortEnableVFP                    
00007dd9  PIN_vidInit                       
00007e4b  PIN_vidSetPin                     
00007e81  __aeabi_memcpy                    
00007e81  __aeabi_memcpy4                   
00007e81  __aeabi_memcpy8                   
00007e81  memcpy                            
00007f1d  __aeabi_uldivmod                  
00007fb3  __aeabi_cdcmpeq                   
00007fb3  __aeabi_cdcmple                   
00008039  __aeabi_cdrcmple                  
000080c1  vApplicationStackOverflowHook     
000080e3  ScheduleTaskInit                  
00008113  bDriverInit                       
00008157  TimervidInit                      
0000819f  TIM_bGetTimerFlag                 
000081a5  TIM_vidClearTimerFlag             
000081c1  __aeabi_memclr                    
000081c1  __aeabi_memclr4                   
000081c1  __aeabi_memclr8                   
000081c3  __aeabi_memset                    
000081c3  __aeabi_memset4                   
000081c3  __aeabi_memset8                   
000081c9  memset                            
000082a9  __TI_decompress_lzss              
00008311  frexp                             
00008311  frexpl                            
000083cb  __TI_ltoa                         
00008471  atoi                              
000084bd  __aeabi_d2iz                      
00008505  __TI_auto_init_nobinit_nopinit    
00008549  sprintf                           
000085c7  CPUcpsid                          
000085d3  CPUprimask                        
000085dd  CPUcpsie                          
000085e9  CPUwfi                            
000085ed  CPUbasepriSet                     
000085fb  CPUbasepriGet                     
00008605  _c_int00_noargs                   
00008639  __aeabi_i2d                       
00008667  memccpy                           
00008683  copysign                          
00008683  copysignl                         
000086b5  strchr                            
000086cb  strlen                            
000086df  wcslen                            
000086f1  __TI_decompress_none              
000086ff  __TI_zero_init                    
0000870b  ResetISR                          
00008721  __aeabi_errno_addr                
00008729  SysCtlDelay                       
0000872f  _system_pre_init                  
00008733  C$$EXIT                           
00008733  abort                             
000088e8  _ctypes_                          
00008f64  ulMaxSyscallInterruptPriority     
00008fb4  __TI_Handler_Table_Base           
00008fc0  __TI_Handler_Table_Limit          
00008fd0  __TI_CINIT_Base                   
00008fe8  __TI_CINIT_Limit                  
20000000  __start___llvm_prf_cnts           
20000000  __stop___llvm_prf_cnts            
20000000  g_pfnRAMVectors                   
200078dc  S                                 
200079c4  Air_Pressure                      
200079c8  Oxygen_Pressure                   
200079cc  Tank_Pressure                     
200079d0  Air_Flow                          
200079d2  Oxygen_Flow                       
200079d4  Oxygen_Percentage                 
200079d8  __stack                           
20007bd8  __STACK_END                       
20007bd8  __STACK_TOP                       
20007ca0  pxCurrentTCB                      
20007cd0  astrOutputPins                    
20007d04  I2C_Bases                         
20007d20  errno                             
ffffffff  __TI_pprof_out_hndl               
ffffffff  __TI_prof_data_size               
ffffffff  __TI_prof_data_start              
ffffffff  __binit__                         
ffffffff  __c_args__                        
ffffffff  binit                             
UNDEFED   __mpu_init                        
UNDEFED   _system_post_cinit                

[476 symbols]
