<?xml version="1.0" encoding="ISO-8859-1" ?>
<link_info>
   <banner>TI ARM Linker PC v20.2.0.LTS</banner>
   <copyright>Copyright (c) 1996-2018 Texas Instruments Incorporated</copyright>
   <link_time>0x616ab8c2</link_time>
   <link_errors>0x0</link_errors>
   <output_file>MIX Controller.out</output_file>
   <entry_point>
      <name>_c_int00_noargs</name>
      <address>0x8605</address>
   </entry_point>
   <input_file_list>
      <input_file id="fl-2">
         <path>.\</path>
         <kind>object</kind>
         <file>main.obj</file>
         <name>main.obj</name>
      </input_file>
      <input_file id="fl-3">
         <path>.\</path>
         <kind>object</kind>
         <file>tm4c123gh6pm_startup_ccs.obj</file>
         <name>tm4c123gh6pm_startup_ccs.obj</name>
      </input_file>
      <input_file id="fl-4">
         <path>.\APP\Sys_Manager\</path>
         <kind>object</kind>
         <file>Sys_Manager.obj</file>
         <name>Sys_Manager.obj</name>
      </input_file>
      <input_file id="fl-5">
         <path>.\APP\schedule\</path>
         <kind>object</kind>
         <file>Schedule.obj</file>
         <name>Schedule.obj</name>
      </input_file>
      <input_file id="fl-6">
         <path>.\HAL\Flow_Sensor\</path>
         <kind>object</kind>
         <file>Flow_Sensor.obj</file>
         <name>Flow_Sensor.obj</name>
      </input_file>
      <input_file id="fl-7">
         <path>.\HAL\ON_OFF_Valves\</path>
         <kind>object</kind>
         <file>ON_OFF_Valves.obj</file>
         <name>ON_OFF_Valves.obj</name>
      </input_file>
      <input_file id="fl-8">
         <path>.\HAL\Oxygen_Sensor\</path>
         <kind>object</kind>
         <file>Oxygen_Sensor.obj</file>
         <name>Oxygen_Sensor.obj</name>
      </input_file>
      <input_file id="fl-9">
         <path>.\HAL\Pressure_Sensor\</path>
         <kind>object</kind>
         <file>Pressure_Sensor.obj</file>
         <name>Pressure_Sensor.obj</name>
      </input_file>
      <input_file id="fl-a">
         <path>.\MCAL\ADC\</path>
         <kind>object</kind>
         <file>ADC_Manager.obj</file>
         <name>ADC_Manager.obj</name>
      </input_file>
      <input_file id="fl-b">
         <path>.\MCAL\I2C\</path>
         <kind>object</kind>
         <file>I2C_Manage.obj</file>
         <name>I2C_Manage.obj</name>
      </input_file>
      <input_file id="fl-c">
         <path>.\MCAL\PWM\</path>
         <kind>object</kind>
         <file>PWM.obj</file>
         <name>PWM.obj</name>
      </input_file>
      <input_file id="fl-d">
         <path>.\MCAL\Pins\</path>
         <kind>object</kind>
         <file>Pins.obj</file>
         <name>Pins.obj</name>
      </input_file>
      <input_file id="fl-e">
         <path>.\MCAL\Timer\</path>
         <kind>object</kind>
         <file>Timer_Manage.obj</file>
         <name>Timer_Manage.obj</name>
      </input_file>
      <input_file id="fl-f">
         <path>.\MCAL\UART\</path>
         <kind>object</kind>
         <file>UART_Manager.obj</file>
         <name>UART_Manager.obj</name>
      </input_file>
      <input_file id="fl-10">
         <path>.\MCAL\driverlib\</path>
         <kind>object</kind>
         <file>adc.obj</file>
         <name>adc.obj</name>
      </input_file>
      <input_file id="fl-11">
         <path>.\MCAL\driverlib\</path>
         <kind>object</kind>
         <file>aes.obj</file>
         <name>aes.obj</name>
      </input_file>
      <input_file id="fl-12">
         <path>.\MCAL\driverlib\</path>
         <kind>object</kind>
         <file>can.obj</file>
         <name>can.obj</name>
      </input_file>
      <input_file id="fl-13">
         <path>.\MCAL\driverlib\</path>
         <kind>object</kind>
         <file>comp.obj</file>
         <name>comp.obj</name>
      </input_file>
      <input_file id="fl-14">
         <path>.\MCAL\driverlib\</path>
         <kind>object</kind>
         <file>cpu.obj</file>
         <name>cpu.obj</name>
      </input_file>
      <input_file id="fl-15">
         <path>.\MCAL\driverlib\</path>
         <kind>object</kind>
         <file>crc.obj</file>
         <name>crc.obj</name>
      </input_file>
      <input_file id="fl-16">
         <path>.\MCAL\driverlib\</path>
         <kind>object</kind>
         <file>des.obj</file>
         <name>des.obj</name>
      </input_file>
      <input_file id="fl-17">
         <path>.\MCAL\driverlib\</path>
         <kind>object</kind>
         <file>eeprom.obj</file>
         <name>eeprom.obj</name>
      </input_file>
      <input_file id="fl-18">
         <path>.\MCAL\driverlib\</path>
         <kind>object</kind>
         <file>emac.obj</file>
         <name>emac.obj</name>
      </input_file>
      <input_file id="fl-19">
         <path>.\MCAL\driverlib\</path>
         <kind>object</kind>
         <file>epi.obj</file>
         <name>epi.obj</name>
      </input_file>
      <input_file id="fl-1a">
         <path>.\MCAL\driverlib\</path>
         <kind>object</kind>
         <file>epi_workaround_ccs.obj</file>
         <name>epi_workaround_ccs.obj</name>
      </input_file>
      <input_file id="fl-1b">
         <path>.\MCAL\driverlib\</path>
         <kind>object</kind>
         <file>flash.obj</file>
         <name>flash.obj</name>
      </input_file>
      <input_file id="fl-1c">
         <path>.\MCAL\driverlib\</path>
         <kind>object</kind>
         <file>fpu.obj</file>
         <name>fpu.obj</name>
      </input_file>
      <input_file id="fl-1d">
         <path>.\MCAL\driverlib\</path>
         <kind>object</kind>
         <file>gpio.obj</file>
         <name>gpio.obj</name>
      </input_file>
      <input_file id="fl-1e">
         <path>.\MCAL\driverlib\</path>
         <kind>object</kind>
         <file>hibernate.obj</file>
         <name>hibernate.obj</name>
      </input_file>
      <input_file id="fl-1f">
         <path>.\MCAL\driverlib\</path>
         <kind>object</kind>
         <file>i2c.obj</file>
         <name>i2c.obj</name>
      </input_file>
      <input_file id="fl-20">
         <path>.\MCAL\driverlib\</path>
         <kind>object</kind>
         <file>interrupt.obj</file>
         <name>interrupt.obj</name>
      </input_file>
      <input_file id="fl-21">
         <path>.\MCAL\driverlib\</path>
         <kind>object</kind>
         <file>lcd.obj</file>
         <name>lcd.obj</name>
      </input_file>
      <input_file id="fl-22">
         <path>.\MCAL\driverlib\</path>
         <kind>object</kind>
         <file>mpu.obj</file>
         <name>mpu.obj</name>
      </input_file>
      <input_file id="fl-23">
         <path>.\MCAL\driverlib\</path>
         <kind>object</kind>
         <file>onewire.obj</file>
         <name>onewire.obj</name>
      </input_file>
      <input_file id="fl-24">
         <path>.\MCAL\driverlib\</path>
         <kind>object</kind>
         <file>pwm.obj</file>
         <name>pwm.obj</name>
      </input_file>
      <input_file id="fl-25">
         <path>.\MCAL\driverlib\</path>
         <kind>object</kind>
         <file>qei.obj</file>
         <name>qei.obj</name>
      </input_file>
      <input_file id="fl-26">
         <path>.\MCAL\driverlib\</path>
         <kind>object</kind>
         <file>shamd5.obj</file>
         <name>shamd5.obj</name>
      </input_file>
      <input_file id="fl-27">
         <path>.\MCAL\driverlib\</path>
         <kind>object</kind>
         <file>ssi.obj</file>
         <name>ssi.obj</name>
      </input_file>
      <input_file id="fl-28">
         <path>.\MCAL\driverlib\</path>
         <kind>object</kind>
         <file>sw_crc.obj</file>
         <name>sw_crc.obj</name>
      </input_file>
      <input_file id="fl-29">
         <path>.\MCAL\driverlib\</path>
         <kind>object</kind>
         <file>sysctl.obj</file>
         <name>sysctl.obj</name>
      </input_file>
      <input_file id="fl-2a">
         <path>.\MCAL\driverlib\</path>
         <kind>object</kind>
         <file>sysexc.obj</file>
         <name>sysexc.obj</name>
      </input_file>
      <input_file id="fl-2b">
         <path>.\MCAL\driverlib\</path>
         <kind>object</kind>
         <file>systick.obj</file>
         <name>systick.obj</name>
      </input_file>
      <input_file id="fl-2c">
         <path>.\MCAL\driverlib\</path>
         <kind>object</kind>
         <file>timer.obj</file>
         <name>timer.obj</name>
      </input_file>
      <input_file id="fl-2d">
         <path>.\MCAL\driverlib\</path>
         <kind>object</kind>
         <file>uart.obj</file>
         <name>uart.obj</name>
      </input_file>
      <input_file id="fl-2e">
         <path>.\MCAL\driverlib\</path>
         <kind>object</kind>
         <file>udma.obj</file>
         <name>udma.obj</name>
      </input_file>
      <input_file id="fl-2f">
         <path>.\MCAL\driverlib\</path>
         <kind>object</kind>
         <file>usb.obj</file>
         <name>usb.obj</name>
      </input_file>
      <input_file id="fl-30">
         <path>.\MCAL\driverlib\</path>
         <kind>object</kind>
         <file>watchdog.obj</file>
         <name>watchdog.obj</name>
      </input_file>
      <input_file id="fl-31">
         <path>.\OS\FreeRTOS\Source\</path>
         <kind>object</kind>
         <file>croutine.obj</file>
         <name>croutine.obj</name>
      </input_file>
      <input_file id="fl-32">
         <path>.\OS\FreeRTOS\Source\</path>
         <kind>object</kind>
         <file>event_groups.obj</file>
         <name>event_groups.obj</name>
      </input_file>
      <input_file id="fl-33">
         <path>.\OS\FreeRTOS\Source\</path>
         <kind>object</kind>
         <file>list.obj</file>
         <name>list.obj</name>
      </input_file>
      <input_file id="fl-34">
         <path>.\OS\FreeRTOS\Source\</path>
         <kind>object</kind>
         <file>queue.obj</file>
         <name>queue.obj</name>
      </input_file>
      <input_file id="fl-35">
         <path>.\OS\FreeRTOS\Source\</path>
         <kind>object</kind>
         <file>tasks.obj</file>
         <name>tasks.obj</name>
      </input_file>
      <input_file id="fl-36">
         <path>.\OS\FreeRTOS\Source\</path>
         <kind>object</kind>
         <file>timers.obj</file>
         <name>timers.obj</name>
      </input_file>
      <input_file id="fl-37">
         <path>.\OS\FreeRTOS\Source\portable\CCS\ARM_CM4F\</path>
         <kind>object</kind>
         <file>port.obj</file>
         <name>port.obj</name>
      </input_file>
      <input_file id="fl-38">
         <path>.\OS\FreeRTOS\Source\portable\CCS\ARM_CM4F\</path>
         <kind>object</kind>
         <file>portasm.obj</file>
         <name>portasm.obj</name>
      </input_file>
      <input_file id="fl-39">
         <path>.\OS\FreeRTOS\Source\portable\MemMang\</path>
         <kind>object</kind>
         <file>heap_2.obj</file>
         <name>heap_2.obj</name>
      </input_file>
      <input_file id="fl-3a">
         <path>.\OS\</path>
         <kind>object</kind>
         <file>startup_ccs.obj</file>
         <name>startup_ccs.obj</name>
      </input_file>
      <input_file id="fl-3e">
         <kind>object</kind>
         <file>&lt;internal&gt;</file>
         <name>&lt;internal&gt;</name>
      </input_file>
      <input_file id="fl-f4">
         <path>C:\ti\ccs1000\ccs\tools\compiler\ti-cgt-arm_20.2.0.LTS\lib\</path>
         <kind>archive</kind>
         <file>rtsv7M4_T_le_v4SPD16_eabi.lib</file>
         <name>sprintf.c.obj</name>
      </input_file>
      <input_file id="fl-f5">
         <path>C:\ti\ccs1000\ccs\tools\compiler\ti-cgt-arm_20.2.0.LTS\lib\</path>
         <kind>archive</kind>
         <file>rtsv7M4_T_le_v4SPD16_eabi.lib</file>
         <name>memcpy_t2.asm.obj</name>
      </input_file>
      <input_file id="fl-f6">
         <path>C:\ti\ccs1000\ccs\tools\compiler\ti-cgt-arm_20.2.0.LTS\lib\</path>
         <kind>archive</kind>
         <file>rtsv7M4_T_le_v4SPD16_eabi.lib</file>
         <name>memset_t2.asm.obj</name>
      </input_file>
      <input_file id="fl-f7">
         <path>C:\ti\ccs1000\ccs\tools\compiler\ti-cgt-arm_20.2.0.LTS\lib\</path>
         <kind>archive</kind>
         <file>rtsv7M4_T_le_v4SPD16_eabi.lib</file>
         <name>copy_zero_init.c.obj</name>
      </input_file>
      <input_file id="fl-f8">
         <path>C:\ti\ccs1000\ccs\tools\compiler\ti-cgt-arm_20.2.0.LTS\lib\</path>
         <kind>archive</kind>
         <file>rtsv7M4_T_le_v4SPD16_eabi.lib</file>
         <name>copy_decompress_none.c.obj</name>
      </input_file>
      <input_file id="fl-f9">
         <path>C:\ti\ccs1000\ccs\tools\compiler\ti-cgt-arm_20.2.0.LTS\lib\</path>
         <kind>archive</kind>
         <file>rtsv7M4_T_le_v4SPD16_eabi.lib</file>
         <name>copy_decompress_lzss.c.obj</name>
      </input_file>
      <input_file id="fl-fa">
         <path>C:\ti\ccs1000\ccs\tools\compiler\ti-cgt-arm_20.2.0.LTS\lib\</path>
         <kind>archive</kind>
         <file>rtsv7M4_T_le_v4SPD16_eabi.lib</file>
         <name>boot_cortex_m.c.obj</name>
      </input_file>
      <input_file id="fl-fb">
         <path>C:\ti\ccs1000\ccs\tools\compiler\ti-cgt-arm_20.2.0.LTS\lib\</path>
         <kind>archive</kind>
         <file>rtsv7M4_T_le_v4SPD16_eabi.lib</file>
         <name>_printfi.c.obj</name>
      </input_file>
      <input_file id="fl-fc">
         <path>C:\ti\ccs1000\ccs\tools\compiler\ti-cgt-arm_20.2.0.LTS\lib\</path>
         <kind>archive</kind>
         <file>rtsv7M4_T_le_v4SPD16_eabi.lib</file>
         <name>fd_add_t2.asm.obj</name>
      </input_file>
      <input_file id="fl-fd">
         <path>C:\ti\ccs1000\ccs\tools\compiler\ti-cgt-arm_20.2.0.LTS\lib\</path>
         <kind>archive</kind>
         <file>rtsv7M4_T_le_v4SPD16_eabi.lib</file>
         <name>fd_cmp_t2.asm.obj</name>
      </input_file>
      <input_file id="fl-fe">
         <path>C:\ti\ccs1000\ccs\tools\compiler\ti-cgt-arm_20.2.0.LTS\lib\</path>
         <kind>archive</kind>
         <file>rtsv7M4_T_le_v4SPD16_eabi.lib</file>
         <name>fd_div_t2.asm.obj</name>
      </input_file>
      <input_file id="fl-ff">
         <path>C:\ti\ccs1000\ccs\tools\compiler\ti-cgt-arm_20.2.0.LTS\lib\</path>
         <kind>archive</kind>
         <file>rtsv7M4_T_le_v4SPD16_eabi.lib</file>
         <name>fd_mul_t2.asm.obj</name>
      </input_file>
      <input_file id="fl-100">
         <path>C:\ti\ccs1000\ccs\tools\compiler\ti-cgt-arm_20.2.0.LTS\lib\</path>
         <kind>archive</kind>
         <file>rtsv7M4_T_le_v4SPD16_eabi.lib</file>
         <name>fd_toi_t2.asm.obj</name>
      </input_file>
      <input_file id="fl-101">
         <path>C:\ti\ccs1000\ccs\tools\compiler\ti-cgt-arm_20.2.0.LTS\lib\</path>
         <kind>archive</kind>
         <file>rtsv7M4_T_le_v4SPD16_eabi.lib</file>
         <name>i_tofd_t2.asm.obj</name>
      </input_file>
      <input_file id="fl-102">
         <path>C:\ti\ccs1000\ccs\tools\compiler\ti-cgt-arm_20.2.0.LTS\lib\</path>
         <kind>archive</kind>
         <file>rtsv7M4_T_le_v4SPD16_eabi.lib</file>
         <name>ull_div_t2.asm.obj</name>
      </input_file>
      <input_file id="fl-103">
         <path>C:\ti\ccs1000\ccs\tools\compiler\ti-cgt-arm_20.2.0.LTS\lib\</path>
         <kind>archive</kind>
         <file>rtsv7M4_T_le_v4SPD16_eabi.lib</file>
         <name>autoinit.c.obj</name>
      </input_file>
      <input_file id="fl-104">
         <path>C:\ti\ccs1000\ccs\tools\compiler\ti-cgt-arm_20.2.0.LTS\lib\</path>
         <kind>archive</kind>
         <file>rtsv7M4_T_le_v4SPD16_eabi.lib</file>
         <name>pre_init.c.obj</name>
      </input_file>
      <input_file id="fl-105">
         <path>C:\ti\ccs1000\ccs\tools\compiler\ti-cgt-arm_20.2.0.LTS\lib\</path>
         <kind>archive</kind>
         <file>rtsv7M4_T_le_v4SPD16_eabi.lib</file>
         <name>cpy_tbl.c.obj</name>
      </input_file>
      <input_file id="fl-106">
         <path>C:\ti\ccs1000\ccs\tools\compiler\ti-cgt-arm_20.2.0.LTS\lib\</path>
         <kind>archive</kind>
         <file>rtsv7M4_T_le_v4SPD16_eabi.lib</file>
         <name>exit.c.obj</name>
      </input_file>
      <input_file id="fl-107">
         <path>C:\ti\ccs1000\ccs\tools\compiler\ti-cgt-arm_20.2.0.LTS\lib\</path>
         <kind>archive</kind>
         <file>rtsv7M4_T_le_v4SPD16_eabi.lib</file>
         <name>_lock.c.obj</name>
      </input_file>
      <input_file id="fl-108">
         <path>C:\ti\ccs1000\ccs\tools\compiler\ti-cgt-arm_20.2.0.LTS\lib\</path>
         <kind>archive</kind>
         <file>rtsv7M4_T_le_v4SPD16_eabi.lib</file>
         <name>_ltoa.c.obj</name>
      </input_file>
      <input_file id="fl-109">
         <path>C:\ti\ccs1000\ccs\tools\compiler\ti-cgt-arm_20.2.0.LTS\lib\</path>
         <kind>archive</kind>
         <file>rtsv7M4_T_le_v4SPD16_eabi.lib</file>
         <name>args_main.c.obj</name>
      </input_file>
      <input_file id="fl-10a">
         <path>C:\ti\ccs1000\ccs\tools\compiler\ti-cgt-arm_20.2.0.LTS\lib\</path>
         <kind>archive</kind>
         <file>rtsv7M4_T_le_v4SPD16_eabi.lib</file>
         <name>atoi.c.obj</name>
      </input_file>
      <input_file id="fl-10b">
         <path>C:\ti\ccs1000\ccs\tools\compiler\ti-cgt-arm_20.2.0.LTS\lib\</path>
         <kind>archive</kind>
         <file>rtsv7M4_T_le_v4SPD16_eabi.lib</file>
         <name>ctype.c.obj</name>
      </input_file>
      <input_file id="fl-10c">
         <path>C:\ti\ccs1000\ccs\tools\compiler\ti-cgt-arm_20.2.0.LTS\lib\</path>
         <kind>archive</kind>
         <file>rtsv7M4_T_le_v4SPD16_eabi.lib</file>
         <name>memccpy.c.obj</name>
      </input_file>
      <input_file id="fl-10d">
         <path>C:\ti\ccs1000\ccs\tools\compiler\ti-cgt-arm_20.2.0.LTS\lib\</path>
         <kind>archive</kind>
         <file>rtsv7M4_T_le_v4SPD16_eabi.lib</file>
         <name>strchr.c.obj</name>
      </input_file>
      <input_file id="fl-10e">
         <path>C:\ti\ccs1000\ccs\tools\compiler\ti-cgt-arm_20.2.0.LTS\lib\</path>
         <kind>archive</kind>
         <file>rtsv7M4_T_le_v4SPD16_eabi.lib</file>
         <name>strlen.c.obj</name>
      </input_file>
      <input_file id="fl-10f">
         <path>C:\ti\ccs1000\ccs\tools\compiler\ti-cgt-arm_20.2.0.LTS\lib\</path>
         <kind>archive</kind>
         <file>rtsv7M4_T_le_v4SPD16_eabi.lib</file>
         <name>errno.c.obj</name>
      </input_file>
      <input_file id="fl-110">
         <path>C:\ti\ccs1000\ccs\tools\compiler\ti-cgt-arm_20.2.0.LTS\lib\</path>
         <kind>archive</kind>
         <file>rtsv7M4_T_le_v4SPD16_eabi.lib</file>
         <name>s_frexp.c.obj</name>
      </input_file>
      <input_file id="fl-111">
         <path>C:\ti\ccs1000\ccs\tools\compiler\ti-cgt-arm_20.2.0.LTS\lib\</path>
         <kind>archive</kind>
         <file>rtsv7M4_T_le_v4SPD16_eabi.lib</file>
         <name>s_scalbn.c.obj</name>
      </input_file>
      <input_file id="fl-112">
         <path>C:\ti\ccs1000\ccs\tools\compiler\ti-cgt-arm_20.2.0.LTS\lib\</path>
         <kind>archive</kind>
         <file>rtsv7M4_T_le_v4SPD16_eabi.lib</file>
         <name>s_copysign.c.obj</name>
      </input_file>
      <input_file id="fl-113">
         <path>C:\ti\ccs1000\ccs\tools\compiler\ti-cgt-arm_20.2.0.LTS\lib\</path>
         <kind>archive</kind>
         <file>rtsv7M4_T_le_v4SPD16_eabi.lib</file>
         <name>wcslen.c.obj</name>
      </input_file>
      <input_file id="fl-114">
         <path>C:\ti\ccs1000\ccs\tools\compiler\ti-cgt-arm_20.2.0.LTS\lib\</path>
         <kind>archive</kind>
         <file>rtsv7M4_T_le_v4SPD16_eabi.lib</file>
         <name>div0.asm.obj</name>
      </input_file>
   </input_file_list>
   <object_component_list>
      <object_component id="oc-12">
         <name>.intvecs</name>
         <load_address>0x0</load_address>
         <run_address>0x0</run_address>
         <size>0x26c</size>
         <input_file_ref idref="fl-3"/>
      </object_component>
      <object_component id="oc-159">
         <name>.text</name>
         <load_address>0x26c</load_address>
         <run_address>0x26c</run_address>
         <size>0x1768</size>
         <input_file_ref idref="fl-35"/>
      </object_component>
      <object_component id="oc-14b">
         <name>.text</name>
         <load_address>0x19d4</load_address>
         <run_address>0x19d4</run_address>
         <size>0xf80</size>
         <input_file_ref idref="fl-29"/>
      </object_component>
      <object_component id="oc-151">
         <name>.text</name>
         <load_address>0x2954</load_address>
         <run_address>0x2954</run_address>
         <size>0xb94</size>
         <input_file_ref idref="fl-1d"/>
      </object_component>
      <object_component id="oc-197">
         <name>.text:__TI_printfi</name>
         <load_address>0x34e8</load_address>
         <run_address>0x34e8</run_address>
         <size>0xa4e</size>
         <input_file_ref idref="fl-fb"/>
      </object_component>
      <object_component id="oc-444">
         <name>.text</name>
         <load_address>0x3f36</load_address>
         <run_address>0x3f36</run_address>
         <size>0x2</size>
         <input_file_ref idref="fl-114"/>
      </object_component>
      <object_component id="oc-253">
         <name>.text</name>
         <load_address>0x3f38</load_address>
         <run_address>0x3f38</run_address>
         <size>0x83a</size>
         <input_file_ref idref="fl-10"/>
      </object_component>
      <object_component id="oc-248">
         <name>.text</name>
         <load_address>0x4774</load_address>
         <run_address>0x4774</run_address>
         <size>0x6c8</size>
         <input_file_ref idref="fl-1f"/>
      </object_component>
      <object_component id="oc-23a">
         <name>.text</name>
         <load_address>0x4e3c</load_address>
         <run_address>0x4e3c</run_address>
         <size>0x632</size>
         <input_file_ref idref="fl-2c"/>
      </object_component>
      <object_component id="oc-145">
         <name>.text</name>
         <load_address>0x5470</load_address>
         <run_address>0x5470</run_address>
         <size>0x62e</size>
         <input_file_ref idref="fl-2d"/>
      </object_component>
      <object_component id="oc-16b">
         <name>.text</name>
         <load_address>0x5aa0</load_address>
         <run_address>0x5aa0</run_address>
         <size>0x560</size>
         <input_file_ref idref="fl-b"/>
      </object_component>
      <object_component id="oc-1db">
         <name>.text</name>
         <load_address>0x6000</load_address>
         <run_address>0x6000</run_address>
         <size>0x3c0</size>
         <input_file_ref idref="fl-20"/>
      </object_component>
      <object_component id="oc-29a">
         <name>.text:_pconv_a</name>
         <load_address>0x63c0</load_address>
         <run_address>0x63c0</run_address>
         <size>0x270</size>
         <input_file_ref idref="fl-fb"/>
      </object_component>
      <object_component id="oc-d5">
         <name>.text</name>
         <load_address>0x6630</load_address>
         <run_address>0x6630</run_address>
         <size>0x21c</size>
         <input_file_ref idref="fl-6"/>
      </object_component>
      <object_component id="oc-db">
         <name>.text</name>
         <load_address>0x684c</load_address>
         <run_address>0x684c</run_address>
         <size>0x1f0</size>
         <input_file_ref idref="fl-8"/>
      </object_component>
      <object_component id="oc-288">
         <name>.text:_pconv_g</name>
         <load_address>0x6a3c</load_address>
         <run_address>0x6a3c</run_address>
         <size>0x1d0</size>
         <input_file_ref idref="fl-fb"/>
      </object_component>
      <object_component id="oc-227">
         <name>.text</name>
         <load_address>0x6c0c</load_address>
         <run_address>0x6c0c</run_address>
         <size>0x1b8</size>
         <input_file_ref idref="fl-39"/>
      </object_component>
      <object_component id="oc-39a">
         <name>.text</name>
         <load_address>0x6dc4</load_address>
         <run_address>0x6dc4</run_address>
         <size>0x1b6</size>
         <input_file_ref idref="fl-fc"/>
      </object_component>
      <object_component id="oc-e1">
         <name>.text</name>
         <load_address>0x6f7c</load_address>
         <run_address>0x6f7c</run_address>
         <size>0x1a4</size>
         <input_file_ref idref="fl-9"/>
      </object_component>
      <object_component id="oc-9b">
         <name>.text</name>
         <load_address>0x7120</load_address>
         <run_address>0x7120</run_address>
         <size>0x140</size>
         <input_file_ref idref="fl-2"/>
      </object_component>
      <object_component id="oc-294">
         <name>.text:_pconv_e</name>
         <load_address>0x7260</load_address>
         <run_address>0x7260</run_address>
         <size>0x13c</size>
         <input_file_ref idref="fl-fb"/>
      </object_component>
      <object_component id="oc-380">
         <name>.text</name>
         <load_address>0x739c</load_address>
         <run_address>0x739c</run_address>
         <size>0x136</size>
         <input_file_ref idref="fl-fe"/>
      </object_component>
      <object_component id="oc-20f">
         <name>.text</name>
         <load_address>0x74d2</load_address>
         <run_address>0x74d2</run_address>
         <size>0x12a</size>
         <input_file_ref idref="fl-33"/>
      </object_component>
      <object_component id="oc-209">
         <name>.text</name>
         <load_address>0x75fc</load_address>
         <run_address>0x75fc</run_address>
         <size>0x128</size>
         <input_file_ref idref="fl-37"/>
      </object_component>
      <object_component id="oc-171">
         <name>.text</name>
         <load_address>0x7724</load_address>
         <run_address>0x7724</run_address>
         <size>0x124</size>
         <input_file_ref idref="fl-a"/>
      </object_component>
      <object_component id="oc-3ac">
         <name>.text:fcvt</name>
         <load_address>0x7848</load_address>
         <run_address>0x7848</run_address>
         <size>0x124</size>
         <input_file_ref idref="fl-fb"/>
      </object_component>
      <object_component id="oc-3c0">
         <name>.text:scalbn</name>
         <load_address>0x796c</load_address>
         <run_address>0x796c</run_address>
         <size>0x110</size>
         <input_file_ref idref="fl-111"/>
      </object_component>
      <object_component id="oc-37b">
         <name>.text</name>
         <load_address>0x7a7c</load_address>
         <run_address>0x7a7c</run_address>
         <size>0xfc</size>
         <input_file_ref idref="fl-ff"/>
      </object_component>
      <object_component id="oc-c9">
         <name>.text</name>
         <load_address>0x7b78</load_address>
         <run_address>0x7b78</run_address>
         <size>0xd8</size>
         <input_file_ref idref="fl-f"/>
      </object_component>
      <object_component id="oc-317">
         <name>.text</name>
         <load_address>0x7c50</load_address>
         <run_address>0x7c50</run_address>
         <size>0xd2</size>
         <input_file_ref idref="fl-38"/>
      </object_component>
      <object_component id="oc-27d">
         <name>.text:_ltostr</name>
         <load_address>0x7d24</load_address>
         <run_address>0x7d24</run_address>
         <size>0xb1</size>
         <input_file_ref idref="fl-fb"/>
      </object_component>
      <object_component id="oc-165">
         <name>.text</name>
         <load_address>0x7dd8</load_address>
         <run_address>0x7dd8</run_address>
         <size>0xa8</size>
         <input_file_ref idref="fl-d"/>
      </object_component>
      <object_component id="oc-3b">
         <name>.text</name>
         <load_address>0x7e80</load_address>
         <run_address>0x7e80</run_address>
         <size>0x9c</size>
         <input_file_ref idref="fl-f5"/>
      </object_component>
      <object_component id="oc-374">
         <name>.text</name>
         <load_address>0x7f1c</load_address>
         <run_address>0x7f1c</run_address>
         <size>0x96</size>
         <input_file_ref idref="fl-102"/>
      </object_component>
      <object_component id="oc-283">
         <name>.text:__aeabi_cdcmple</name>
         <load_address>0x7fb2</load_address>
         <run_address>0x7fb2</run_address>
         <size>0x86</size>
         <input_file_ref idref="fl-fd"/>
      </object_component>
      <object_component id="oc-385">
         <name>.text:__aeabi_cdrcmple</name>
         <load_address>0x8038</load_address>
         <run_address>0x8038</run_address>
         <size>0x86</size>
         <input_file_ref idref="fl-fd"/>
      </object_component>
      <object_component id="oc-cf">
         <name>.text</name>
         <load_address>0x80c0</load_address>
         <run_address>0x80c0</run_address>
         <size>0x84</size>
         <input_file_ref idref="fl-5"/>
      </object_component>
      <object_component id="oc-15f">
         <name>.text</name>
         <load_address>0x8144</load_address>
         <run_address>0x8144</run_address>
         <size>0x7c</size>
         <input_file_ref idref="fl-e"/>
      </object_component>
      <object_component id="oc-8f">
         <name>.text</name>
         <load_address>0x81c0</load_address>
         <run_address>0x81c0</run_address>
         <size>0x7a</size>
         <input_file_ref idref="fl-f6"/>
      </object_component>
      <object_component id="oc-3a5">
         <name>.text:_mcpy</name>
         <load_address>0x823a</load_address>
         <run_address>0x823a</run_address>
         <size>0x6e</size>
         <input_file_ref idref="fl-fb"/>
      </object_component>
      <object_component id="oc-15">
         <name>.text:decompress:lzss:__TI_decompress_lzss</name>
         <load_address>0x82a8</load_address>
         <run_address>0x82a8</run_address>
         <size>0x68</size>
         <input_file_ref idref="fl-f9"/>
      </object_component>
      <object_component id="oc-3ba">
         <name>.text:frexp</name>
         <load_address>0x8310</load_address>
         <run_address>0x8310</run_address>
         <size>0x64</size>
         <input_file_ref idref="fl-110"/>
      </object_component>
      <object_component id="oc-28e">
         <name>.text:_pconv_f</name>
         <load_address>0x8374</load_address>
         <run_address>0x8374</run_address>
         <size>0x56</size>
         <input_file_ref idref="fl-fb"/>
      </object_component>
      <object_component id="oc-38f">
         <name>.text:__TI_ltoa</name>
         <load_address>0x83ca</load_address>
         <run_address>0x83ca</run_address>
         <size>0x54</size>
         <input_file_ref idref="fl-108"/>
      </object_component>
      <object_component id="oc-39f">
         <name>.text:_ecpy</name>
         <load_address>0x841e</load_address>
         <run_address>0x841e</run_address>
         <size>0x52</size>
         <input_file_ref idref="fl-fb"/>
      </object_component>
      <object_component id="oc-277">
         <name>.text:atoi</name>
         <load_address>0x8470</load_address>
         <run_address>0x8470</run_address>
         <size>0x4c</size>
         <input_file_ref idref="fl-10a"/>
      </object_component>
      <object_component id="oc-38a">
         <name>.text</name>
         <load_address>0x84bc</load_address>
         <run_address>0x84bc</run_address>
         <size>0x48</size>
         <input_file_ref idref="fl-100"/>
      </object_component>
      <object_component id="oc-102">
         <name>.text:__TI_auto_init_nobinit_nopinit:__TI_auto_init_nobinit_nopinit</name>
         <load_address>0x8504</load_address>
         <run_address>0x8504</run_address>
         <size>0x44</size>
         <input_file_ref idref="fl-103"/>
      </object_component>
      <object_component id="oc-e7">
         <name>.text:sprintf</name>
         <load_address>0x8548</load_address>
         <run_address>0x8548</run_address>
         <size>0x40</size>
         <input_file_ref idref="fl-f4"/>
      </object_component>
      <object_component id="oc-3b2">
         <name>.text:_fcpy</name>
         <load_address>0x8588</load_address>
         <run_address>0x8588</run_address>
         <size>0x3e</size>
         <input_file_ref idref="fl-fb"/>
      </object_component>
      <object_component id="oc-1eb">
         <name>.text</name>
         <load_address>0x85c6</load_address>
         <run_address>0x85c6</run_address>
         <size>0x3e</size>
         <input_file_ref idref="fl-14"/>
      </object_component>
      <object_component id="oc-59">
         <name>.text:_c_int00_noargs:_c_int00_noargs</name>
         <load_address>0x8604</load_address>
         <run_address>0x8604</run_address>
         <size>0x34</size>
         <input_file_ref idref="fl-fa"/>
      </object_component>
      <object_component id="oc-395">
         <name>.text</name>
         <load_address>0x8638</load_address>
         <run_address>0x8638</run_address>
         <size>0x2e</size>
         <input_file_ref idref="fl-101"/>
      </object_component>
      <object_component id="oc-2a0">
         <name>.text:memccpy</name>
         <load_address>0x8666</load_address>
         <run_address>0x8666</run_address>
         <size>0x1c</size>
         <input_file_ref idref="fl-10c"/>
      </object_component>
      <object_component id="oc-45d">
         <name>.text:copysign</name>
         <load_address>0x8682</load_address>
         <run_address>0x8682</run_address>
         <size>0x1a</size>
         <input_file_ref idref="fl-112"/>
      </object_component>
      <object_component id="oc-19d">
         <name>.text:_outs</name>
         <load_address>0x869c</load_address>
         <run_address>0x869c</run_address>
         <size>0x18</size>
         <input_file_ref idref="fl-f4"/>
      </object_component>
      <object_component id="oc-3c6">
         <name>.text:strchr</name>
         <load_address>0x86b4</load_address>
         <run_address>0x86b4</run_address>
         <size>0x16</size>
         <input_file_ref idref="fl-10d"/>
      </object_component>
      <object_component id="oc-271">
         <name>.text:strlen</name>
         <load_address>0x86ca</load_address>
         <run_address>0x86ca</run_address>
         <size>0x14</size>
         <input_file_ref idref="fl-10e"/>
      </object_component>
      <object_component id="oc-2a6">
         <name>.text:wcslen</name>
         <load_address>0x86de</load_address>
         <run_address>0x86de</run_address>
         <size>0x12</size>
         <input_file_ref idref="fl-113"/>
      </object_component>
      <object_component id="oc-1b">
         <name>.text:decompress:none:__TI_decompress_none</name>
         <load_address>0x86f0</load_address>
         <run_address>0x86f0</run_address>
         <size>0xe</size>
         <input_file_ref idref="fl-f8"/>
      </object_component>
      <object_component id="oc-4d">
         <name>.text:decompress:ZI:__TI_zero_init</name>
         <load_address>0x86fe</load_address>
         <run_address>0x86fe</run_address>
         <size>0xc</size>
         <input_file_ref idref="fl-f7"/>
      </object_component>
      <object_component id="oc-27">
         <name>.text</name>
         <load_address>0x870a</load_address>
         <run_address>0x870a</run_address>
         <size>0xc</size>
         <input_file_ref idref="fl-3"/>
      </object_component>
      <object_component id="oc-1a3">
         <name>.text:_outc</name>
         <load_address>0x8716</load_address>
         <run_address>0x8716</run_address>
         <size>0xa</size>
         <input_file_ref idref="fl-f4"/>
      </object_component>
      <object_component id="oc-2ac">
         <name>.text:__aeabi_errno_addr</name>
         <load_address>0x8720</load_address>
         <run_address>0x8720</run_address>
         <size>0x8</size>
         <input_file_ref idref="fl-10f"/>
      </object_component>
      <object_component id="oc-ed">
         <name>.text:SysCtlDelay</name>
         <load_address>0x8728</load_address>
         <run_address>0x8728</run_address>
         <size>0x6</size>
         <input_file_ref idref="fl-29"/>
      </object_component>
      <object_component id="oc-95">
         <name>.text:_system_pre_init</name>
         <load_address>0x872e</load_address>
         <run_address>0x872e</run_address>
         <size>0x4</size>
         <input_file_ref idref="fl-104"/>
      </object_component>
      <object_component id="oc-f6">
         <name>.text:abort:abort</name>
         <load_address>0x8732</load_address>
         <run_address>0x8732</run_address>
         <size>0x4</size>
         <input_file_ref idref="fl-106"/>
      </object_component>
      <object_component id="oc-1f7">
         <name>.const:g_pppui32XTALtoVCO</name>
         <load_address>0x8738</load_address>
         <run_address>0x8738</run_address>
         <size>0x1b0</size>
         <input_file_ref idref="fl-29"/>
      </object_component>
      <object_component id="oc-36f">
         <name>.const:.string:_ctypes_</name>
         <load_address>0x88e8</load_address>
         <run_address>0x88e8</run_address>
         <size>0x101</size>
         <input_file_ref idref="fl-10b"/>
      </object_component>
      <object_component id="oc-182">
         <name>.const:.string:$P$T2$3</name>
         <load_address>0x89e9</load_address>
         <run_address>0x89e9</run_address>
         <size>0x3</size>
         <input_file_ref idref="fl-6"/>
      </object_component>
      <object_component id="oc-1ff">
         <name>.const:g_ppui32GPIOIntMapSnowflake</name>
         <load_address>0x89ec</load_address>
         <run_address>0x89ec</run_address>
         <size>0xd8</size>
         <input_file_ref idref="fl-1d"/>
      </object_component>
      <object_component id="oc-1fc">
         <name>.const:g_ppui32GPIOIntMapBlizzard</name>
         <load_address>0x8ac4</load_address>
         <run_address>0x8ac4</run_address>
         <size>0xc0</size>
         <input_file_ref idref="fl-1d"/>
      </object_component>
      <object_component id="oc-2ed">
         <name>.const:g_pui32Regs</name>
         <load_address>0x8b84</load_address>
         <run_address>0x8b84</run_address>
         <size>0x9c</size>
         <input_file_ref idref="fl-20"/>
      </object_component>
      <object_component id="oc-202">
         <name>.const:g_pui32GPIOBaseAddrs</name>
         <load_address>0x8c20</load_address>
         <run_address>0x8c20</run_address>
         <size>0x90</size>
         <input_file_ref idref="fl-1d"/>
      </object_component>
      <object_component id="oc-1f1">
         <name>.const:g_pui32Xtals</name>
         <load_address>0x8cb0</load_address>
         <run_address>0x8cb0</run_address>
         <size>0x6c</size>
         <input_file_ref idref="fl-29"/>
      </object_component>
      <object_component id="oc-34d">
         <name>.const:g_ppui32TimerIntMap</name>
         <load_address>0x8d1c</load_address>
         <run_address>0x8d1c</run_address>
         <size>0x60</size>
         <input_file_ref idref="fl-2c"/>
      </object_component>
      <object_component id="oc-35d">
         <name>.const:g_ppui32I2CIntMapSnowflake</name>
         <load_address>0x8d7c</load_address>
         <run_address>0x8d7c</run_address>
         <size>0x50</size>
         <input_file_ref idref="fl-1f"/>
      </object_component>
      <object_component id="oc-350">
         <name>.const:g_ppui32TimerIntMapSnowflake</name>
         <load_address>0x8dcc</load_address>
         <run_address>0x8dcc</run_address>
         <size>0x40</size>
         <input_file_ref idref="fl-2c"/>
      </object_component>
      <object_component id="oc-1d5">
         <name>.const:g_ppui32UARTIntMap</name>
         <load_address>0x8e0c</load_address>
         <run_address>0x8e0c</run_address>
         <size>0x40</size>
         <input_file_ref idref="fl-2d"/>
      </object_component>
      <object_component id="oc-1d8">
         <name>.const:g_ppui32UARTIntMapSnowflake</name>
         <load_address>0x8e4c</load_address>
         <run_address>0x8e4c</run_address>
         <size>0x40</size>
         <input_file_ref idref="fl-2d"/>
      </object_component>
      <object_component id="oc-35a">
         <name>.const:g_ppui32I2CIntMap</name>
         <load_address>0x8e8c</load_address>
         <run_address>0x8e8c</run_address>
         <size>0x30</size>
         <input_file_ref idref="fl-1f"/>
      </object_component>
      <object_component id="oc-1e8">
         <name>.const:g_sXTALtoMEMTIM</name>
         <load_address>0x8ebc</load_address>
         <run_address>0x8ebc</run_address>
         <size>0x30</size>
         <input_file_ref idref="fl-29"/>
      </object_component>
      <object_component id="oc-2ea">
         <name>.const:g_pui32Priority</name>
         <load_address>0x8eec</load_address>
         <run_address>0x8eec</run_address>
         <size>0x20</size>
         <input_file_ref idref="fl-20"/>
      </object_component>
      <object_component id="oc-2f3">
         <name>.const:g_pui32Dii16Regs</name>
         <load_address>0x8f0c</load_address>
         <run_address>0x8f0c</run_address>
         <size>0x14</size>
         <input_file_ref idref="fl-20"/>
      </object_component>
      <object_component id="oc-2f0">
         <name>.const:g_pui32EnRegs</name>
         <load_address>0x8f20</load_address>
         <run_address>0x8f20</run_address>
         <size>0x14</size>
         <input_file_ref idref="fl-20"/>
      </object_component>
      <object_component id="oc-2f6">
         <name>.const:g_pui32PendRegs</name>
         <load_address>0x8f34</load_address>
         <run_address>0x8f34</run_address>
         <size>0x14</size>
         <input_file_ref idref="fl-20"/>
      </object_component>
      <object_component id="oc-2f9">
         <name>.const:g_pui32UnpendRegs</name>
         <load_address>0x8f48</load_address>
         <run_address>0x8f48</run_address>
         <size>0x14</size>
         <input_file_ref idref="fl-20"/>
      </object_component>
      <object_component id="oc-1f4">
         <name>.const:g_pui32VCOFrequencies</name>
         <load_address>0x8f5c</load_address>
         <run_address>0x8f5c</run_address>
         <size>0x8</size>
         <input_file_ref idref="fl-29"/>
      </object_component>
      <object_component id="oc-40b">
         <name>.const</name>
         <load_address>0x8f64</load_address>
         <run_address>0x8f64</run_address>
         <size>0x4</size>
         <input_file_ref idref="fl-37"/>
      </object_component>
      <object_component id="oc-17c">
         <name>.const:.string:$P$T0$1</name>
         <load_address>0x8f68</load_address>
         <run_address>0x8f68</run_address>
         <size>0x2</size>
         <input_file_ref idref="fl-6"/>
      </object_component>
      <object_component id="oc-17f">
         <name>.const:.string:$P$T1$2</name>
         <load_address>0x8f6a</load_address>
         <run_address>0x8f6a</run_address>
         <size>0x2</size>
         <input_file_ref idref="fl-6"/>
      </object_component>
      <object_component id="oc-18c">
         <name>.const:.string:$P$T0$1</name>
         <load_address>0x8f6c</load_address>
         <run_address>0x8f6c</run_address>
         <size>0x1</size>
         <input_file_ref idref="fl-9"/>
      </object_component>
      <object_component id="oc-192">
         <name>.const:.string:$P$T1$2</name>
         <load_address>0x8f6d</load_address>
         <run_address>0x8f6d</run_address>
         <size>0x1</size>
         <input_file_ref idref="fl-9"/>
      </object_component>
      <object_component id="oc-4c6">
         <name>.cinit..data.load</name>
         <load_address>0x8f70</load_address>
         <run_address>0x8f70</run_address>
         <size>0x43</size>
      </object_component>
      <object_component id="oc-4c3">
         <name>__TI_handler_table</name>
         <load_address>0x8fb4</load_address>
         <run_address>0x8fb4</run_address>
         <size>0xc</size>
      </object_component>
      <object_component id="oc-4c7">
         <name>.cinit..bss.load</name>
         <load_address>0x8fc0</load_address>
         <run_address>0x8fc0</run_address>
         <size>0x8</size>
      </object_component>
      <object_component id="oc-4c5">
         <name>.cinit..vtable.load</name>
         <load_address>0x8fc8</load_address>
         <run_address>0x8fc8</run_address>
         <size>0x8</size>
      </object_component>
      <object_component id="oc-4c4">
         <name>__TI_cinit_table</name>
         <load_address>0x8fd0</load_address>
         <run_address>0x8fd0</run_address>
         <size>0x18</size>
      </object_component>
      <object_component id="oc-2e7">
         <name>.vtable</name>
         <uninitialized>true</uninitialized>
         <run_address>0x20000000</run_address>
         <size>0x26c</size>
         <input_file_ref idref="fl-20"/>
      </object_component>
      <object_component id="oc-179">
         <name>.data:SensorsI2Cs</name>
         <load_address>0x20007d24</load_address>
         <run_address>0x20007d24</run_address>
         <size>0x2</size>
         <input_file_ref idref="fl-6"/>
      </object_component>
      <object_component id="oc-188">
         <name>.data:arr</name>
         <load_address>0x20007bd8</load_address>
         <run_address>0x20007bd8</run_address>
         <size>0xc8</size>
         <input_file_ref idref="fl-8"/>
      </object_component>
      <object_component id="oc-187">
         <name>.data</name>
         <load_address>0x20007cf0</load_address>
         <run_address>0x20007cf0</run_address>
         <size>0x12</size>
         <input_file_ref idref="fl-8"/>
      </object_component>
      <object_component id="oc-18f">
         <name>.data:SensorSequencer</name>
         <load_address>0x20007d02</load_address>
         <run_address>0x20007d02</run_address>
         <size>0x2</size>
         <input_file_ref idref="fl-9"/>
      </object_component>
      <object_component id="oc-24e">
         <name>.data:I2C_Bases</name>
         <load_address>0x20007d04</load_address>
         <run_address>0x20007d04</run_address>
         <size>0x10</size>
         <input_file_ref idref="fl-b"/>
      </object_component>
      <object_component id="oc-244">
         <name>.data:astrOutputPins</name>
         <load_address>0x20007cd0</load_address>
         <run_address>0x20007cd0</run_address>
         <size>0x20</size>
         <input_file_ref idref="fl-d"/>
      </object_component>
      <object_component id="oc-240">
         <name>.data</name>
         <load_address>0x20007d26</load_address>
         <run_address>0x20007d26</run_address>
         <size>0x1</size>
         <input_file_ref idref="fl-e"/>
      </object_component>
      <object_component id="oc-215">
         <name>.data</name>
         <load_address>0x20007ca0</load_address>
         <run_address>0x20007ca0</run_address>
         <size>0x30</size>
         <input_file_ref idref="fl-35"/>
      </object_component>
      <object_component id="oc-31c">
         <name>.data</name>
         <load_address>0x20007d1c</load_address>
         <run_address>0x20007d1c</run_address>
         <size>0x4</size>
         <input_file_ref idref="fl-37"/>
      </object_component>
      <object_component id="oc-32f">
         <name>.data</name>
         <load_address>0x20007d14</load_address>
         <run_address>0x20007d14</run_address>
         <size>0x8</size>
         <input_file_ref idref="fl-39"/>
      </object_component>
      <object_component id="oc-3d6">
         <name>.data</name>
         <load_address>0x20007d20</load_address>
         <run_address>0x20007d20</run_address>
         <size>0x4</size>
         <input_file_ref idref="fl-10f"/>
      </object_component>
      <object_component id="oc-366">
         <name>.bss:g_pui8OversampleFactor</name>
         <uninitialized>true</uninitialized>
         <run_address>0x200079a4</run_address>
         <size>0x8</size>
         <input_file_ref idref="fl-10"/>
      </object_component>
      <object_component id="oc-218">
         <name>.bss:pxReadyTasksLists</name>
         <uninitialized>true</uninitialized>
         <run_address>0x2000779c</run_address>
         <size>0x140</size>
         <input_file_ref idref="fl-35"/>
      </object_component>
      <object_component id="oc-22d">
         <name>.bss:xDelayedTaskList1</name>
         <uninitialized>true</uninitialized>
         <run_address>0x20007940</run_address>
         <size>0x14</size>
         <input_file_ref idref="fl-35"/>
      </object_component>
      <object_component id="oc-230">
         <name>.bss:xDelayedTaskList2</name>
         <uninitialized>true</uninitialized>
         <run_address>0x20007954</run_address>
         <size>0x14</size>
         <input_file_ref idref="fl-35"/>
      </object_component>
      <object_component id="oc-224">
         <name>.bss</name>
         <uninitialized>true</uninitialized>
         <run_address>0x200079ac</run_address>
         <size>0x8</size>
         <input_file_ref idref="fl-35"/>
      </object_component>
      <object_component id="oc-221">
         <name>.bss:xPendingReadyList</name>
         <uninitialized>true</uninitialized>
         <run_address>0x20007968</run_address>
         <size>0x14</size>
         <input_file_ref idref="fl-35"/>
      </object_component>
      <object_component id="oc-21b">
         <name>.bss:xTasksWaitingTermination</name>
         <uninitialized>true</uninitialized>
         <run_address>0x20007990</run_address>
         <size>0x14</size>
         <input_file_ref idref="fl-35"/>
      </object_component>
      <object_component id="oc-21e">
         <name>.bss:xSuspendedTaskList</name>
         <uninitialized>true</uninitialized>
         <run_address>0x2000797c</run_address>
         <size>0x14</size>
         <input_file_ref idref="fl-35"/>
      </object_component>
      <object_component id="oc-338">
         <name>.bss:ucHeap</name>
         <uninitialized>true</uninitialized>
         <run_address>0x2000026c</run_address>
         <size>0x7530</size>
         <input_file_ref idref="fl-39"/>
      </object_component>
      <object_component id="oc-332">
         <name>.bss:xStart</name>
         <uninitialized>true</uninitialized>
         <run_address>0x200079bc</run_address>
         <size>0x8</size>
         <input_file_ref idref="fl-39"/>
      </object_component>
      <object_component id="oc-335">
         <name>.bss:xEnd</name>
         <uninitialized>true</uninitialized>
         <run_address>0x200079b4</run_address>
         <size>0x8</size>
         <input_file_ref idref="fl-39"/>
      </object_component>
      <object_component id="oc-ee">
         <name>.common:Oxygen_Flow</name>
         <uninitialized>true</uninitialized>
         <run_address>0x200079d2</run_address>
         <size>0x2</size>
      </object_component>
      <object_component id="oc-ef">
         <name>.common:Air_Flow</name>
         <uninitialized>true</uninitialized>
         <run_address>0x200079d0</run_address>
         <size>0x2</size>
      </object_component>
      <object_component id="oc-f0">
         <name>.common:Oxygen_Percentage</name>
         <uninitialized>true</uninitialized>
         <run_address>0x200079d4</run_address>
         <size>0x1</size>
      </object_component>
      <object_component id="oc-f1">
         <name>.common:Oxygen_Pressure</name>
         <uninitialized>true</uninitialized>
         <run_address>0x200079c8</run_address>
         <size>0x4</size>
      </object_component>
      <object_component id="oc-f3">
         <name>.common:Tank_Pressure</name>
         <uninitialized>true</uninitialized>
         <run_address>0x200079cc</run_address>
         <size>0x4</size>
      </object_component>
      <object_component id="oc-f2">
         <name>.common:Air_Pressure</name>
         <uninitialized>true</uninitialized>
         <run_address>0x200079c4</run_address>
         <size>0x4</size>
      </object_component>
      <object_component id="oc-f4">
         <name>.common:S</name>
         <uninitialized>true</uninitialized>
         <run_address>0x200078dc</run_address>
         <size>0x64</size>
      </object_component>
      <object_component id="oc-24">
         <name>.stack</name>
         <uninitialized>true</uninitialized>
         <run_address>0x200079d8</run_address>
         <size>0x4</size>
         <input_file_ref idref="fl-fa"/>
      </object_component>
      <object_component id="oc-4c9">
         <name>.stack</name>
         <uninitialized>true</uninitialized>
         <run_address>0x200079d8</run_address>
         <size>0x0</size>
      </object_component>
      <object_component id="oc-b7">
         <name>.debug_info</name>
         <load_address>0x0</load_address>
         <run_address>0x0</run_address>
         <size>0x537</size>
         <input_file_ref idref="fl-2"/>
      </object_component>
      <object_component id="oc-9c">
         <name>.debug_info</name>
         <load_address>0x537</load_address>
         <run_address>0x537</run_address>
         <size>0x27c</size>
         <input_file_ref idref="fl-2"/>
      </object_component>
      <object_component id="oc-140">
         <name>.debug_info</name>
         <load_address>0x7b3</load_address>
         <run_address>0x7b3</run_address>
         <size>0x2ef</size>
         <input_file_ref idref="fl-2"/>
      </object_component>
      <object_component id="oc-70">
         <name>.debug_info</name>
         <load_address>0xaa2</load_address>
         <run_address>0xaa2</run_address>
         <size>0x26b</size>
         <input_file_ref idref="fl-2"/>
      </object_component>
      <object_component id="oc-b2">
         <name>.debug_info</name>
         <load_address>0xd0d</load_address>
         <run_address>0xd0d</run_address>
         <size>0x8b</size>
         <input_file_ref idref="fl-2"/>
      </object_component>
      <object_component id="oc-1d0">
         <name>.debug_info</name>
         <load_address>0xd98</load_address>
         <run_address>0xd98</run_address>
         <size>0x2c</size>
         <input_file_ref idref="fl-2"/>
      </object_component>
      <object_component id="oc-ad">
         <name>.debug_info</name>
         <load_address>0xdc4</load_address>
         <run_address>0xdc4</run_address>
         <size>0x2a4</size>
         <input_file_ref idref="fl-2"/>
      </object_component>
      <object_component id="oc-1e2">
         <name>.debug_info</name>
         <load_address>0x1068</load_address>
         <run_address>0x1068</run_address>
         <size>0xef</size>
         <input_file_ref idref="fl-2"/>
      </object_component>
      <object_component id="oc-75">
         <name>.debug_info</name>
         <load_address>0x1157</load_address>
         <run_address>0x1157</run_address>
         <size>0xbb</size>
         <input_file_ref idref="fl-2"/>
      </object_component>
      <object_component id="oc-136">
         <name>.debug_info</name>
         <load_address>0x1212</load_address>
         <run_address>0x1212</run_address>
         <size>0x53</size>
         <input_file_ref idref="fl-2"/>
      </object_component>
      <object_component id="oc-1ab">
         <name>.debug_info</name>
         <load_address>0x1265</load_address>
         <run_address>0x1265</run_address>
         <size>0x2c</size>
         <input_file_ref idref="fl-2"/>
      </object_component>
      <object_component id="oc-13b">
         <name>.debug_info</name>
         <load_address>0x1291</load_address>
         <run_address>0x1291</run_address>
         <size>0x14c</size>
         <input_file_ref idref="fl-2"/>
      </object_component>
      <object_component id="oc-2f">
         <name>.debug_info</name>
         <load_address>0x13dd</load_address>
         <run_address>0x13dd</run_address>
         <size>0x2ae</size>
         <input_file_ref idref="fl-3"/>
      </object_component>
      <object_component id="oc-13">
         <name>.debug_info</name>
         <load_address>0x168b</load_address>
         <run_address>0x168b</run_address>
         <size>0xed</size>
         <input_file_ref idref="fl-3"/>
      </object_component>
      <object_component id="oc-28">
         <name>.debug_info</name>
         <load_address>0x1778</load_address>
         <run_address>0x1778</run_address>
         <size>0x269</size>
         <input_file_ref idref="fl-3"/>
      </object_component>
      <object_component id="oc-36">
         <name>.debug_info</name>
         <load_address>0x19e1</load_address>
         <run_address>0x19e1</run_address>
         <size>0x84</size>
         <input_file_ref idref="fl-3"/>
      </object_component>
      <object_component id="oc-178">
         <name>.debug_info</name>
         <load_address>0x1a65</load_address>
         <run_address>0x1a65</run_address>
         <size>0x467</size>
         <input_file_ref idref="fl-5"/>
      </object_component>
      <object_component id="oc-d1">
         <name>.debug_info</name>
         <load_address>0x1ecc</load_address>
         <run_address>0x1ecc</run_address>
         <size>0x434</size>
         <input_file_ref idref="fl-5"/>
      </object_component>
      <object_component id="oc-186">
         <name>.debug_info</name>
         <load_address>0x2300</load_address>
         <run_address>0x2300</run_address>
         <size>0x355</size>
         <input_file_ref idref="fl-6"/>
      </object_component>
      <object_component id="oc-17a">
         <name>.debug_info</name>
         <load_address>0x2655</load_address>
         <run_address>0x2655</run_address>
         <size>0xed</size>
         <input_file_ref idref="fl-6"/>
      </object_component>
      <object_component id="oc-17d">
         <name>.debug_info</name>
         <load_address>0x2742</load_address>
         <run_address>0x2742</run_address>
         <size>0xe5</size>
         <input_file_ref idref="fl-6"/>
      </object_component>
      <object_component id="oc-180">
         <name>.debug_info</name>
         <load_address>0x2827</load_address>
         <run_address>0x2827</run_address>
         <size>0xe5</size>
         <input_file_ref idref="fl-6"/>
      </object_component>
      <object_component id="oc-183">
         <name>.debug_info</name>
         <load_address>0x290c</load_address>
         <run_address>0x290c</run_address>
         <size>0xe5</size>
         <input_file_ref idref="fl-6"/>
      </object_component>
      <object_component id="oc-d9">
         <name>.debug_info</name>
         <load_address>0x29f1</load_address>
         <run_address>0x29f1</run_address>
         <size>0x609</size>
         <input_file_ref idref="fl-6"/>
      </object_component>
      <object_component id="oc-268">
         <name>.debug_info</name>
         <load_address>0x2ffa</load_address>
         <run_address>0x2ffa</run_address>
         <size>0x2c2</size>
         <input_file_ref idref="fl-8"/>
      </object_component>
      <object_component id="oc-189">
         <name>.debug_info</name>
         <load_address>0x32bc</load_address>
         <run_address>0x32bc</run_address>
         <size>0xe1</size>
         <input_file_ref idref="fl-8"/>
      </object_component>
      <object_component id="oc-dc">
         <name>.debug_info</name>
         <load_address>0x339d</load_address>
         <run_address>0x339d</run_address>
         <size>0x652</size>
         <input_file_ref idref="fl-8"/>
      </object_component>
      <object_component id="oc-196">
         <name>.debug_info</name>
         <load_address>0x39ef</load_address>
         <run_address>0x39ef</run_address>
         <size>0x360</size>
         <input_file_ref idref="fl-9"/>
      </object_component>
      <object_component id="oc-190">
         <name>.debug_info</name>
         <load_address>0x3d4f</load_address>
         <run_address>0x3d4f</run_address>
         <size>0x10b</size>
         <input_file_ref idref="fl-9"/>
      </object_component>
      <object_component id="oc-18d">
         <name>.debug_info</name>
         <load_address>0x3e5a</load_address>
         <run_address>0x3e5a</run_address>
         <size>0xfb</size>
         <input_file_ref idref="fl-9"/>
      </object_component>
      <object_component id="oc-193">
         <name>.debug_info</name>
         <load_address>0x3f55</load_address>
         <run_address>0x3f55</run_address>
         <size>0xfb</size>
         <input_file_ref idref="fl-9"/>
      </object_component>
      <object_component id="oc-e4">
         <name>.debug_info</name>
         <load_address>0x4050</load_address>
         <run_address>0x4050</run_address>
         <size>0x6a7</size>
         <input_file_ref idref="fl-9"/>
      </object_component>
      <object_component id="oc-424">
         <name>.debug_info</name>
         <load_address>0x46f7</load_address>
         <run_address>0x46f7</run_address>
         <size>0x606</size>
         <input_file_ref idref="fl-a"/>
      </object_component>
      <object_component id="oc-174">
         <name>.debug_info</name>
         <load_address>0x4cfd</load_address>
         <run_address>0x4cfd</run_address>
         <size>0x508</size>
         <input_file_ref idref="fl-a"/>
      </object_component>
      <object_component id="oc-33d">
         <name>.debug_info</name>
         <load_address>0x5205</load_address>
         <run_address>0x5205</run_address>
         <size>0x110</size>
         <input_file_ref idref="fl-a"/>
      </object_component>
      <object_component id="oc-252">
         <name>.debug_info</name>
         <load_address>0x5315</load_address>
         <run_address>0x5315</run_address>
         <size>0x516</size>
         <input_file_ref idref="fl-b"/>
      </object_component>
      <object_component id="oc-24f">
         <name>.debug_info</name>
         <load_address>0x582b</load_address>
         <run_address>0x582b</run_address>
         <size>0xe2</size>
         <input_file_ref idref="fl-b"/>
      </object_component>
      <object_component id="oc-16f">
         <name>.debug_info</name>
         <load_address>0x590d</load_address>
         <run_address>0x590d</run_address>
         <size>0x108d</size>
         <input_file_ref idref="fl-b"/>
      </object_component>
      <object_component id="oc-359">
         <name>.debug_info</name>
         <load_address>0x699a</load_address>
         <run_address>0x699a</run_address>
         <size>0x351</size>
         <input_file_ref idref="fl-d"/>
      </object_component>
      <object_component id="oc-245">
         <name>.debug_info</name>
         <load_address>0x6ceb</load_address>
         <run_address>0x6ceb</run_address>
         <size>0xe7</size>
         <input_file_ref idref="fl-d"/>
      </object_component>
      <object_component id="oc-167">
         <name>.debug_info</name>
         <load_address>0x6dd2</load_address>
         <run_address>0x6dd2</run_address>
         <size>0x310</size>
         <input_file_ref idref="fl-d"/>
      </object_component>
      <object_component id="oc-42e">
         <name>.debug_info</name>
         <load_address>0x70e2</load_address>
         <run_address>0x70e2</run_address>
         <size>0x5e</size>
         <input_file_ref idref="fl-d"/>
      </object_component>
      <object_component id="oc-241">
         <name>.debug_info</name>
         <load_address>0x7140</load_address>
         <run_address>0x7140</run_address>
         <size>0xe7</size>
         <input_file_ref idref="fl-e"/>
      </object_component>
      <object_component id="oc-162">
         <name>.debug_info</name>
         <load_address>0x7227</load_address>
         <run_address>0x7227</run_address>
         <size>0x37a</size>
         <input_file_ref idref="fl-e"/>
      </object_component>
      <object_component id="oc-158">
         <name>.debug_info</name>
         <load_address>0x75a1</load_address>
         <run_address>0x75a1</run_address>
         <size>0x5c3</size>
         <input_file_ref idref="fl-f"/>
      </object_component>
      <object_component id="oc-cd">
         <name>.debug_info</name>
         <load_address>0x7b64</load_address>
         <run_address>0x7b64</run_address>
         <size>0x4f8</size>
         <input_file_ref idref="fl-f"/>
      </object_component>
      <object_component id="oc-36a">
         <name>.debug_info</name>
         <load_address>0x805c</load_address>
         <run_address>0x805c</run_address>
         <size>0x339</size>
         <input_file_ref idref="fl-10"/>
      </object_component>
      <object_component id="oc-367">
         <name>.debug_info</name>
         <load_address>0x8395</load_address>
         <run_address>0x8395</run_address>
         <size>0xfa</size>
         <input_file_ref idref="fl-10"/>
      </object_component>
      <object_component id="oc-255">
         <name>.debug_info</name>
         <load_address>0x848f</load_address>
         <run_address>0x848f</run_address>
         <size>0x2ce8</size>
         <input_file_ref idref="fl-10"/>
      </object_component>
      <object_component id="oc-1ec">
         <name>.debug_info</name>
         <load_address>0xb177</load_address>
         <run_address>0xb177</run_address>
         <size>0x37b</size>
         <input_file_ref idref="fl-14"/>
      </object_component>
      <object_component id="oc-206">
         <name>.debug_info</name>
         <load_address>0xb4f2</load_address>
         <run_address>0xb4f2</run_address>
         <size>0x363</size>
         <input_file_ref idref="fl-1d"/>
      </object_component>
      <object_component id="oc-1fd">
         <name>.debug_info</name>
         <load_address>0xb855</load_address>
         <run_address>0xb855</run_address>
         <size>0x103</size>
         <input_file_ref idref="fl-1d"/>
      </object_component>
      <object_component id="oc-200">
         <name>.debug_info</name>
         <load_address>0xb958</load_address>
         <run_address>0xb958</run_address>
         <size>0x105</size>
         <input_file_ref idref="fl-1d"/>
      </object_component>
      <object_component id="oc-203">
         <name>.debug_info</name>
         <load_address>0xba5d</load_address>
         <run_address>0xba5d</run_address>
         <size>0xf7</size>
         <input_file_ref idref="fl-1d"/>
      </object_component>
      <object_component id="oc-153">
         <name>.debug_info</name>
         <load_address>0xbb54</load_address>
         <run_address>0xbb54</run_address>
         <size>0x3310</size>
         <input_file_ref idref="fl-1d"/>
      </object_component>
      <object_component id="oc-361">
         <name>.debug_info</name>
         <load_address>0xee64</load_address>
         <run_address>0xee64</run_address>
         <size>0x354</size>
         <input_file_ref idref="fl-1f"/>
      </object_component>
      <object_component id="oc-35b">
         <name>.debug_info</name>
         <load_address>0xf1b8</load_address>
         <run_address>0xf1b8</run_address>
         <size>0xf0</size>
         <input_file_ref idref="fl-1f"/>
      </object_component>
      <object_component id="oc-35e">
         <name>.debug_info</name>
         <load_address>0xf2a8</load_address>
         <run_address>0xf2a8</run_address>
         <size>0x102</size>
         <input_file_ref idref="fl-1f"/>
      </object_component>
      <object_component id="oc-24b">
         <name>.debug_info</name>
         <load_address>0xf3aa</load_address>
         <run_address>0xf3aa</run_address>
         <size>0x2d82</size>
         <input_file_ref idref="fl-1f"/>
      </object_component>
      <object_component id="oc-2fd">
         <name>.debug_info</name>
         <load_address>0x1212c</load_address>
         <run_address>0x1212c</run_address>
         <size>0x340</size>
         <input_file_ref idref="fl-20"/>
      </object_component>
      <object_component id="oc-2eb">
         <name>.debug_info</name>
         <load_address>0x1246c</load_address>
         <run_address>0x1246c</run_address>
         <size>0xf2</size>
         <input_file_ref idref="fl-20"/>
      </object_component>
      <object_component id="oc-2ee">
         <name>.debug_info</name>
         <load_address>0x1255e</load_address>
         <run_address>0x1255e</run_address>
         <size>0xea</size>
         <input_file_ref idref="fl-20"/>
      </object_component>
      <object_component id="oc-2f1">
         <name>.debug_info</name>
         <load_address>0x12648</load_address>
         <run_address>0x12648</run_address>
         <size>0xee</size>
         <input_file_ref idref="fl-20"/>
      </object_component>
      <object_component id="oc-2f4">
         <name>.debug_info</name>
         <load_address>0x12736</load_address>
         <run_address>0x12736</run_address>
         <size>0xf4</size>
         <input_file_ref idref="fl-20"/>
      </object_component>
      <object_component id="oc-2f7">
         <name>.debug_info</name>
         <load_address>0x1282a</load_address>
         <run_address>0x1282a</run_address>
         <size>0xf2</size>
         <input_file_ref idref="fl-20"/>
      </object_component>
      <object_component id="oc-2fa">
         <name>.debug_info</name>
         <load_address>0x1291c</load_address>
         <run_address>0x1291c</run_address>
         <size>0xf6</size>
         <input_file_ref idref="fl-20"/>
      </object_component>
      <object_component id="oc-2e8">
         <name>.debug_info</name>
         <load_address>0x12a12</load_address>
         <run_address>0x12a12</run_address>
         <size>0xf3</size>
         <input_file_ref idref="fl-20"/>
      </object_component>
      <object_component id="oc-1dc">
         <name>.debug_info</name>
         <load_address>0x12b05</load_address>
         <run_address>0x12b05</run_address>
         <size>0xd9d</size>
         <input_file_ref idref="fl-20"/>
      </object_component>
      <object_component id="oc-1fb">
         <name>.debug_info</name>
         <load_address>0x138a2</load_address>
         <run_address>0x138a2</run_address>
         <size>0x3c5</size>
         <input_file_ref idref="fl-29"/>
      </object_component>
      <object_component id="oc-1f2">
         <name>.debug_info</name>
         <load_address>0x13c67</load_address>
         <run_address>0x13c67</run_address>
         <size>0xe9</size>
         <input_file_ref idref="fl-29"/>
      </object_component>
      <object_component id="oc-1f8">
         <name>.debug_info</name>
         <load_address>0x13d50</load_address>
         <run_address>0x13d50</run_address>
         <size>0xf5</size>
         <input_file_ref idref="fl-29"/>
      </object_component>
      <object_component id="oc-1e9">
         <name>.debug_info</name>
         <load_address>0x13e45</load_address>
         <run_address>0x13e45</run_address>
         <size>0xef</size>
         <input_file_ref idref="fl-29"/>
      </object_component>
      <object_component id="oc-1f5">
         <name>.debug_info</name>
         <load_address>0x13f34</load_address>
         <run_address>0x13f34</run_address>
         <size>0xfc</size>
         <input_file_ref idref="fl-29"/>
      </object_component>
      <object_component id="oc-14f">
         <name>.debug_info</name>
         <load_address>0x14030</load_address>
         <run_address>0x14030</run_address>
         <size>0x2d73</size>
         <input_file_ref idref="fl-29"/>
      </object_component>
      <object_component id="oc-30b">
         <name>.debug_info</name>
         <load_address>0x16da3</load_address>
         <run_address>0x16da3</run_address>
         <size>0x51</size>
         <input_file_ref idref="fl-29"/>
      </object_component>
      <object_component id="oc-354">
         <name>.debug_info</name>
         <load_address>0x16df4</load_address>
         <run_address>0x16df4</run_address>
         <size>0x350</size>
         <input_file_ref idref="fl-2c"/>
      </object_component>
      <object_component id="oc-34e">
         <name>.debug_info</name>
         <load_address>0x17144</load_address>
         <run_address>0x17144</run_address>
         <size>0xf6</size>
         <input_file_ref idref="fl-2c"/>
      </object_component>
      <object_component id="oc-351">
         <name>.debug_info</name>
         <load_address>0x1723a</load_address>
         <run_address>0x1723a</run_address>
         <size>0x108</size>
         <input_file_ref idref="fl-2c"/>
      </object_component>
      <object_component id="oc-23b">
         <name>.debug_info</name>
         <load_address>0x17342</load_address>
         <run_address>0x17342</run_address>
         <size>0x2604</size>
         <input_file_ref idref="fl-2c"/>
      </object_component>
      <object_component id="oc-1e7">
         <name>.debug_info</name>
         <load_address>0x19946</load_address>
         <run_address>0x19946</run_address>
         <size>0x345</size>
         <input_file_ref idref="fl-2d"/>
      </object_component>
      <object_component id="oc-1d6">
         <name>.debug_info</name>
         <load_address>0x19c8b</load_address>
         <run_address>0x19c8b</run_address>
         <size>0xf3</size>
         <input_file_ref idref="fl-2d"/>
      </object_component>
      <object_component id="oc-1d9">
         <name>.debug_info</name>
         <load_address>0x19d7e</load_address>
         <run_address>0x19d7e</run_address>
         <size>0x105</size>
         <input_file_ref idref="fl-2d"/>
      </object_component>
      <object_component id="oc-146">
         <name>.debug_info</name>
         <load_address>0x19e83</load_address>
         <run_address>0x19e83</run_address>
         <size>0x28e5</size>
         <input_file_ref idref="fl-2d"/>
      </object_component>
      <object_component id="oc-425">
         <name>.debug_info</name>
         <load_address>0x1c768</load_address>
         <run_address>0x1c768</run_address>
         <size>0x586</size>
         <input_file_ref idref="fl-32"/>
      </object_component>
      <object_component id="oc-47f">
         <name>.debug_info</name>
         <load_address>0x1ccee</load_address>
         <run_address>0x1ccee</run_address>
         <size>0x39</size>
         <input_file_ref idref="fl-32"/>
      </object_component>
      <object_component id="oc-348">
         <name>.debug_info</name>
         <load_address>0x1cd27</load_address>
         <run_address>0x1cd27</run_address>
         <size>0x46</size>
         <input_file_ref idref="fl-32"/>
      </object_component>
      <object_component id="oc-484">
         <name>.debug_info</name>
         <load_address>0x1cd6d</load_address>
         <run_address>0x1cd6d</run_address>
         <size>0x76</size>
         <input_file_ref idref="fl-32"/>
      </object_component>
      <object_component id="oc-322">
         <name>.debug_info</name>
         <load_address>0x1cde3</load_address>
         <run_address>0x1cde3</run_address>
         <size>0x2d6</size>
         <input_file_ref idref="fl-33"/>
      </object_component>
      <object_component id="oc-210">
         <name>.debug_info</name>
         <load_address>0x1d0b9</load_address>
         <run_address>0x1d0b9</run_address>
         <size>0x517</size>
         <input_file_ref idref="fl-33"/>
      </object_component>
      <object_component id="oc-234">
         <name>.debug_info</name>
         <load_address>0x1d5d0</load_address>
         <run_address>0x1d5d0</run_address>
         <size>0x709</size>
         <input_file_ref idref="fl-35"/>
      </object_component>
      <object_component id="oc-216">
         <name>.debug_info</name>
         <load_address>0x1dcd9</load_address>
         <run_address>0x1dcd9</run_address>
         <size>0x2fa</size>
         <input_file_ref idref="fl-35"/>
      </object_component>
      <object_component id="oc-219">
         <name>.debug_info</name>
         <load_address>0x1dfd3</load_address>
         <run_address>0x1dfd3</run_address>
         <size>0xf6</size>
         <input_file_ref idref="fl-35"/>
      </object_component>
      <object_component id="oc-22e">
         <name>.debug_info</name>
         <load_address>0x1e0c9</load_address>
         <run_address>0x1e0c9</run_address>
         <size>0xf6</size>
         <input_file_ref idref="fl-35"/>
      </object_component>
      <object_component id="oc-231">
         <name>.debug_info</name>
         <load_address>0x1e1bf</load_address>
         <run_address>0x1e1bf</run_address>
         <size>0xf6</size>
         <input_file_ref idref="fl-35"/>
      </object_component>
      <object_component id="oc-225">
         <name>.debug_info</name>
         <load_address>0x1e2b5</load_address>
         <run_address>0x1e2b5</run_address>
         <size>0x138</size>
         <input_file_ref idref="fl-35"/>
      </object_component>
      <object_component id="oc-222">
         <name>.debug_info</name>
         <load_address>0x1e3ed</load_address>
         <run_address>0x1e3ed</run_address>
         <size>0xf6</size>
         <input_file_ref idref="fl-35"/>
      </object_component>
      <object_component id="oc-21c">
         <name>.debug_info</name>
         <load_address>0x1e4e3</load_address>
         <run_address>0x1e4e3</run_address>
         <size>0x104</size>
         <input_file_ref idref="fl-35"/>
      </object_component>
      <object_component id="oc-21f">
         <name>.debug_info</name>
         <load_address>0x1e5e7</load_address>
         <run_address>0x1e5e7</run_address>
         <size>0xf8</size>
         <input_file_ref idref="fl-35"/>
      </object_component>
      <object_component id="oc-15b">
         <name>.debug_info</name>
         <load_address>0x1e6df</load_address>
         <run_address>0x1e6df</run_address>
         <size>0x46d3</size>
         <input_file_ref idref="fl-35"/>
      </object_component>
      <object_component id="oc-235">
         <name>.debug_info</name>
         <load_address>0x22db2</load_address>
         <run_address>0x22db2</run_address>
         <size>0x169</size>
         <input_file_ref idref="fl-35"/>
      </object_component>
      <object_component id="oc-320">
         <name>.debug_info</name>
         <load_address>0x22f1b</load_address>
         <run_address>0x22f1b</run_address>
         <size>0x36b</size>
         <input_file_ref idref="fl-37"/>
      </object_component>
      <object_component id="oc-40c">
         <name>.debug_info</name>
         <load_address>0x23286</load_address>
         <run_address>0x23286</run_address>
         <size>0x124</size>
         <input_file_ref idref="fl-37"/>
      </object_component>
      <object_component id="oc-31d">
         <name>.debug_info</name>
         <load_address>0x233aa</load_address>
         <run_address>0x233aa</run_address>
         <size>0x10b</size>
         <input_file_ref idref="fl-37"/>
      </object_component>
      <object_component id="oc-20b">
         <name>.debug_info</name>
         <load_address>0x234b5</load_address>
         <run_address>0x234b5</run_address>
         <size>0x75e</size>
         <input_file_ref idref="fl-37"/>
      </object_component>
      <object_component id="oc-318">
         <name>.debug_info</name>
         <load_address>0x23c13</load_address>
         <run_address>0x23c13</run_address>
         <size>0x259</size>
         <input_file_ref idref="fl-38"/>
      </object_component>
      <object_component id="oc-33c">
         <name>.debug_info</name>
         <load_address>0x23e6c</load_address>
         <run_address>0x23e6c</run_address>
         <size>0x37a</size>
         <input_file_ref idref="fl-39"/>
      </object_component>
      <object_component id="oc-339">
         <name>.debug_info</name>
         <load_address>0x241e6</load_address>
         <run_address>0x241e6</run_address>
         <size>0xf2</size>
         <input_file_ref idref="fl-39"/>
      </object_component>
      <object_component id="oc-333">
         <name>.debug_info</name>
         <load_address>0x242d8</load_address>
         <run_address>0x242d8</run_address>
         <size>0xf2</size>
[...]
         <object_component_ref idref="oc-145"/>
      </symbol>
      <symbol id="sm-7d9">
         <name>UARTCharGet</name>
         <value>0x583b</value>
         <object_component_ref idref="oc-145"/>
      </symbol>
      <symbol id="sm-7da">
         <name>UARTFIFOLevelSet</name>
         <value>0x54fd</value>
         <object_component_ref idref="oc-145"/>
      </symbol>
      <symbol id="sm-7db">
         <name>UARTModemControlClear</name>
         <value>0x573d</value>
         <object_component_ref idref="oc-145"/>
      </symbol>
      <symbol id="sm-7dc">
         <name>UARTParityModeGet</name>
         <value>0x54eb</value>
         <object_component_ref idref="oc-145"/>
      </symbol>
      <symbol id="sm-7dd">
         <name>UARTIntRegister</name>
         <value>0x58db</value>
         <object_component_ref idref="oc-145"/>
      </symbol>
      <symbol id="sm-7de">
         <name>UARTBreakCtl</name>
         <value>0x5893</value>
         <object_component_ref idref="oc-145"/>
      </symbol>
      <symbol id="sm-7df">
         <name>UART9BitAddrSet</name>
         <value>0x5a1b</value>
         <object_component_ref idref="oc-145"/>
      </symbol>
      <symbol id="sm-80c">
         <name>uxListRemove</name>
         <value>0x75b5</value>
         <object_component_ref idref="oc-20f"/>
      </symbol>
      <symbol id="sm-80d">
         <name>vListInsert</name>
         <value>0x754f</value>
         <object_component_ref idref="oc-20f"/>
      </symbol>
      <symbol id="sm-80e">
         <name>vListInitialiseItem</name>
         <value>0x7503</value>
         <object_component_ref idref="oc-20f"/>
      </symbol>
      <symbol id="sm-80f">
         <name>vListInsertEnd</name>
         <value>0x7513</value>
         <object_component_ref idref="oc-20f"/>
      </symbol>
      <symbol id="sm-810">
         <name>vListInitialise</name>
         <value>0x74d3</value>
         <object_component_ref idref="oc-20f"/>
      </symbol>
      <symbol id="sm-9d2">
         <name>vTaskDelay</name>
         <value>0x4c7</value>
         <object_component_ref idref="oc-159"/>
      </symbol>
      <symbol id="sm-9d3">
         <name>vTaskSuspendAll</name>
         <value>0x935</value>
         <object_component_ref idref="oc-159"/>
      </symbol>
      <symbol id="sm-9d4">
         <name>vTaskPriorityInherit</name>
         <value>0x13a9</value>
         <object_component_ref idref="oc-159"/>
      </symbol>
      <symbol id="sm-9d5">
         <name>vTaskPlaceOnEventList</name>
         <value>0xcf9</value>
         <object_component_ref idref="oc-159"/>
      </symbol>
      <symbol id="sm-9d6">
         <name>vTaskSetTaskNumber</name>
         <value>0xf8d</value>
         <object_component_ref idref="oc-159"/>
      </symbol>
      <symbol id="sm-9d7">
         <name>uxTaskPriorityGetFromISR</name>
         <value>0x551</value>
         <object_component_ref idref="oc-159"/>
      </symbol>
      <symbol id="sm-9d8">
         <name>ulTaskNotifyTake</name>
         <value>0x1539</value>
         <object_component_ref idref="oc-159"/>
      </symbol>
      <symbol id="sm-9d9">
         <name>xTaskCheckForTimeOut</name>
         <value>0xee1</value>
         <object_component_ref idref="oc-159"/>
      </symbol>
      <symbol id="sm-9da">
         <name>xTaskRemoveFromUnorderedEventList</name>
         <value>0xe51</value>
         <object_component_ref idref="oc-159"/>
      </symbol>
      <symbol id="sm-9db">
         <name>vTaskPrioritySet</name>
         <value>0x5a9</value>
         <object_component_ref idref="oc-159"/>
      </symbol>
      <symbol id="sm-9dc">
         <name>xTaskPriorityDisinherit</name>
         <value>0x1463</value>
         <object_component_ref idref="oc-159"/>
      </symbol>
      <symbol id="sm-9dd">
         <name>vTaskStartScheduler</name>
         <value>0x8c1</value>
         <object_component_ref idref="oc-159"/>
      </symbol>
      <symbol id="sm-9de">
         <name>xTaskNotifyStateClear</name>
         <value>0x1983</value>
         <object_component_ref idref="oc-159"/>
      </symbol>
      <symbol id="sm-9df">
         <name>pvTaskIncrementMutexHeldCount</name>
         <value>0x1521</value>
         <object_component_ref idref="oc-159"/>
      </symbol>
      <symbol id="sm-9e0">
         <name>uxTaskGetStackHighWaterMark</name>
         <value>0x12fd</value>
         <object_component_ref idref="oc-159"/>
      </symbol>
      <symbol id="sm-9e1">
         <name>xTaskGenericNotify</name>
         <value>0x16e3</value>
         <object_component_ref idref="oc-159"/>
      </symbol>
      <symbol id="sm-9e2">
         <name>vTaskDelayUntil</name>
         <value>0x41f</value>
         <object_component_ref idref="oc-159"/>
      </symbol>
      <symbol id="sm-9e3">
         <name>uxTaskGetTaskNumber</name>
         <value>0xf6d</value>
         <object_component_ref idref="oc-159"/>
      </symbol>
      <symbol id="sm-9e4">
         <name>vTaskEndScheduler</name>
         <value>0x919</value>
         <object_component_ref idref="oc-159"/>
      </symbol>
      <symbol id="sm-9e5">
         <name>xTaskNotifyWait</name>
         <value>0x15fd</value>
         <object_component_ref idref="oc-159"/>
      </symbol>
      <symbol id="sm-9e6">
         <name>vTaskMissedYield</name>
         <value>0xf5b</value>
         <object_component_ref idref="oc-159"/>
      </symbol>
      <symbol id="sm-9e7">
         <name>uxTaskGetNumberOfTasks</name>
         <value>0xa49</value>
         <object_component_ref idref="oc-159"/>
      </symbol>
      <symbol id="sm-9e8">
         <name>xTaskGenericNotifyFromISR</name>
         <value>0x17d5</value>
         <object_component_ref idref="oc-159"/>
      </symbol>
      <symbol id="sm-9e9">
         <name>uxTaskPriorityGet</name>
         <value>0x523</value>
         <object_component_ref idref="oc-159"/>
      </symbol>
      <symbol id="sm-9ea">
         <name>xTaskResumeAll</name>
         <value>0x94d</value>
         <object_component_ref idref="oc-159"/>
      </symbol>
      <symbol id="sm-9eb">
         <name>xTaskGetTickCount</name>
         <value>0xa21</value>
         <object_component_ref idref="oc-159"/>
      </symbol>
      <symbol id="sm-9ec">
         <name>xTaskGenericCreate</name>
         <value>0x26d</value>
         <object_component_ref idref="oc-159"/>
      </symbol>
      <symbol id="sm-9ed">
         <name>uxTaskGetSystemState</name>
         <value>0xa55</value>
         <object_component_ref idref="oc-159"/>
      </symbol>
      <symbol id="sm-9ee">
         <name>vTaskDelete</name>
         <value>0x383</value>
         <object_component_ref idref="oc-159"/>
      </symbol>
      <symbol id="sm-9ef">
         <name>pxCurrentTCB</name>
         <value>0x20007ca0</value>
         <object_component_ref idref="oc-215"/>
      </symbol>
      <symbol id="sm-9f0">
         <name>vTaskNotifyGiveFromISR</name>
         <value>0x18dd</value>
         <object_component_ref idref="oc-159"/>
      </symbol>
      <symbol id="sm-9f1">
         <name>vTaskSuspend</name>
         <value>0x6bd</value>
         <object_component_ref idref="oc-159"/>
      </symbol>
      <symbol id="sm-9f2">
         <name>xTaskGetTickCountFromISR</name>
         <value>0xa31</value>
         <object_component_ref idref="oc-159"/>
      </symbol>
      <symbol id="sm-9f3">
         <name>vTaskResume</name>
         <value>0x7af</value>
         <object_component_ref idref="oc-159"/>
      </symbol>
      <symbol id="sm-9f4">
         <name>vTaskSetTimeOutState</name>
         <value>0xec3</value>
         <object_component_ref idref="oc-159"/>
      </symbol>
      <symbol id="sm-9f5">
         <name>xTaskIncrementTick</name>
         <value>0xb29</value>
         <object_component_ref idref="oc-159"/>
      </symbol>
      <symbol id="sm-9f6">
         <name>vTaskSwitchContext</name>
         <value>0xc4d</value>
         <object_component_ref idref="oc-159"/>
      </symbol>
      <symbol id="sm-9f7">
         <name>uxTaskResetEventItemValue</name>
         <value>0x14ff</value>
         <object_component_ref idref="oc-159"/>
      </symbol>
      <symbol id="sm-9f8">
         <name>xTaskResumeFromISR</name>
         <value>0x831</value>
         <object_component_ref idref="oc-159"/>
      </symbol>
      <symbol id="sm-9f9">
         <name>xTaskGetCurrentTaskHandle</name>
         <value>0x138b</value>
         <object_component_ref idref="oc-159"/>
      </symbol>
      <symbol id="sm-9fa">
         <name>vTaskPlaceOnUnorderedEventList</name>
         <value>0xd61</value>
         <object_component_ref idref="oc-159"/>
      </symbol>
      <symbol id="sm-9fb">
         <name>xTaskRemoveFromEventList</name>
         <value>0xdd5</value>
         <object_component_ref idref="oc-159"/>
      </symbol>
      <symbol id="sm-a2a">
         <name>ulMaxSyscallInterruptPriority</name>
         <value>0x8f64</value>
         <object_component_ref idref="oc-40b"/>
      </symbol>
      <symbol id="sm-a2b">
         <name>vPortSetupTimerInterrupt</name>
         <value>0x76f7</value>
         <object_component_ref idref="oc-209"/>
      </symbol>
      <symbol id="sm-a2c">
         <name>vPortEndScheduler</name>
         <value>0x7699</value>
         <object_component_ref idref="oc-209"/>
      </symbol>
      <symbol id="sm-a2d">
         <name>xPortSysTickHandler</name>
         <value>0x76d1</value>
         <object_component_ref idref="oc-209"/>
      </symbol>
      <symbol id="sm-a2e">
         <name>pxPortInitialiseStack</name>
         <value>0x75fd</value>
         <object_component_ref idref="oc-209"/>
      </symbol>
      <symbol id="sm-a2f">
         <name>vPortExitCritical</name>
         <value>0x76bb</value>
         <object_component_ref idref="oc-209"/>
      </symbol>
      <symbol id="sm-a30">
         <name>xPortStartScheduler</name>
         <value>0x7663</value>
         <object_component_ref idref="oc-209"/>
      </symbol>
      <symbol id="sm-a31">
         <name>vPortEnterCritical</name>
         <value>0x769b</value>
         <object_component_ref idref="oc-209"/>
      </symbol>
      <symbol id="sm-a40">
         <name>vPortStartFirstTask</name>
         <value>0x7cf9</value>
         <object_component_ref idref="oc-317"/>
      </symbol>
      <symbol id="sm-a41">
         <name>ulPortGetIPSR</name>
         <value>0x7c61</value>
         <object_component_ref idref="oc-317"/>
      </symbol>
      <symbol id="sm-a42">
         <name>vPortEnableVFP</name>
         <value>0x7d15</value>
         <object_component_ref idref="oc-317"/>
      </symbol>
      <symbol id="sm-a43">
         <name>xPortPendSVHandler</name>
         <value>0x7c79</value>
         <object_component_ref idref="oc-317"/>
      </symbol>
      <symbol id="sm-a44">
         <name>vPortSVCHandler</name>
         <value>0x7cd9</value>
         <object_component_ref idref="oc-317"/>
      </symbol>
      <symbol id="sm-a8b">
         <name>vPortInitialiseBlocks</name>
         <value>0x6d69</value>
         <object_component_ref idref="oc-227"/>
      </symbol>
      <symbol id="sm-a8c">
         <name>xPortGetFreeHeapSize</name>
         <value>0x6d63</value>
         <object_component_ref idref="oc-227"/>
      </symbol>
      <symbol id="sm-a8d">
         <name>pvPortMalloc</name>
         <value>0x6c0d</value>
         <object_component_ref idref="oc-227"/>
      </symbol>
      <symbol id="sm-a8e">
         <name>vPortFree</name>
         <value>0x6d05</value>
         <object_component_ref idref="oc-227"/>
      </symbol>
      <symbol id="sm-ab6">
         <name>sprintf</name>
         <value>0x8549</value>
         <object_component_ref idref="oc-e7"/>
      </symbol>
      <symbol id="sm-ad1">
         <name>memcpy</name>
         <value>0x7e81</value>
         <object_component_ref idref="oc-3b"/>
      </symbol>
      <symbol id="sm-ad2">
         <name>__aeabi_memcpy</name>
         <value>0x7e81</value>
         <object_component_ref idref="oc-3b"/>
      </symbol>
      <symbol id="sm-ad3">
         <name>__aeabi_memcpy8</name>
         <value>0x7e81</value>
         <object_component_ref idref="oc-3b"/>
      </symbol>
      <symbol id="sm-ad4">
         <name>__aeabi_memcpy4</name>
         <value>0x7e81</value>
         <object_component_ref idref="oc-3b"/>
      </symbol>
      <symbol id="sm-ae3">
         <name>__aeabi_memset</name>
         <value>0x81c3</value>
         <object_component_ref idref="oc-8f"/>
      </symbol>
      <symbol id="sm-ae4">
         <name>memset</name>
         <value>0x81c9</value>
         <object_component_ref idref="oc-8f"/>
      </symbol>
      <symbol id="sm-ae5">
         <name>__aeabi_memset8</name>
         <value>0x81c3</value>
         <object_component_ref idref="oc-8f"/>
      </symbol>
      <symbol id="sm-ae6">
         <name>__aeabi_memset4</name>
         <value>0x81c3</value>
         <object_component_ref idref="oc-8f"/>
      </symbol>
      <symbol id="sm-ae7">
         <name>__aeabi_memclr8</name>
         <value>0x81c1</value>
         <object_component_ref idref="oc-8f"/>
      </symbol>
      <symbol id="sm-ae8">
         <name>__aeabi_memclr4</name>
         <value>0x81c1</value>
         <object_component_ref idref="oc-8f"/>
      </symbol>
      <symbol id="sm-ae9">
         <name>__aeabi_memclr</name>
         <value>0x81c1</value>
         <object_component_ref idref="oc-8f"/>
      </symbol>
      <symbol id="sm-b00">
         <name>__TI_zero_init</name>
         <value>0x86ff</value>
         <object_component_ref idref="oc-4d"/>
      </symbol>
      <symbol id="sm-b17">
         <name>__TI_decompress_none</name>
         <value>0x86f1</value>
         <object_component_ref idref="oc-1b"/>
      </symbol>
      <symbol id="sm-b3a">
         <name>__TI_decompress_lzss</name>
         <value>0x82a9</value>
         <object_component_ref idref="oc-15"/>
      </symbol>
      <symbol id="sm-b4d">
         <name>__stack</name>
         <value>0x200079d8</value>
         <object_component_ref idref="oc-24"/>
      </symbol>
      <symbol id="sm-b4e">
         <name>_c_int00_noargs</name>
         <value>0x8605</value>
         <object_component_ref idref="oc-59"/>
      </symbol>
      <symbol id="sm-cb3">
         <name>__TI_printfi</name>
         <value>0x34e9</value>
         <object_component_ref idref="oc-197"/>
      </symbol>
      <symbol id="sm-cca">
         <name>__aeabi_dsub</name>
         <value>0x6dc5</value>
         <object_component_ref idref="oc-39a"/>
      </symbol>
      <symbol id="sm-ccb">
         <name>__aeabi_dadd</name>
         <value>0x6dcf</value>
         <object_component_ref idref="oc-39a"/>
      </symbol>
      <symbol id="sm-ced">
         <name>__aeabi_cdcmpeq</name>
         <value>0x7fb3</value>
         <object_component_ref idref="oc-283"/>
      </symbol>
      <symbol id="sm-cee">
         <name>__aeabi_cdcmple</name>
         <value>0x7fb3</value>
         <object_component_ref idref="oc-283"/>
      </symbol>
      <symbol id="sm-cef">
         <name>__aeabi_cdrcmple</name>
         <value>0x8039</value>
         <object_component_ref idref="oc-385"/>
      </symbol>
      <symbol id="sm-d03">
         <name>__aeabi_ddiv</name>
         <value>0x739d</value>
         <object_component_ref idref="oc-380"/>
      </symbol>
      <symbol id="sm-d0e">
         <name>__aeabi_dmul</name>
         <value>0x7a7d</value>
         <object_component_ref idref="oc-37b"/>
      </symbol>
      <symbol id="sm-d18">
         <name>__aeabi_d2iz</name>
         <value>0x84bd</value>
         <object_component_ref idref="oc-38a"/>
      </symbol>
      <symbol id="sm-d22">
         <name>__aeabi_i2d</name>
         <value>0x8639</value>
         <object_component_ref idref="oc-395"/>
      </symbol>
      <symbol id="sm-d2f">
         <name>__aeabi_uldivmod</name>
         <value>0x7f1d</value>
         <object_component_ref idref="oc-374"/>
      </symbol>
      <symbol id="sm-d57">
         <name>__TI_auto_init_nobinit_nopinit</name>
         <value>0x8505</value>
         <object_component_ref idref="oc-102"/>
      </symbol>
      <symbol id="sm-d61">
         <name>_system_pre_init</name>
         <value>0x872f</value>
         <object_component_ref idref="oc-95"/>
      </symbol>
      <symbol id="sm-d6d">
         <name>C$$EXIT</name>
         <value>0x8733</value>
         <object_component_ref idref="oc-f6"/>
      </symbol>
      <symbol id="sm-d6e">
         <name>abort</name>
         <value>0x8733</value>
         <object_component_ref idref="oc-f6"/>
      </symbol>
      <symbol id="sm-d7e">
         <name>__TI_ltoa</name>
         <value>0x83cb</value>
         <object_component_ref idref="oc-38f"/>
      </symbol>
      <symbol id="sm-d95">
         <name>atoi</name>
         <value>0x8471</value>
         <object_component_ref idref="oc-277"/>
      </symbol>
      <symbol id="sm-da0">
         <name>_ctypes_</name>
         <value>0x88e8</value>
         <object_component_ref idref="oc-36f"/>
      </symbol>
      <symbol id="sm-db0">
         <name>memccpy</name>
         <value>0x8667</value>
         <object_component_ref idref="oc-2a0"/>
      </symbol>
      <symbol id="sm-dc0">
         <name>strchr</name>
         <value>0x86b5</value>
         <object_component_ref idref="oc-3c6"/>
      </symbol>
      <symbol id="sm-dce">
         <name>strlen</name>
         <value>0x86cb</value>
         <object_component_ref idref="oc-271"/>
      </symbol>
      <symbol id="sm-de4">
         <name>__aeabi_errno_addr</name>
         <value>0x8721</value>
         <object_component_ref idref="oc-2ac"/>
      </symbol>
      <symbol id="sm-de5">
         <name>errno</name>
         <value>0x20007d20</value>
         <object_component_ref idref="oc-3d6"/>
      </symbol>
      <symbol id="sm-e05">
         <name>frexpl</name>
         <value>0x8311</value>
         <object_component_ref idref="oc-3ba"/>
      </symbol>
      <symbol id="sm-e06">
         <name>frexp</name>
         <value>0x8311</value>
         <object_component_ref idref="oc-3ba"/>
      </symbol>
      <symbol id="sm-e23">
         <name>scalbn</name>
         <value>0x796d</value>
         <object_component_ref idref="oc-3c0"/>
      </symbol>
      <symbol id="sm-e24">
         <name>scalbnl</name>
         <value>0x796d</value>
         <object_component_ref idref="oc-3c0"/>
      </symbol>
      <symbol id="sm-e25">
         <name>ldexpl</name>
         <value>0x796d</value>
         <object_component_ref idref="oc-3c0"/>
      </symbol>
      <symbol id="sm-e26">
         <name>ldexp</name>
         <value>0x796d</value>
         <object_component_ref idref="oc-3c0"/>
      </symbol>
      <symbol id="sm-e30">
         <name>copysign</name>
         <value>0x8683</value>
         <object_component_ref idref="oc-45d"/>
      </symbol>
      <symbol id="sm-e31">
         <name>copysignl</name>
         <value>0x8683</value>
         <object_component_ref idref="oc-45d"/>
      </symbol>
      <symbol id="sm-e4a">
         <name>wcslen</name>
         <value>0x86df</value>
         <object_component_ref idref="oc-2a6"/>
      </symbol>
      <symbol id="sm-e54">
         <name>__aeabi_idiv0</name>
         <value>0x3f37</value>
         <object_component_ref idref="oc-444"/>
      </symbol>
      <symbol id="sm-e55">
         <name>__aeabi_ldiv0</name>
         <value>0x3f37</value>
         <object_component_ref idref="oc-444"/>
      </symbol>
      <symbol id="sm-e56">
         <name>__TI_static_base__</name>
         <value>0x0</value>
      </symbol>
      <symbol id="sm-e59">
         <name>__mpu_init</name>
         <value>0x0</value>
      </symbol>
      <symbol id="sm-e5a">
         <name>_system_post_cinit</name>
         <value>0x0</value>
      </symbol>
   </symbol_table>
   <title>Link successful</title>
</link_info>
